 hexacopter_sfun

 Timestamp is 5405f17e (Tue Sep 02 18:34:06 2014)

 Preferred load address is 0000000180000000

 Start         Length     Name                   Class
 0001:00000000 0004f4d4H .text                   CODE
 0001:0004f4e0 00000092H .text$x                 CODE
 0002:00000000 00000488H .idata$5                DATA
 0002:00000488 00000008H .CRT$XCA                DATA
 0002:00000490 00000008H .CRT$XCZ                DATA
 0002:00000498 00000008H .CRT$XIA                DATA
 0002:000004a0 00000008H .CRT$XIAA               DATA
 0002:000004a8 00000008H .CRT$XIZ                DATA
 0002:000004b0 0000080cH .rdata                  DATA
 0002:00000cc0 00000008H .rtc$IAA                DATA
 0002:00000cc8 00000008H .rtc$IZZ                DATA
 0002:00000cd0 00000008H .rtc$TAA                DATA
 0002:00000cd8 00000008H .rtc$TZZ                DATA
 0002:00000ce0 00001454H .xdata                  DATA
 0002:00002134 0000008cH .idata$2                DATA
 0002:000021c0 00000014H .idata$3                DATA
 0002:000021d8 00000488H .idata$4                DATA
 0002:00002660 00000c78H .idata$6                DATA
 0002:000032e0 00000055H .edata                  DATA
 0003:00000000 00016478H .data                   DATA
 0003:00016480 00000738H .bss                    DATA
 0004:00000000 0000189cH .pdata                  DATA

  Address         Publics by Value              Rva+Base               Lib:Object

 0000:00000000       ___safe_se_handler_count   0000000000000000     <absolute>
 0000:00000000       ___safe_se_handler_table   0000000000000000     <absolute>
 0000:00000000       __ImageBase                0000000180000000     <linker-defined>
 0001:00000000       hexacopter_initializer     0000000180001000 f   hexacopter_sfun.obj
 0001:00000010       hexacopter_terminator      0000000180001010 f   hexacopter_sfun.obj
 0001:00000020       sf_hexacopter_method_dispatcher 0000000180001020 f   hexacopter_sfun.obj
 0001:00000160       sf_hexacopter_process_check_sum_call 0000000180001160 f   hexacopter_sfun.obj
 0001:00000620       sf_hexacopter_autoinheritance_info 0000000180001620 f   hexacopter_sfun.obj
 0001:000009c0       sf_hexacopter_get_eml_resolved_functions_info 00000001800019c0 f   hexacopter_sfun.obj
 0001:00000cc0       sf_hexacopter_third_party_uses_info 0000000180001cc0 f   hexacopter_sfun.obj
 0001:00000f80       sf_hexacopter_updateBuildInfo_args_info 0000000180001f80 f   hexacopter_sfun.obj
 0001:00001240       hexacopter_debug_initialize 0000000180002240 f   hexacopter_sfun.obj
 0001:000012c0       hexacopter_register_exported_symbols 00000001800022c0 f   hexacopter_sfun.obj
 0001:000012d0       load_hexacopter_optimization_info 00000001800022d0 f   hexacopter_sfun.obj
 0001:00001320       unload_hexacopter_optimization_info 0000000180002320 f   hexacopter_sfun.obj
 0001:00001350       sf_c1_hexacopter_get_eml_resolved_functions_info 0000000180002350 f   c1_hexacopter.obj
 0001:00004f30       sf_c1_hexacopter_get_check_sum 0000000180005f30 f   c1_hexacopter.obj
 0001:00004fb0       sf_c1_hexacopter_get_autoinheritance_info 0000000180005fb0 f   c1_hexacopter.obj
 0001:00005520       sf_c1_hexacopter_third_party_uses_info 0000000180006520 f   c1_hexacopter.obj
 0001:00005550       sf_c1_hexacopter_updateBuildInfo_args_info 0000000180006550 f   c1_hexacopter.obj
 0001:00005580       sf_internal_get_sim_state_c1_hexacopter 0000000180006580 f   c1_hexacopter.obj
 0001:00005950       sf_internal_set_sim_state_c1_hexacopter 0000000180006950 f   c1_hexacopter.obj
 0001:00005de0       c1_hexacopter_method_dispatcher 0000000180006de0 f   c1_hexacopter.obj
 0001:00008b50       sf_c2_hexacopter_get_eml_resolved_functions_info 0000000180009b50 f   c2_hexacopter.obj
 0001:0000dad0       sf_c2_hexacopter_get_check_sum 000000018000ead0 f   c2_hexacopter.obj
 0001:0000db50       sf_c2_hexacopter_get_autoinheritance_info 000000018000eb50 f   c2_hexacopter.obj
 0001:0000e210       sf_c2_hexacopter_third_party_uses_info 000000018000f210 f   c2_hexacopter.obj
 0001:0000e240       sf_c2_hexacopter_updateBuildInfo_args_info 000000018000f240 f   c2_hexacopter.obj
 0001:0000e270       sf_internal_get_sim_state_c2_hexacopter 000000018000f270 f   c2_hexacopter.obj
 0001:0000e880       sf_internal_set_sim_state_c2_hexacopter 000000018000f880 f   c2_hexacopter.obj
 0001:0000ee70       c2_hexacopter_method_dispatcher 000000018000fe70 f   c2_hexacopter.obj
 0001:00011b80       sf_c4_hexacopter_get_eml_resolved_functions_info 0000000180012b80 f   c4_hexacopter.obj
 0001:00015760       sf_c4_hexacopter_get_check_sum 0000000180016760 f   c4_hexacopter.obj
 0001:000157e0       sf_c4_hexacopter_get_autoinheritance_info 00000001800167e0 f   c4_hexacopter.obj
 0001:00015fe0       sf_c4_hexacopter_third_party_uses_info 0000000180016fe0 f   c4_hexacopter.obj
 0001:00016010       sf_c4_hexacopter_updateBuildInfo_args_info 0000000180017010 f   c4_hexacopter.obj
 0001:00016040       sf_internal_get_sim_state_c4_hexacopter 0000000180017040 f   c4_hexacopter.obj
 0001:00016810       sf_internal_set_sim_state_c4_hexacopter 0000000180017810 f   c4_hexacopter.obj
 0001:00017260       c4_hexacopter_method_dispatcher 0000000180018260 f   c4_hexacopter.obj
 0001:0001b280       sf_c5_hexacopter_get_eml_resolved_functions_info 000000018001c280 f   c5_hexacopter.obj
 0001:00020200       sf_c5_hexacopter_get_check_sum 0000000180021200 f   c5_hexacopter.obj
 0001:00020280       sf_c5_hexacopter_get_autoinheritance_info 0000000180021280 f   c5_hexacopter.obj
 0001:00020940       sf_c5_hexacopter_third_party_uses_info 0000000180021940 f   c5_hexacopter.obj
 0001:00020970       sf_c5_hexacopter_updateBuildInfo_args_info 0000000180021970 f   c5_hexacopter.obj
 0001:000209a0       sf_internal_get_sim_state_c5_hexacopter 00000001800219a0 f   c5_hexacopter.obj
 0001:00020e90       sf_internal_set_sim_state_c5_hexacopter 0000000180021e90 f   c5_hexacopter.obj
 0001:00021310       c5_hexacopter_method_dispatcher 0000000180022310 f   c5_hexacopter.obj
 0001:00023bb0       sf_c6_hexacopter_get_eml_resolved_functions_info 0000000180024bb0 f   c6_hexacopter.obj
 0001:000241b0       sf_c6_hexacopter_get_check_sum 00000001800251b0 f   c6_hexacopter.obj
 0001:00024230       sf_c6_hexacopter_get_autoinheritance_info 0000000180025230 f   c6_hexacopter.obj
 0001:00024b80       sf_c6_hexacopter_third_party_uses_info 0000000180025b80 f   c6_hexacopter.obj
 0001:00024bb0       sf_c6_hexacopter_updateBuildInfo_args_info 0000000180025bb0 f   c6_hexacopter.obj
 0001:00024be0       sf_internal_get_sim_state_c6_hexacopter 0000000180025be0 f   c6_hexacopter.obj
 0001:000258c0       sf_internal_set_sim_state_c6_hexacopter 00000001800268c0 f   c6_hexacopter.obj
 0001:00026b00       c6_hexacopter_method_dispatcher 0000000180027b00 f   c6_hexacopter.obj
 0001:0002cd70       sf_c7_hexacopter_get_eml_resolved_functions_info 000000018002dd70 f   c7_hexacopter.obj
 0001:00034690       sf_c7_hexacopter_get_check_sum 0000000180035690 f   c7_hexacopter.obj
 0001:00034710       sf_c7_hexacopter_get_autoinheritance_info 0000000180035710 f   c7_hexacopter.obj
 0001:00034dd0       sf_c7_hexacopter_third_party_uses_info 0000000180035dd0 f   c7_hexacopter.obj
 0001:00034e00       sf_c7_hexacopter_updateBuildInfo_args_info 0000000180035e00 f   c7_hexacopter.obj
 0001:00034e30       sf_internal_get_sim_state_c7_hexacopter 0000000180035e30 f   c7_hexacopter.obj
 0001:000356b0       sf_internal_set_sim_state_c7_hexacopter 00000001800366b0 f   c7_hexacopter.obj
 0001:000363f0       c7_hexacopter_method_dispatcher 00000001800373f0 f   c7_hexacopter.obj
 0001:0003bb60       sf_c8_hexacopter_get_eml_resolved_functions_info 000000018003cb60 f   c8_hexacopter.obj
 0001:0003bbe0       sf_c8_hexacopter_get_check_sum 000000018003cbe0 f   c8_hexacopter.obj
 0001:0003bc60       sf_c8_hexacopter_get_autoinheritance_info 000000018003cc60 f   c8_hexacopter.obj
 0001:0003c450       sf_c8_hexacopter_third_party_uses_info 000000018003d450 f   c8_hexacopter.obj
 0001:0003c480       sf_c8_hexacopter_updateBuildInfo_args_info 000000018003d480 f   c8_hexacopter.obj
 0001:0003c4b0       sf_internal_get_sim_state_c8_hexacopter 000000018003d4b0 f   c8_hexacopter.obj
 0001:0003c890       sf_internal_set_sim_state_c8_hexacopter 000000018003d890 f   c8_hexacopter.obj
 0001:0003cd50       c8_hexacopter_method_dispatcher 000000018003dd50 f   c8_hexacopter.obj
 0001:00040010       sf_c9_hexacopter_get_eml_resolved_functions_info 0000000180041010 f   c9_hexacopter.obj
 0001:00043bf0       sf_c9_hexacopter_get_check_sum 0000000180044bf0 f   c9_hexacopter.obj
 0001:00043c70       sf_c9_hexacopter_get_autoinheritance_info 0000000180044c70 f   c9_hexacopter.obj
 0001:000441e0       sf_c9_hexacopter_third_party_uses_info 00000001800451e0 f   c9_hexacopter.obj
 0001:00044210       sf_c9_hexacopter_updateBuildInfo_args_info 0000000180045210 f   c9_hexacopter.obj
 0001:00044240       sf_internal_get_sim_state_c9_hexacopter 0000000180045240 f   c9_hexacopter.obj
 0001:00044750       sf_internal_set_sim_state_c9_hexacopter 0000000180045750 f   c9_hexacopter.obj
 0001:00044e00       c9_hexacopter_method_dispatcher 0000000180045e00 f   c9_hexacopter.obj
 0001:00048320       sf_process_check_sum_call  0000000180049320 f   hexacopter_sfun_registry.obj
 0001:00048370       sf_process_autoinheritance_call 0000000180049370 f   hexacopter_sfun_registry.obj
 0001:00048510       sf_process_get_third_party_uses_info_call 0000000180049510 f   hexacopter_sfun_registry.obj
 0001:000486b0       sf_process_get_updateBuildInfo_args_info_call 00000001800496b0 f   hexacopter_sfun_registry.obj
 0001:00048850       sf_process_get_eml_resolved_functions_info_call 0000000180049850 f   hexacopter_sfun_registry.obj
 0001:000489d0       sf_mex_unlock_call         00000001800499d0 f   hexacopter_sfun_registry.obj
 0001:00048a80       sf_machine_global_initializer_called 0000000180049a80 f   hexacopter_sfun_registry.obj
 0001:00048ab0       sf_machine_global_method_dispatcher 0000000180049ab0 f   hexacopter_sfun_registry.obj
 0001:00048b10       sf_machine_global_terminator 0000000180049b10 f   hexacopter_sfun_registry.obj
 0001:00048b60       sf_register_machine_exported_symbols 0000000180049b60 f   hexacopter_sfun_registry.obj
 0001:00048b80       callCustomFcn              0000000180049b80 f   hexacopter_sfun_registry.obj
 0001:00048b90       sf_machine_global_initializer 0000000180049b90 f   hexacopter_sfun_registry.obj
 0001:00048c10       mdlGetSimState             0000000180049c10 f   hexacopter_sfun_registry.obj
 0001:00048c90       mdlSetSimState             0000000180049c90 f   hexacopter_sfun_registry.obj
 0001:00048cd0       _ssSetStateAbsTol          0000000180049cd0 f   hexacopter_sfun_registry.obj
 0001:00048db0       _ssGetAbsTol               0000000180049db0 f   hexacopter_sfun_registry.obj
 0001:00048e20       _ssSetInputPortMatrixDimensions 0000000180049e20 f   hexacopter_sfun_registry.obj
 0001:00048f30       _ssSetOutputPortMatrixDimensions 0000000180049f30 f   hexacopter_sfun_registry.obj
 0001:00049040       _ssSetInputPortVectorDimension 000000018004a040 f   hexacopter_sfun_registry.obj
 0001:00049110       _ssSetOutputPortVectorDimension 000000018004a110 f   hexacopter_sfun_registry.obj
 0001:000491e0       ssIsRunTimeParamTunable    000000018004a1e0 f   hexacopter_sfun_registry.obj
 0001:00049250       ssGetSFuncBlockHandle      000000018004a250 f   hexacopter_sfun_registry.obj
 0001:000492c0       _ssGetCurrentInputPortWidth 000000018004a2c0 f   hexacopter_sfun_registry.obj
 0001:000493e0       _ssGetCurrentOutputPortWidth 000000018004a3e0 f   hexacopter_sfun_registry.obj
 0001:00049500       _ssGetCallSystemNumFcnCallDestinations 000000018004a500 f   hexacopter_sfun_registry.obj
 0001:00049570       ssWarning                  000000018004a570 f   hexacopter_sfun_registry.obj
 0001:00049680       ssGetIsZeroCrossControlDisabled 000000018004a680 f   hexacopter_sfun_registry.obj
 0001:000496f0       ssSetIsInputPortUsedForContZcSignal 000000018004a6f0 f   hexacopter_sfun_registry.obj
 0001:00049760       ssSetZcSignalIsZcElementDisc 000000018004a760 f   hexacopter_sfun_registry.obj
 0001:00049810       ssSetZcSignalName          000000018004a810 f   hexacopter_sfun_registry.obj
 0001:00049880       ssSetZcSignalWidth         000000018004a880 f   hexacopter_sfun_registry.obj
 0001:000498f0       ssSetZcSignalZcEventType   000000018004a8f0 f   hexacopter_sfun_registry.obj
 0001:00049960       ssSetZcSignalType          000000018004a960 f   hexacopter_sfun_registry.obj
 0001:000499d0       ssSetZcSignalZcTol         000000018004a9d0 f   hexacopter_sfun_registry.obj
 0001:00049a40       ssSetZcSignalNeedsEventNotification 000000018004aa40 f   hexacopter_sfun_registry.obj
 0001:00049ab0       ssCreateAndAddZcSignalInfo 000000018004aab0 f   hexacopter_sfun_registry.obj
 0001:00049b20       ssCloneAndAddZcSignalInfo  000000018004ab20 f   hexacopter_sfun_registry.obj
 0001:00049b90       ssGetNumZcSignals          000000018004ab90 f   hexacopter_sfun_registry.obj
 0001:00049c00       ssGetZcSignalVector        000000018004ac00 f   hexacopter_sfun_registry.obj
 0001:00049c70       ssGetZcSignalZcEvents      000000018004ac70 f   hexacopter_sfun_registry.obj
 0001:00049ce0       ssGetZcSignalName          000000018004ace0 f   hexacopter_sfun_registry.obj
 0001:00049d50       ssGetZcSignalWidth         000000018004ad50 f   hexacopter_sfun_registry.obj
 0001:00049dc0       ssGetZcSignalZcEventType   000000018004adc0 f   hexacopter_sfun_registry.obj
 0001:00049e30       ssGetZcSignalType          000000018004ae30 f   hexacopter_sfun_registry.obj
 0001:00049ea0       ssGetZcSignalZcTol         000000018004aea0 f   hexacopter_sfun_registry.obj
 0001:00049f20       ssGetZcSignalNeedsEventNotification 000000018004af20 f   hexacopter_sfun_registry.obj
 0001:00049f90       ssGetZcSignalIsZcElementDisc 000000018004af90 f   hexacopter_sfun_registry.obj
 0001:0004a030       ssGetIsInputPortElementContinuous 000000018004b030 f   hexacopter_sfun_registry.obj
 0001:0004a0d0       _ssGetInputPortSignalPtrsFcn 000000018004b0d0 f   hexacopter_sfun_registry.obj
 0001:0004a390       _ssGetInputPortSignalFcn   000000018004b390 f   hexacopter_sfun_registry.obj
 0001:0004a5b0       _ssSetInputPortDirectFeedThroughFcn 000000018004b5b0 f   hexacopter_sfun_registry.obj
 0001:0004a710       _ssSetInputPortReusableFcn 000000018004b710 f   hexacopter_sfun_registry.obj
 0001:0004a800       _ssSetOutputPortReusableFcn 000000018004b800 f   hexacopter_sfun_registry.obj
 0001:0004a8e0       ssGetDTypeIdFromMxArray    000000018004b8e0 f   hexacopter_sfun_registry.obj
 0001:0004aa00       ssWriteRTWStr              000000018004ba00 f   hexacopter_sfun_registry.obj
 0001:0004aa60       ssWriteRTWMxVectParam      000000018004ba60 f   hexacopter_sfun_registry.obj
 0001:0004aac0       ssWriteRTWMx2dMatParam     000000018004bac0 f   hexacopter_sfun_registry.obj
 0001:0004ab40       ssWriteRTWNameValuePair    000000018004bb40 f   hexacopter_sfun_registry.obj
 0001:0004b030       ssWriteRTWParameters       000000018004c030 f   hexacopter_sfun_registry.obj
 0001:0004b630       ssWriteRTWParamSettings    000000018004c630 f   hexacopter_sfun_registry.obj
 0001:0004bd00       ssWriteRTWWorkVect         000000018004cd00 f   hexacopter_sfun_registry.obj
 0001:0004c200       mexFunction                000000018004d200 f   hexacopter_sfun_registry.obj
 0001:0004e680       ProcessMexSfunctionEveryCall 000000018004f680 f   hexacopter_sfun_registry.obj
 0001:0004e802       sf_debug_set_machine_data_thresholds 000000018004f802 f   sf_runtime:sf_runtime.dll
 0001:0004e808       sf_debug_set_machine_event_thresholds 000000018004f808 f   sf_runtime:sf_runtime.dll
 0001:0004e80e       sf_debug_initialize_machine 000000018004f80e f   sf_runtime:sf_runtime.dll
 0001:0004e814       sf_load_rtw_optimization_info 000000018004f814 f   sf_runtime:sf_runtime.dll
 0001:0004e81a       sf_mex_emlrtNameCapturePostProcessR2012a 000000018004f81a f   sf_runtime:sf_runtime.dll
 0001:0004e820       sf_mex_assign              000000018004f820 f   sf_runtime:sf_runtime.dll
 0001:0004e826       sf_mex_createstruct        000000018004f826 f   sf_runtime:sf_runtime.dll
 0001:0004e82c       sf_mex_destroy             000000018004f82c f   sf_runtime:sf_runtime.dll
 0001:0004e832       sf_mex_duplicatearraysafe  000000018004f832 f   sf_runtime:sf_runtime.dll
 0001:0004e838       sf_mex_createcellmatrix    000000018004f838 f   sf_runtime:sf_runtime.dll
 0001:0004e83e       sf_mex_addfield            000000018004f83e f   sf_runtime:sf_runtime.dll
 0001:0004e844       sf_mex_create              000000018004f844 f   sf_runtime:sf_runtime.dll
 0001:0004e84a       sf_mex_error_message       000000018004f84a f   sf_runtime:sf_runtime.dll
 0001:0004e850       sf_mex_call_matlab         000000018004f850 f   sf_runtime:sf_runtime.dll
 0001:0004e856       sf_mex_setcell             000000018004f856 f   sf_runtime:sf_runtime.dll
 0001:0004e85c       sf_mex_decode_encoded_mx_struct_array 000000018004f85c f   sf_runtime:sf_runtime.dll
 0001:0004e862       sf_mex_getcell             000000018004f862 f   sf_runtime:sf_runtime.dll
 0001:0004e868       sf_mex_dup                 000000018004f868 f   sf_runtime:sf_runtime.dll
 0001:0004e86e       sf_mex_import              000000018004f86e f   sf_runtime:sf_runtime.dll
 0001:0004e874       sf_set_rtw_dwork_info      000000018004f874 f   sf_runtime:sf_runtime.dll
 0001:0004e87a       sf_mark_chart_reusable_outputs 000000018004f87a f   sf_runtime:sf_runtime.dll
 0001:0004e880       sf_mark_chart_expressionable_inputs 000000018004f880 f   sf_runtime:sf_runtime.dll
 0001:0004e886       sf_update_buildInfo        000000018004f886 f   sf_runtime:sf_runtime.dll
 0001:0004e88c       sf_rtw_info_uint_prop      000000018004f88c f   sf_runtime:sf_runtime.dll
 0001:0004e892       sf_is_chart_inlinable      000000018004f892 f   sf_runtime:sf_runtime.dll
 0001:0004e898       sim_mode_is_external       000000018004f898 f   sf_runtime:sf_runtime.dll
 0001:0004e89e       sim_mode_is_rtw_gen        000000018004f89e f   sf_runtime:sf_runtime.dll
 0001:0004e8a4       sf_debug_reset_current_state_configuration 000000018004f8a4 f   sf_runtime:sf_runtime.dll
 0001:0004e8aa       sf_debug_set_instance_data_value_ptr 000000018004f8aa f   sf_runtime:sf_runtime.dll
 0001:0004e8b0       sf_debug_set_chart_data_compiled_props 000000018004f8b0 f   sf_runtime:sf_runtime.dll
 0001:0004e8b6       cv_eml_init_for            000000018004f8b6 f   sf_runtime:sf_runtime.dll
 0001:0004e8bc       cv_eml_init_fcn            000000018004f8bc f   sf_runtime:sf_runtime.dll
 0001:0004e8c2       cv_eml_init_script         000000018004f8c2 f   sf_runtime:sf_runtime.dll
 0001:0004e8c8       sf_debug_cv_init_trans     000000018004f8c8 f   sf_runtime:sf_runtime.dll
 0001:0004e8ce       sf_debug_cv_init_state     000000018004f8ce f   sf_runtime:sf_runtime.dll
 0001:0004e8d4       sf_debug_cv_init_chart     000000018004f8d4 f   sf_runtime:sf_runtime.dll
 0001:0004e8da       sf_debug_set_chart_decomposition 000000018004f8da f   sf_runtime:sf_runtime.dll
 0001:0004e8e0       sf_debug_set_chart_substate_count 000000018004f8e0 f   sf_runtime:sf_runtime.dll
 0001:0004e8e6       sf_debug_set_chart_state_info 000000018004f8e6 f   sf_runtime:sf_runtime.dll
 0001:0004e8ec       sf_debug_set_chart_data_props 000000018004f8ec f   sf_runtime:sf_runtime.dll
 0001:0004e8f2       sf_debug_set_chart_event_thresholds 000000018004f8f2 f   sf_runtime:sf_runtime.dll
 0001:0004e8f8       sf_debug_set_chart_disable_implicit_casting 000000018004f8f8 f   sf_runtime:sf_runtime.dll
 0001:0004e8fe       sf_debug_initialize_chart  000000018004f8fe f   sf_runtime:sf_runtime.dll
 0001:0004e904       sf_get_time                000000018004f904 f   sf_runtime:sf_runtime.dll
 0001:0004e90a       sf_debug_check_for_state_inconsistency 000000018004f90a f   sf_runtime:sf_runtime.dll
 0001:0004e910       sf_debug_symbol_scope_pop  000000018004f910 f   sf_runtime:sf_runtime.dll
 0001:0004e916       sf_mex_listen_for_ctrl_c   000000018004f916 f   sf_runtime:sf_runtime.dll
 0001:0004e91c       sf_debug_eml_data_array_bounds_error_check 000000018004f91c f   sf_runtime:sf_runtime.dll
 0001:0004e922       sf_debug_integer_check     000000018004f922 f   sf_runtime:sf_runtime.dll
 0001:0004e928       eml_debug_line_call        000000018004f928 f   sf_runtime:sf_runtime.dll
 0001:0004e92e       cv_eml_eval                000000018004f92e f   sf_runtime:sf_runtime.dll
 0001:0004e934       sf_debug_symbol_scope_add_eml 000000018004f934 f   sf_runtime:sf_runtime.dll
 0001:0004e93a       sf_debug_symbol_scope_add_eml_importable 000000018004f93a f   sf_runtime:sf_runtime.dll
 0001:0004e940       sf_debug_symbol_scope_push_eml 000000018004f940 f   sf_runtime:sf_runtime.dll
 0001:0004e946       sf_debug_data_range_wrapper 000000018004f946 f   sf_runtime:sf_runtime.dll
 0001:0004e94c       sf_debug_call              000000018004f94c f   sf_runtime:sf_runtime.dll
 0001:0004e952       sf_debug_symbol_scope_push 000000018004f952 f   sf_runtime:sf_runtime.dll
 0001:0004e958       sf_clear_rtw_identifier    000000018004f958 f   sf_runtime:sf_runtime.dll
 0001:0004e95e       cv_eml_init_if             000000018004f95e f   sf_runtime:sf_runtime.dll
 0001:0004e964       sf_mex_call_debug          000000018004f964 f   sf_runtime:sf_runtime.dll
 0001:0004e96a       sf_debug_terminate         000000018004f96a f   sf_runtime:sf_runtime.dll
 0001:0004e970       sf_debug_create_debug_instance_struct 000000018004f970 f   sf_runtime:sf_runtime.dll
 0001:0004e976       sf_debug_api               000000018004f976 f   sf_runtime:sf_runtime.dll
 0001:0004e97c       callMdlMethodAndReportError 000000018004f97c f   sf_runtime:sf_runtime.dll
 0001:0004e982       call_sf_machine_global_method_dispatcher 000000018004f982 f   sf_runtime:sf_runtime.dll
 0001:0004e988       sf_clear_error_manager_info 000000018004f988 f   sf_runtime:sf_runtime.dll
 0001:0004e98e       sf_mex_error_direct_call   000000018004f98e f   sf_runtime:sf_runtime.dll
 0001:0004e994       mxGetScalar                000000018004f994 f   libmx:libmx.dll
 0001:0004e99a       mxGetPr                    000000018004f99a f   libmx:libmx.dll
 0001:0004e9a0       mxCreateDoubleMatrix_730   000000018004f9a0 f   libmx:libmx.dll
 0001:0004e9a6       mxGetString_730            000000018004f9a6 f   libmx:libmx.dll
 0001:0004e9ac       mxIsChar                   000000018004f9ac f   libmx:libmx.dll
 0001:0004e9b2       mxDestroyArray             000000018004f9b2 f   libmx:libmx.dll
 0001:0004e9b8       mxDuplicateArray           000000018004f9b8 f   libmx:libmx.dll
 0001:0004e9be       mxCreateDoubleScalar       000000018004f9be f   libmx:libmx.dll
 0001:0004e9c4       mxSetField_730             000000018004f9c4 f   libmx:libmx.dll
 0001:0004e9ca       mxCreateString             000000018004f9ca f   libmx:libmx.dll
 0001:0004e9d0       mxCreateStructMatrix_730   000000018004f9d0 f   libmx:libmx.dll
 0001:0004e9d6       mxCreateCellMatrix_730     000000018004f9d6 f   libmx:libmx.dll
 0001:0004e9dc       mxIsEmpty                  000000018004f9dc f   libmx:libmx.dll
 0001:0004e9e2       mxGetClassID               000000018004f9e2 f   libmx:libmx.dll
 0001:0004e9e8       mxIsNumeric                000000018004f9e8 f   libmx:libmx.dll
 0001:0004e9ee       mxIsComplex                000000018004f9ee f   libmx:libmx.dll
 0001:0004e9f4       mxGetN                     000000018004f9f4 f   libmx:libmx.dll
 0001:0004e9fa       mxGetM                     000000018004f9fa f   libmx:libmx.dll
 0001:0004ea00       mxCalloc                   000000018004fa00 f   libmx:libmx.dll
 0001:0004ea06       mexMakeArrayPersistent     000000018004fa06 f   libmex:libmex.dll
 0001:0004ea0c       mexUnlock                  000000018004fa0c f   libmex:libmex.dll
 0001:0004ea12       mexIsLocked                000000018004fa12 f   libmex:libmex.dll
 0001:0004ea18       mexWarnMsgTxt              000000018004fa18 f   libmex:libmex.dll
 0001:0004ea1e       mexCallMATLAB              000000018004fa1e f   libmex:libmex.dll
 0001:0004ea24       mexErrMsgTxt               000000018004fa24 f   libmex:libmex.dll
 0001:0004ea2a       mexLock                    000000018004fa2a f   libmex:libmex.dll
 0001:0004ea30       utMalloc                   000000018004fa30 f   libut:libut.dll
 0001:0004ea36       utFree                     000000018004fa36 f   libut:libut.dll
 0001:0004ea3c       muDoubleScalarSin          000000018004fa3c f   libmwmathutil:libmwmathutil.dll
 0001:0004ea42       muDoubleScalarCos          000000018004fa42 f   libmwmathutil:libmwmathutil.dll
 0001:0004ea48       muDoubleScalarSqrt         000000018004fa48 f   libmwmathutil:libmwmathutil.dll
 0001:0004ea4e       muDoubleScalarAtan2        000000018004fa4e f   libmwmathutil:libmwmathutil.dll
 0001:0004ea54       muDoubleScalarLog          000000018004fa54 f   libmwmathutil:libmwmathutil.dll
 0001:0004ea5c       __GSHandlerCheckCommon     000000018004fa5c f   MSVCRT:gshandler.obj
 0001:0004eac0       __GSHandlerCheck           000000018004fac0 f   MSVCRT:gshandler.obj
 0001:0004eade       strcmp                     000000018004fade f   MSVCRT:MSVCR100.dll
 0001:0004eb00       __security_check_cookie    000000018004fb00 f   MSVCRT:amdsecgs.obj
 0001:0004eb20       strlen                     000000018004fb20 f   MSVCRT:MSVCR100.dll
 0001:0004eb26       memset                     000000018004fb26 f   MSVCRT:MSVCR100.dll
 0001:0004eb40       __chkstk                   000000018004fb40 f   MSVCRT:chkstk.obj
 0001:0004eb40       _alloca_probe              000000018004fb40     MSVCRT:chkstk.obj
 0001:0004eb8e       free                       000000018004fb8e f   MSVCRT:MSVCR100.dll
 0001:0004eb94       sprintf                    000000018004fb94 f   MSVCRT:MSVCR100.dll
 0001:0004eb9a       malloc                     000000018004fb9a f   MSVCRT:MSVCR100.dll
 0001:0004eba0       strcat                     000000018004fba0 f   MSVCRT:MSVCR100.dll
 0001:0004eba6       memcpy                     000000018004fba6 f   MSVCRT:MSVCR100.dll
 0001:0004ebac       NtCurrentTeb               000000018004fbac f i MSVCRT:crtdll.obj
 0001:0004ec18       _CRT_INIT                  000000018004fc18 f   MSVCRT:crtdll.obj
 0001:0004efb0       _DllMainCRTStartup         000000018004ffb0 f   MSVCRT:crtdll.obj
 0001:0004eff0       __report_gsfailure         000000018004fff0 f   MSVCRT:gs_report.obj
 0001:0004f13c       __clean_type_info_names    000000018005013c f   MSVCRT:tncleanup.obj
 0001:0004f148       _onexit                    0000000180050148 f   MSVCRT:atonexit.obj
 0001:0004f1f8       atexit                     00000001800501f8 f   MSVCRT:atonexit.obj
 0001:0004f210       _RTC_Initialize            0000000180050210 f   MSVCRT:_initsect_.obj
 0001:0004f248       _RTC_Terminate             0000000180050248 f   MSVCRT:_initsect_.obj
 0001:0004f280       _malloc_crt                0000000180050280 f   MSVCRT:MSVCR100.dll
 0001:0004f290       _ValidateImageBase         0000000180050290 f   MSVCRT:pesect.obj
 0001:0004f2c0       _FindPESection             00000001800502c0 f   MSVCRT:pesect.obj
 0001:0004f310       _IsNonwritableInCurrentImage 0000000180050310 f   MSVCRT:pesect.obj
 0001:0004f352       _initterm                  0000000180050352 f   MSVCRT:MSVCR100.dll
 0001:0004f358       _initterm_e                0000000180050358 f   MSVCRT:MSVCR100.dll
 0001:0004f35e       _encoded_null              000000018005035e f   MSVCRT:MSVCR100.dll
 0001:0004f364       _amsg_exit                 0000000180050364 f   MSVCRT:MSVCR100.dll
 0001:0004f36a       __C_specific_handler       000000018005036a f   MSVCRT:MSVCR100.dll
 0001:0004f370       __CppXcptFilter            0000000180050370 f   MSVCRT:MSVCR100.dll
 0001:0004f378       DllMain                    0000000180050378 f   MSVCRT:dllmain.obj
 0001:0004f39c       __security_init_cookie     000000018005039c f   MSVCRT:gs_support.obj
 0001:0004f450       __crt_debugger_hook        0000000180050450 f   MSVCRT:MSVCR100.dll
 0001:0004f456       __clean_type_info_names_internal 0000000180050456 f   MSVCRT:MSVCR100.dll
 0001:0004f45c       _unlock                    000000018005045c f   MSVCRT:MSVCR100.dll
 0001:0004f462       __dllonexit                0000000180050462 f   MSVCRT:MSVCR100.dll
 0001:0004f468       _lock                      0000000180050468 f   MSVCRT:MSVCR100.dll
 0001:0004f46e       EncodePointer              000000018005046e f   kernel32:KERNEL32.dll
 0001:0004f474       DecodePointer              0000000180050474 f   kernel32:KERNEL32.dll
 0001:0004f47a       Sleep                      000000018005047a f   kernel32:KERNEL32.dll
 0001:0004f480       TerminateProcess           0000000180050480 f   kernel32:KERNEL32.dll
 0001:0004f486       GetCurrentProcess          0000000180050486 f   kernel32:KERNEL32.dll
 0001:0004f48c       UnhandledExceptionFilter   000000018005048c f   kernel32:KERNEL32.dll
 0001:0004f492       SetUnhandledExceptionFilter 0000000180050492 f   kernel32:KERNEL32.dll
 0001:0004f498       IsDebuggerPresent          0000000180050498 f   kernel32:KERNEL32.dll
 0001:0004f49e       RtlVirtualUnwind           000000018005049e f   kernel32:KERNEL32.dll
 0001:0004f4a4       RtlLookupFunctionEntry     00000001800504a4 f   kernel32:KERNEL32.dll
 0001:0004f4aa       RtlCaptureContext          00000001800504aa f   kernel32:KERNEL32.dll
 0001:0004f4b0       DisableThreadLibraryCalls  00000001800504b0 f   kernel32:KERNEL32.dll
 0001:0004f4b6       QueryPerformanceCounter    00000001800504b6 f   kernel32:KERNEL32.dll
 0001:0004f4bc       GetTickCount               00000001800504bc f   kernel32:KERNEL32.dll
 0001:0004f4c2       GetCurrentThreadId         00000001800504c2 f   kernel32:KERNEL32.dll
 0001:0004f4c8       GetCurrentProcessId        00000001800504c8 f   kernel32:KERNEL32.dll
 0001:0004f4ce       GetSystemTimeAsFileTime    00000001800504ce f   kernel32:KERNEL32.dll
 0002:00000000       __imp_GetSystemTimeAsFileTime 0000000180051000     kernel32:KERNEL32.dll
 0002:00000008       __imp_GetCurrentProcessId  0000000180051008     kernel32:KERNEL32.dll
 0002:00000010       __imp_GetCurrentThreadId   0000000180051010     kernel32:KERNEL32.dll
 0002:00000018       __imp_GetTickCount         0000000180051018     kernel32:KERNEL32.dll
 0002:00000020       __imp_QueryPerformanceCounter 0000000180051020     kernel32:KERNEL32.dll
 0002:00000028       __imp_DisableThreadLibraryCalls 0000000180051028     kernel32:KERNEL32.dll
 0002:00000030       __imp_RtlCaptureContext    0000000180051030     kernel32:KERNEL32.dll
 0002:00000038       __imp_RtlLookupFunctionEntry 0000000180051038     kernel32:KERNEL32.dll
 0002:00000040       __imp_RtlVirtualUnwind     0000000180051040     kernel32:KERNEL32.dll
 0002:00000048       __imp_IsDebuggerPresent    0000000180051048     kernel32:KERNEL32.dll
 0002:00000050       __imp_SetUnhandledExceptionFilter 0000000180051050     kernel32:KERNEL32.dll
 0002:00000058       __imp_UnhandledExceptionFilter 0000000180051058     kernel32:KERNEL32.dll
 0002:00000060       __imp_GetCurrentProcess    0000000180051060     kernel32:KERNEL32.dll
 0002:00000068       __imp_TerminateProcess     0000000180051068     kernel32:KERNEL32.dll
 0002:00000070       __imp_Sleep                0000000180051070     kernel32:KERNEL32.dll
 0002:00000078       __imp_DecodePointer        0000000180051078     kernel32:KERNEL32.dll
 0002:00000080       __imp_EncodePointer        0000000180051080     kernel32:KERNEL32.dll
 0002:00000088       \177KERNEL32_NULL_THUNK_DATA 0000000180051088     kernel32:KERNEL32.dll
 0002:00000090       __imp__onexit              0000000180051090     MSVCRT:MSVCR100.dll
 0002:00000098       __imp__lock                0000000180051098     MSVCRT:MSVCR100.dll
 0002:000000a0       __imp___dllonexit          00000001800510a0     MSVCRT:MSVCR100.dll
 0002:000000a8       __imp__unlock              00000001800510a8     MSVCRT:MSVCR100.dll
 0002:000000b0       __imp___clean_type_info_names_internal 00000001800510b0     MSVCRT:MSVCR100.dll
 0002:000000b8       __imp___crt_debugger_hook  00000001800510b8     MSVCRT:MSVCR100.dll
 0002:000000c0       __imp___CppXcptFilter      00000001800510c0     MSVCRT:MSVCR100.dll
 0002:000000c8       __imp___C_specific_handler 00000001800510c8     MSVCRT:MSVCR100.dll
 0002:000000d0       __imp__amsg_exit           00000001800510d0     MSVCRT:MSVCR100.dll
 0002:000000d8       __imp__encoded_null        00000001800510d8     MSVCRT:MSVCR100.dll
 0002:000000e0       __imp__initterm_e          00000001800510e0     MSVCRT:MSVCR100.dll
 0002:000000e8       __imp__initterm            00000001800510e8     MSVCRT:MSVCR100.dll
 0002:000000f0       __imp__malloc_crt          00000001800510f0     MSVCRT:MSVCR100.dll
 0002:000000f8       __imp_memcpy               00000001800510f8     MSVCRT:MSVCR100.dll
 0002:00000100       __imp_strcat               0000000180051100     MSVCRT:MSVCR100.dll
 0002:00000108       __imp_malloc               0000000180051108     MSVCRT:MSVCR100.dll
 0002:00000110       __imp_sprintf              0000000180051110     MSVCRT:MSVCR100.dll
 0002:00000118       __imp_free                 0000000180051118     MSVCRT:MSVCR100.dll
 0002:00000120       __imp_memset               0000000180051120     MSVCRT:MSVCR100.dll
 0002:00000128       __imp_strlen               0000000180051128     MSVCRT:MSVCR100.dll
 0002:00000130       __imp_strcmp               0000000180051130     MSVCRT:MSVCR100.dll
 0002:00000138       \177MSVCR100_NULL_THUNK_DATA 0000000180051138     MSVCRT:MSVCR100.dll
 0002:00000140       __imp_mexLock              0000000180051140     libmex:libmex.dll
 0002:00000148       __imp_mexUnlock            0000000180051148     libmex:libmex.dll
 0002:00000150       __imp_mexIsLocked          0000000180051150     libmex:libmex.dll
 0002:00000158       __imp_mexWarnMsgTxt        0000000180051158     libmex:libmex.dll
 0002:00000160       __imp_mexCallMATLAB        0000000180051160     libmex:libmex.dll
 0002:00000168       __imp_mexErrMsgTxt         0000000180051168     libmex:libmex.dll
 0002:00000170       __imp_mexMakeArrayPersistent 0000000180051170     libmex:libmex.dll
 0002:00000178       \177libmex_NULL_THUNK_DATA 0000000180051178     libmex:libmex.dll
 0002:00000180       __imp_muDoubleScalarCos    0000000180051180     libmwmathutil:libmwmathutil.dll
 0002:00000188       __imp_muDoubleScalarSqrt   0000000180051188     libmwmathutil:libmwmathutil.dll
 0002:00000190       __imp_muDoubleScalarAtan2  0000000180051190     libmwmathutil:libmwmathutil.dll
 0002:00000198       __imp_muDoubleScalarLog    0000000180051198     libmwmathutil:libmwmathutil.dll
 0002:000001a0       __imp_muDoubleScalarSin    00000001800511a0     libmwmathutil:libmwmathutil.dll
 0002:000001a8       \177libmwmathutil_NULL_THUNK_DATA 00000001800511a8     libmwmathutil:libmwmathutil.dll
 0002:000001b0       __imp_mxCalloc             00000001800511b0     libmx:libmx.dll
 0002:000001b8       __imp_mxGetM               00000001800511b8     libmx:libmx.dll
 0002:000001c0       __imp_mxGetN               00000001800511c0     libmx:libmx.dll
 0002:000001c8       __imp_mxIsComplex          00000001800511c8     libmx:libmx.dll
 0002:000001d0       __imp_mxIsNumeric          00000001800511d0     libmx:libmx.dll
 0002:000001d8       __imp_mxGetClassID         00000001800511d8     libmx:libmx.dll
 0002:000001e0       __imp_mxIsEmpty            00000001800511e0     libmx:libmx.dll
 0002:000001e8       __imp_mxCreateCellMatrix_730 00000001800511e8     libmx:libmx.dll
 0002:000001f0       __imp_mxCreateStructMatrix_730 00000001800511f0     libmx:libmx.dll
 0002:000001f8       __imp_mxCreateString       00000001800511f8     libmx:libmx.dll
 0002:00000200       __imp_mxSetField_730       0000000180051200     libmx:libmx.dll
 0002:00000208       __imp_mxCreateDoubleScalar 0000000180051208     libmx:libmx.dll
 0002:00000210       __imp_mxDuplicateArray     0000000180051210     libmx:libmx.dll
 0002:00000218       __imp_mxGetScalar          0000000180051218     libmx:libmx.dll
 0002:00000220       __imp_mxGetPr              0000000180051220     libmx:libmx.dll
 0002:00000228       __imp_mxCreateDoubleMatrix_730 0000000180051228     libmx:libmx.dll
 0002:00000230       __imp_mxGetString_730      0000000180051230     libmx:libmx.dll
 0002:00000238       __imp_mxIsChar             0000000180051238     libmx:libmx.dll
 0002:00000240       __imp_mxDestroyArray       0000000180051240     libmx:libmx.dll
 0002:00000248       \177libmx_NULL_THUNK_DATA  0000000180051248     libmx:libmx.dll
 0002:00000250       __imp_utMalloc             0000000180051250     libut:libut.dll
 0002:00000258       __imp_utFree               0000000180051258     libut:libut.dll
 0002:00000260       \177libut_NULL_THUNK_DATA  0000000180051260     libut:libut.dll
 0002:00000268       __imp_call_sf_machine_global_method_dispatcher 0000000180051268     sf_runtime:sf_runtime.dll
 0002:00000270       __imp_callMdlMethodAndReportError 0000000180051270     sf_runtime:sf_runtime.dll
 0002:00000278       __imp_sf_debug_api         0000000180051278     sf_runtime:sf_runtime.dll
 0002:00000280       __imp_sf_debug_create_debug_instance_struct 0000000180051280     sf_runtime:sf_runtime.dll
 0002:00000288       __imp_sf_debug_terminate   0000000180051288     sf_runtime:sf_runtime.dll
 0002:00000290       __imp_sf_mex_call_debug    0000000180051290     sf_runtime:sf_runtime.dll
 0002:00000298       __imp_cv_eml_init_if       0000000180051298     sf_runtime:sf_runtime.dll
 0002:000002a0       __imp_sf_clear_rtw_identifier 00000001800512a0     sf_runtime:sf_runtime.dll
 0002:000002a8       __imp_sf_debug_symbol_scope_push 00000001800512a8     sf_runtime:sf_runtime.dll
 0002:000002b0       __imp_sf_clear_error_manager_info 00000001800512b0     sf_runtime:sf_runtime.dll
 0002:000002b8       __imp_sf_debug_data_range_wrapper 00000001800512b8     sf_runtime:sf_runtime.dll
 0002:000002c0       __imp_sf_debug_symbol_scope_push_eml 00000001800512c0     sf_runtime:sf_runtime.dll
 0002:000002c8       __imp_sf_debug_symbol_scope_add_eml_importable 00000001800512c8     sf_runtime:sf_runtime.dll
 0002:000002d0       __imp_sf_debug_symbol_scope_add_eml 00000001800512d0     sf_runtime:sf_runtime.dll
 0002:000002d8       __imp_cv_eml_eval          00000001800512d8     sf_runtime:sf_runtime.dll
 0002:000002e0       __imp_eml_debug_line_call  00000001800512e0     sf_runtime:sf_runtime.dll
 0002:000002e8       __imp_sf_debug_integer_check 00000001800512e8     sf_runtime:sf_runtime.dll
 0002:000002f0       __imp_sf_debug_eml_data_array_bounds_error_check 00000001800512f0     sf_runtime:sf_runtime.dll
 0002:000002f8       __imp_sf_mex_listen_for_ctrl_c 00000001800512f8     sf_runtime:sf_runtime.dll
 0002:00000300       __imp_sf_mex_error_direct_call 0000000180051300     sf_runtime:sf_runtime.dll
 0002:00000308       __imp_sf_debug_call        0000000180051308     sf_runtime:sf_runtime.dll
 0002:00000310       __imp_sf_debug_symbol_scope_pop 0000000180051310     sf_runtime:sf_runtime.dll
 0002:00000318       __imp_sf_debug_check_for_state_inconsistency 0000000180051318     sf_runtime:sf_runtime.dll
 0002:00000320       __imp_sf_get_time          0000000180051320     sf_runtime:sf_runtime.dll
 0002:00000328       __imp_sf_debug_initialize_chart 0000000180051328     sf_runtime:sf_runtime.dll
 0002:00000330       __imp_sf_debug_set_chart_disable_implicit_casting 0000000180051330     sf_runtime:sf_runtime.dll
 0002:00000338       __imp_sf_debug_set_chart_event_thresholds 0000000180051338     sf_runtime:sf_runtime.dll
 0002:00000340       __imp_sf_debug_set_chart_data_props 0000000180051340     sf_runtime:sf_runtime.dll
 0002:00000348       __imp_sf_debug_set_chart_state_info 0000000180051348     sf_runtime:sf_runtime.dll
 0002:00000350       __imp_sf_debug_set_chart_substate_count 0000000180051350     sf_runtime:sf_runtime.dll
 0002:00000358       __imp_sf_debug_set_chart_decomposition 0000000180051358     sf_runtime:sf_runtime.dll
 0002:00000360       __imp_sf_debug_cv_init_chart 0000000180051360     sf_runtime:sf_runtime.dll
 0002:00000368       __imp_sf_debug_cv_init_state 0000000180051368     sf_runtime:sf_runtime.dll
 0002:00000370       __imp_sf_debug_cv_init_trans 0000000180051370     sf_runtime:sf_runtime.dll
 0002:00000378       __imp_cv_eml_init_script   0000000180051378     sf_runtime:sf_runtime.dll
 0002:00000380       __imp_cv_eml_init_fcn      0000000180051380     sf_runtime:sf_runtime.dll
 0002:00000388       __imp_cv_eml_init_for      0000000180051388     sf_runtime:sf_runtime.dll
 0002:00000390       __imp_sf_debug_set_chart_data_compiled_props 0000000180051390     sf_runtime:sf_runtime.dll
 0002:00000398       __imp_sf_debug_set_instance_data_value_ptr 0000000180051398     sf_runtime:sf_runtime.dll
 0002:000003a0       __imp_sf_debug_reset_current_state_configuration 00000001800513a0     sf_runtime:sf_runtime.dll
 0002:000003a8       __imp_sim_mode_is_rtw_gen  00000001800513a8     sf_runtime:sf_runtime.dll
 0002:000003b0       __imp_sim_mode_is_external 00000001800513b0     sf_runtime:sf_runtime.dll
 0002:000003b8       __imp_sf_is_chart_inlinable 00000001800513b8     sf_runtime:sf_runtime.dll
 0002:000003c0       __imp_sf_rtw_info_uint_prop 00000001800513c0     sf_runtime:sf_runtime.dll
 0002:000003c8       __imp_sf_update_buildInfo  00000001800513c8     sf_runtime:sf_runtime.dll
 0002:000003d0       __imp_sf_mark_chart_expressionable_inputs 00000001800513d0     sf_runtime:sf_runtime.dll
 0002:000003d8       __imp_sf_mark_chart_reusable_outputs 00000001800513d8     sf_runtime:sf_runtime.dll
 0002:000003e0       __imp_sf_set_rtw_dwork_info 00000001800513e0     sf_runtime:sf_runtime.dll
 0002:000003e8       __imp_sf_mex_import        00000001800513e8     sf_runtime:sf_runtime.dll
 0002:000003f0       __imp_sf_mex_dup           00000001800513f0     sf_runtime:sf_runtime.dll
 0002:000003f8       __imp_sf_mex_getcell       00000001800513f8     sf_runtime:sf_runtime.dll
 0002:00000400       __imp_sf_mex_decode_encoded_mx_struct_array 0000000180051400     sf_runtime:sf_runtime.dll
 0002:00000408       __imp_sf_mex_setcell       0000000180051408     sf_runtime:sf_runtime.dll
 0002:00000410       __imp_sf_mex_call_matlab   0000000180051410     sf_runtime:sf_runtime.dll
 0002:00000418       __imp_sf_mex_error_message 0000000180051418     sf_runtime:sf_runtime.dll
 0002:00000420       __imp_sf_mex_create        0000000180051420     sf_runtime:sf_runtime.dll
 0002:00000428       __imp_sf_mex_addfield      0000000180051428     sf_runtime:sf_runtime.dll
 0002:00000430       __imp_sf_mex_createcellmatrix 0000000180051430     sf_runtime:sf_runtime.dll
 0002:00000438       __imp_sf_mex_duplicatearraysafe 0000000180051438     sf_runtime:sf_runtime.dll
 0002:00000440       __imp_sf_mex_destroy       0000000180051440     sf_runtime:sf_runtime.dll
 0002:00000448       __imp_sf_mex_createstruct  0000000180051448     sf_runtime:sf_runtime.dll
 0002:00000450       __imp_sf_mex_assign        0000000180051450     sf_runtime:sf_runtime.dll
 0002:00000458       __imp_sf_mex_emlrtNameCapturePostProcessR2012a 0000000180051458     sf_runtime:sf_runtime.dll
 0002:00000460       __imp_sf_load_rtw_optimization_info 0000000180051460     sf_runtime:sf_runtime.dll
 0002:00000468       __imp_sf_debug_initialize_machine 0000000180051468     sf_runtime:sf_runtime.dll
 0002:00000470       __imp_sf_debug_set_machine_event_thresholds 0000000180051470     sf_runtime:sf_runtime.dll
 0002:00000478       __imp_sf_debug_set_machine_data_thresholds 0000000180051478     sf_runtime:sf_runtime.dll
 0002:00000480       \177sf_runtime_NULL_THUNK_DATA 0000000180051480     sf_runtime:sf_runtime.dll
 0002:00000488       __xc_a                     0000000180051488     MSVCRT:cinitexe.obj
 0002:00000490       __xc_z                     0000000180051490     MSVCRT:cinitexe.obj
 0002:00000498       __xi_a                     0000000180051498     MSVCRT:cinitexe.obj
 0002:000004a8       __xi_z                     00000001800514a8     MSVCRT:cinitexe.obj
 0002:000004b0       __real@41e97c0f5ce00000    00000001800514b0     hexacopter_sfun.obj
 0002:000004b8       __real@41ebbfa9f4e00000    00000001800514b8     hexacopter_sfun.obj
 0002:000004c0       __real@41ead3de6f400000    00000001800514c0     hexacopter_sfun.obj
 0002:000004c8       __real@41ef6e0583800000    00000001800514c8     hexacopter_sfun.obj
 0002:000004d0       __real@41c900e78a000000    00000001800514d0     hexacopter_sfun.obj
 0002:000004d8       __real@41eda5398c800000    00000001800514d8     hexacopter_sfun.obj
 0002:000004e0       __real@41edcf5b43c00000    00000001800514e0     hexacopter_sfun.obj
 0002:000004e8       __real@41e695dff8600000    00000001800514e8     hexacopter_sfun.obj
 0002:000004f0       __real@41d4a5e17cc00000    00000001800514f0     hexacopter_sfun.obj
 0002:000004f8       __real@41d245c6eb800000    00000001800514f8     hexacopter_sfun.obj
 0002:00000500       __real@41eb37879d600000    0000000180051500     hexacopter_sfun.obj
 0002:00000508       __real@41da92df8dc00000    0000000180051508     hexacopter_sfun.obj
 0002:00000510       __real@41ef0fbdafc00000    0000000180051510     hexacopter_sfun.obj
 0002:00000518       __real@41e00fb681e00000    0000000180051518     hexacopter_sfun.obj
 0002:00000520       __real@41ef848c15600000    0000000180051520     hexacopter_sfun.obj
 0002:00000528       __real@41cd048651800000    0000000180051528     hexacopter_sfun.obj
 0002:00000530       __real@41bb46c39e000000    0000000180051530     c1_hexacopter.obj
 0002:00000538       __real@41e6a950dc200000    0000000180051538     c1_hexacopter.obj
 0002:00000540       __real@41e68b7a31e00000    0000000180051540     c1_hexacopter.obj
 0002:00000548       __real@41e67cd818800000    0000000180051548     c1_hexacopter.obj
 0002:00000550       __real@4008000000000000    0000000180051550     c1_hexacopter.obj
 0002:00000558       __real@4024000000000000    0000000180051558     c1_hexacopter.obj
 0002:00000560       __real@3ff0000000000000    0000000180051560     c1_hexacopter.obj
 0002:00000568       __real@4018000000000000    0000000180051568     c1_hexacopter.obj
 0002:00000570       __mask@@NegDouble@         0000000180051570     c1_hexacopter.obj
 0002:00000580       __real@400921fb54442d18    0000000180051580     c1_hexacopter.obj
 0002:00000588       __real@4000000000000000    0000000180051588     c1_hexacopter.obj
 0002:00000590       __real@41cd10581c000000    0000000180051590     c2_hexacopter.obj
 0002:00000598       __real@41e2217a2c600000    0000000180051598     c2_hexacopter.obj
 0002:000005a0       __real@41db2f3e9fc00000    00000001800515a0     c2_hexacopter.obj
 0002:000005a8       __real@41d63b9d19000000    00000001800515a8     c2_hexacopter.obj
 0002:000005b0       __real@41ac123cae000000    00000001800515b0     c4_hexacopter.obj
 0002:000005b8       __real@4124149800000000    00000001800515b8     c4_hexacopter.obj
 0002:000005c0       __real@41c7fb5c16000000    00000001800515c0     c4_hexacopter.obj
 0002:000005c8       __real@41c28a1b0e800000    00000001800515c8     c4_hexacopter.obj
 0002:000005d0       __real@3f91eb851eb851eb    00000001800515d0     c4_hexacopter.obj
 0002:000005d8       __real@3fe4cccccccccccd    00000001800515d8     c4_hexacopter.obj
 0002:000005e0       __real@3cd203af9ee75616    00000001800515e0     c4_hexacopter.obj
 0002:000005e8       __real@3faeb851eb851eb8    00000001800515e8     c4_hexacopter.obj
 0002:000005f0       __real@3fe999999999999a    00000001800515f0     c4_hexacopter.obj
 0002:000005f8       __real@3fd6666666666666    00000001800515f8     c4_hexacopter.obj
 0002:00000600       __real@3fc999999999999a    0000000180051600     c4_hexacopter.obj
 0002:00000608       __real@3fa999999999999a    0000000180051608     c4_hexacopter.obj
 0002:00000610       __real@3fd3333333333333    0000000180051610     c4_hexacopter.obj
 0002:00000618       __real@41e2eee6e9400000    0000000180051618     c5_hexacopter.obj
 0002:00000620       __real@41dcce0261000000    0000000180051620     c5_hexacopter.obj
 0002:00000628       __real@41e2637e99000000    0000000180051628     c5_hexacopter.obj
 0002:00000630       __real@41e72e4479400000    0000000180051630     c5_hexacopter.obj
 0002:00000638       __real@41efabba84200000    0000000180051638     c6_hexacopter.obj
 0002:00000640       __real@41eeb33dbd200000    0000000180051640     c6_hexacopter.obj
 0002:00000648       __real@41e44a2127400000    0000000180051648     c6_hexacopter.obj
 0002:00000650       __real@41e293a536c00000    0000000180051650     c6_hexacopter.obj
 0002:00000658       __real@3fe6666666666666    0000000180051658     c6_hexacopter.obj
 0002:00000660       __real@4010000000000000    0000000180051660     c6_hexacopter.obj
 0002:00000668       __real@41cf23eccc800000    0000000180051668     c7_hexacopter.obj
 0002:00000670       __real@41e8cf2ba0000000    0000000180051670     c7_hexacopter.obj
 0002:00000678       __real@41c8bb714d000000    0000000180051678     c7_hexacopter.obj
 0002:00000680       __real@41d92b4eedc00000    0000000180051680     c7_hexacopter.obj
 0002:00000688       __real@4020000000000000    0000000180051688     c7_hexacopter.obj
 0002:00000690       __real@3f947ae147ae147b    0000000180051690     c7_hexacopter.obj
 0002:00000698       __real@4049000000000000    0000000180051698     c7_hexacopter.obj
 0002:000006a0       __real@41edc24911e00000    00000001800516a0     c8_hexacopter.obj
 0002:000006a8       __real@41ddf39491c00000    00000001800516a8     c8_hexacopter.obj
 0002:000006b0       __real@41c8254946800000    00000001800516b0     c8_hexacopter.obj
 0002:000006b8       __real@41e60ff4d1c00000    00000001800516b8     c8_hexacopter.obj
 0002:000006c0       __real@4094cc0000000000    00000001800516c0     c8_hexacopter.obj
 0002:000006c8       __real@41d405311b800000    00000001800516c8     c9_hexacopter.obj
 0002:000006d0       __real@41eaace0ed600000    00000001800516d0     c9_hexacopter.obj
 0002:000006d8       __real@41e7a6d430e00000    00000001800516d8     c9_hexacopter.obj
 0002:000006e0       __real@41e99df260200000    00000001800516e0     c9_hexacopter.obj
 0002:000006f0       DYNAMIC_DIMENSION_DEF      00000001800516f0     hexacopter_sfun_registry.obj
 0002:00000710       _ssBadLevel2InputAccessMsg 0000000180051710     hexacopter_sfun_registry.obj
 0002:000008a0       _ssBadLevel2DirectFeedMsg  00000001800518a0     hexacopter_sfun_registry.obj
 0002:000009e0       _ssBadLevel2DirectFeedSolutionMsg 00000001800519e0     hexacopter_sfun_registry.obj
 0002:00000a50       _ssBadLevel2ZeroDirectFeedMsg 0000000180051a50     hexacopter_sfun_registry.obj
 0002:00000b90       _ssBadLevel2ZeroDirectFeedMsg2 0000000180051b90     hexacopter_sfun_registry.obj
 0002:00000c78       __real@0000000000000000    0000000180051c78     hexacopter_sfun_registry.obj
 0002:00000c80       __real@bff0000000000000    0000000180051c80     hexacopter_sfun_registry.obj
 0002:00000c88       __real@41602cbca0000000    0000000180051c88     hexacopter_sfun_registry.obj
 0002:00000c90       _pRawDllMain               0000000180051c90     MSVCRT:crtdll.obj
 0002:00000c90       _pDefaultRawDllMain        0000000180051c90     MSVCRT:crtdll.obj
 0002:00000ca8       ?ProcessDetach@NativeDll@<CrtImplementationDetails>@@0IB 0000000180051ca8     MSVCRT:tncleanup.obj
 0002:00000cac       ?ProcessAttach@NativeDll@<CrtImplementationDetails>@@0IB 0000000180051cac     MSVCRT:tncleanup.obj
 0002:00000cb0       ?ThreadAttach@NativeDll@<CrtImplementationDetails>@@0IB 0000000180051cb0     MSVCRT:tncleanup.obj
 0002:00000cb4       ?ThreadDetach@NativeDll@<CrtImplementationDetails>@@0IB 0000000180051cb4     MSVCRT:tncleanup.obj
 0002:00000cb8       ?ProcessVerifier@NativeDll@<CrtImplementationDetails>@@0IB 0000000180051cb8     MSVCRT:tncleanup.obj
 0002:00000cc0       __rtc_iaa                  0000000180051cc0     MSVCRT:_initsect_.obj
 0002:00000cc8       __rtc_izz                  0000000180051cc8     MSVCRT:_initsect_.obj
 0002:00000cd0       __rtc_taa                  0000000180051cd0     MSVCRT:_initsect_.obj
 0002:00000cd8       __rtc_tzz                  0000000180051cd8     MSVCRT:_initsect_.obj
 0002:00002134       __IMPORT_DESCRIPTOR_sf_runtime 0000000180053134     sf_runtime:sf_runtime.dll
 0002:00002148       __IMPORT_DESCRIPTOR_libmx  0000000180053148     libmx:libmx.dll
 0002:0000215c       __IMPORT_DESCRIPTOR_libmex 000000018005315c     libmex:libmex.dll
 0002:00002170       __IMPORT_DESCRIPTOR_libut  0000000180053170     libut:libut.dll
 0002:00002184       __IMPORT_DESCRIPTOR_libmwmathutil 0000000180053184     libmwmathutil:libmwmathutil.dll
 0002:00002198       __IMPORT_DESCRIPTOR_MSVCR100 0000000180053198     MSVCRT:MSVCR100.dll
 0002:000021ac       __IMPORT_DESCRIPTOR_KERNEL32 00000001800531ac     kernel32:KERNEL32.dll
 0002:000021c0       __NULL_IMPORT_DESCRIPTOR   00000001800531c0     sf_runtime:sf_runtime.dll
 0003:00015848       DYNAMIC_DIMENSION          000000018006a848     hexacopter_sfun_registry.obj
 0003:00016458       __security_cookie          000000018006b458     MSVCRT:gs_cookie.obj
 0003:00016460       __security_cookie_complement 000000018006b460     MSVCRT:gs_cookie.obj
 0003:00016468       _fltused                   000000018006b468     MSVCRT:dllsupp.obj
 0003:00016470       __native_dllmain_reason    000000018006b470     MSVCRT:natstart.obj
 0003:00016474       __native_vcclrit_reason    000000018006b474     MSVCRT:natstart.obj
 0003:000165f8       sfGlobalDebugInstanceStruct 000000018006b5f8     hexacopter_sfun_registry.obj
 0003:00016b80       ?__type_info_root_node@@3U__type_info_node@@A 000000018006bb80     MSVCRT:tncleanup.obj
 0003:00016b90       _hexacopterMachineNumber_  000000018006bb90     <common>
 0003:00016b94       __native_startup_state     000000018006bb94     <common>
 0003:00016b98       __native_startup_lock      000000018006bb98     <common>
 0003:00016ba0       __onexitend                000000018006bba0     <common>
 0003:00016ba8       __onexitbegin              000000018006bba8     <common>
 0003:00016bb0       __dyn_tls_init_callback    000000018006bbb0     <common>

 entry point at        0001:0004efb0

 Static symbols

 0001:000013c0       c1_info_helper             00000001800023c0 f   c1_hexacopter.obj
 0001:00004e30       c1_emlrt_marshallOut       0000000180005e30 f   c1_hexacopter.obj
 0001:00004ec0       c1_b_emlrt_marshallOut     0000000180005ec0 f   c1_hexacopter.obj
 0001:00005680       get_sim_state_c1_hexacopter 0000000180006680 f   c1_hexacopter.obj
 0001:00005890       sf_get_sim_state_info_c1_hexacopter 0000000180006890 f   c1_hexacopter.obj
 0001:00005a60       set_sim_state_c1_hexacopter 0000000180006a60 f   c1_hexacopter.obj
 0001:00005b80       c1_update_debugger_state_c1_hexacopter 0000000180006b80 f   c1_hexacopter.obj
 0001:00005b90       c1_emlrt_marshallIn        0000000180006b90 f   c1_hexacopter.obj
 0001:00005c00       c1_b_emlrt_marshallIn      0000000180006c00 f   c1_hexacopter.obj
 0001:00005cf0       c1_e_emlrt_marshallIn      0000000180006cf0 f   c1_hexacopter.obj
 0001:00005d50       c1_f_emlrt_marshallIn      0000000180006d50 f   c1_hexacopter.obj
 0001:00005e50       mdlProcessParameters_c1_hexacopter 0000000180006e50 f   c1_hexacopter.obj
 0001:00005f30       initialize_params_c1_hexacopter 0000000180006f30 f   c1_hexacopter.obj
 0001:00005f40       mdlSetWorkWidths_c1_hexacopter 0000000180006f40 f   c1_hexacopter.obj
 0001:00006440       sf_get_instance_specialization 0000000180007440 f   c1_hexacopter.obj
 0001:00006450       mdlStart_c1_hexacopter     0000000180007450 f   c1_hexacopter.obj
 0001:00006680       init_dsm_address_info      0000000180007680 f   c1_hexacopter.obj
 0001:00006690       chart_debug_initialization 0000000180007690 f   c1_hexacopter.obj
 0001:00006fd0       init_script_number_translation 0000000180007fd0 f   c1_hexacopter.obj
 0001:00006ff0       c1_sf_marshallOut          0000000180007ff0 f   c1_hexacopter.obj
 0001:00007140       c1_sf_marshallIn           0000000180008140 f   c1_hexacopter.obj
 0001:00007240       c1_b_sf_marshallOut        0000000180008240 f   c1_hexacopter.obj
 0001:00007490       c1_c_sf_marshallOut        0000000180008490 f   c1_hexacopter.obj
 0001:00007610       sf_opaque_initialize_c1_hexacopter 0000000180008610 f   c1_hexacopter.obj
 0001:00007650       initialize_c1_hexacopter   0000000180008650 f   c1_hexacopter.obj
 0001:000076a0       sf_opaque_enable_c1_hexacopter 00000001800086a0 f   c1_hexacopter.obj
 0001:000076c0       enable_c1_hexacopter       00000001800086c0 f   c1_hexacopter.obj
 0001:000076f0       sf_opaque_disable_c1_hexacopter 00000001800086f0 f   c1_hexacopter.obj
 0001:00007710       disable_c1_hexacopter      0000000180008710 f   c1_hexacopter.obj
 0001:00007740       sf_opaque_gateway_c1_hexacopter 0000000180008740 f   c1_hexacopter.obj
 0001:00007760       sf_gateway_c1_hexacopter   0000000180008760 f   c1_hexacopter.obj
 0001:00008710       c1_d_sf_marshallOut        0000000180009710 f   c1_hexacopter.obj
 0001:000087c0       c1_b_sf_marshallIn         00000001800097c0 f   c1_hexacopter.obj
 0001:00008860       c1_c_emlrt_marshallIn      0000000180009860 f   c1_hexacopter.obj
 0001:000088f0       c1_eml_scalar_eg           00000001800098f0 f   c1_hexacopter.obj
 0001:00008900       c1_b_eml_xgemm             0000000180009900 f   c1_hexacopter.obj
 0001:000089e0       sf_opaque_get_sim_state_c1_hexacopter 00000001800099e0 f   c1_hexacopter.obj
 0001:00008a00       sf_opaque_set_sim_state_c1_hexacopter 0000000180009a00 f   c1_hexacopter.obj
 0001:00008a30       sf_opaque_terminate_c1_hexacopter 0000000180009a30 f   c1_hexacopter.obj
 0001:00008ad0       finalize_c1_hexacopter     0000000180009ad0 f   c1_hexacopter.obj
 0001:00008ae0       sf_opaque_init_subchart_simstructs 0000000180009ae0 f   c1_hexacopter.obj
 0001:00008b00       initSimStructsc1_hexacopter 0000000180009b00 f   c1_hexacopter.obj
 0001:00008b10       mdlRTW_c1_hexacopter       0000000180009b10 f   c1_hexacopter.obj
 0001:00008bc0       c2_info_helper             0000000180009bc0 f   c2_hexacopter.obj
 0001:0000d9d0       c2_emlrt_marshallOut       000000018000e9d0 f   c2_hexacopter.obj
 0001:0000da60       c2_b_emlrt_marshallOut     000000018000ea60 f   c2_hexacopter.obj
 0001:0000e370       get_sim_state_c2_hexacopter 000000018000f370 f   c2_hexacopter.obj
 0001:0000e7c0       sf_get_sim_state_info_c2_hexacopter 000000018000f7c0 f   c2_hexacopter.obj
 0001:0000e990       set_sim_state_c2_hexacopter 000000018000f990 f   c2_hexacopter.obj
 0001:0000eb40       c2_update_debugger_state_c2_hexacopter 000000018000fb40 f   c2_hexacopter.obj
 0001:0000eb50       c2_emlrt_marshallIn        000000018000fb50 f   c2_hexacopter.obj
 0001:0000ebc0       c2_b_emlrt_marshallIn      000000018000fbc0 f   c2_hexacopter.obj
 0001:0000ec80       c2_c_emlrt_marshallIn      000000018000fc80 f   c2_hexacopter.obj
 0001:0000ecf0       c2_d_emlrt_marshallIn      000000018000fcf0 f   c2_hexacopter.obj
 0001:0000ed80       c2_f_emlrt_marshallIn      000000018000fd80 f   c2_hexacopter.obj
 0001:0000ede0       c2_g_emlrt_marshallIn      000000018000fde0 f   c2_hexacopter.obj
 0001:0000eee0       mdlProcessParameters_c2_hexacopter 000000018000fee0 f   c2_hexacopter.obj
 0001:0000efc0       initialize_params_c2_hexacopter 000000018000ffc0 f   c2_hexacopter.obj
 0001:0000efd0       mdlSetWorkWidths_c2_hexacopter 000000018000ffd0 f   c2_hexacopter.obj
 0001:0000f4a0       sf_get_instance_specialization 00000001800104a0 f   c2_hexacopter.obj
 0001:0000f4b0       mdlStart_c2_hexacopter     00000001800104b0 f   c2_hexacopter.obj
 0001:0000f6e0       init_dsm_address_info      00000001800106e0 f   c2_hexacopter.obj
 0001:0000f6f0       chart_debug_initialization 00000001800106f0 f   c2_hexacopter.obj
 0001:00010170       init_script_number_translation 0000000180011170 f   c2_hexacopter.obj
 0001:00010190       c2_b_sf_marshallOut        0000000180011190 f   c2_hexacopter.obj
 0001:00010240       c2_b_sf_marshallIn         0000000180011240 f   c2_hexacopter.obj
 0001:000102e0       c2_c_sf_marshallOut        00000001800112e0 f   c2_hexacopter.obj
 0001:00010430       sf_opaque_initialize_c2_hexacopter 0000000180011430 f   c2_hexacopter.obj
 0001:00010470       initialize_c2_hexacopter   0000000180011470 f   c2_hexacopter.obj
 0001:000104c0       sf_opaque_enable_c2_hexacopter 00000001800114c0 f   c2_hexacopter.obj
 0001:000104e0       enable_c2_hexacopter       00000001800114e0 f   c2_hexacopter.obj
 0001:00010510       sf_opaque_disable_c2_hexacopter 0000000180011510 f   c2_hexacopter.obj
 0001:00010530       disable_c2_hexacopter      0000000180011530 f   c2_hexacopter.obj
 0001:00010560       sf_opaque_gateway_c2_hexacopter 0000000180011560 f   c2_hexacopter.obj
 0001:00010580       sf_gateway_c2_hexacopter   0000000180011580 f   c2_hexacopter.obj
 0001:00010870       c2_chartstep_c2_hexacopter 0000000180011870 f   c2_hexacopter.obj
 0001:000115f0       c2_sf_marshallOut          00000001800125f0 f   c2_hexacopter.obj
 0001:00011710       c2_sf_marshallIn           0000000180012710 f   c2_hexacopter.obj
 0001:000117b0       c2_atan2                   00000001800127b0 f   c2_hexacopter.obj
 0001:00011810       c2_eml_scalar_eg           0000000180012810 f   c2_hexacopter.obj
 0001:00011820       c2_eml_error               0000000180012820 f   c2_hexacopter.obj
 0001:00011a10       sf_opaque_get_sim_state_c2_hexacopter 0000000180012a10 f   c2_hexacopter.obj
 0001:00011a30       sf_opaque_set_sim_state_c2_hexacopter 0000000180012a30 f   c2_hexacopter.obj
 0001:00011a60       sf_opaque_terminate_c2_hexacopter 0000000180012a60 f   c2_hexacopter.obj
 0001:00011b00       finalize_c2_hexacopter     0000000180012b00 f   c2_hexacopter.obj
 0001:00011b10       sf_opaque_init_subchart_simstructs 0000000180012b10 f   c2_hexacopter.obj
 0001:00011b30       initSimStructsc2_hexacopter 0000000180012b30 f   c2_hexacopter.obj
 0001:00011b40       mdlRTW_c2_hexacopter       0000000180012b40 f   c2_hexacopter.obj
 0001:00011bf0       c4_info_helper             0000000180012bf0 f   c4_hexacopter.obj
 0001:00015660       c4_emlrt_marshallOut       0000000180016660 f   c4_hexacopter.obj
 0001:000156f0       c4_b_emlrt_marshallOut     00000001800166f0 f   c4_hexacopter.obj
 0001:00016140       get_sim_state_c4_hexacopter 0000000180017140 f   c4_hexacopter.obj
 0001:00016750       sf_get_sim_state_info_c4_hexacopter 0000000180017750 f   c4_hexacopter.obj
 0001:00016920       set_sim_state_c4_hexacopter 0000000180017920 f   c4_hexacopter.obj
 0001:00016b70       c4_update_debugger_state_c4_hexacopter 0000000180017b70 f   c4_hexacopter.obj
 0001:00016b80       c4_emlrt_marshallIn        0000000180017b80 f   c4_hexacopter.obj
 0001:00016bf0       c4_b_emlrt_marshallIn      0000000180017bf0 f   c4_hexacopter.obj
 0001:00016cb0       c4_c_emlrt_marshallIn      0000000180017cb0 f   c4_hexacopter.obj
 0001:00016d20       c4_d_emlrt_marshallIn      0000000180017d20 f   c4_hexacopter.obj
 0001:00016de0       c4_e_emlrt_marshallIn      0000000180017de0 f   c4_hexacopter.obj
 0001:00016e50       c4_f_emlrt_marshallIn      0000000180017e50 f   c4_hexacopter.obj
 0001:00016f10       c4_g_emlrt_marshallIn      0000000180017f10 f   c4_hexacopter.obj
 0001:00016f80       c4_h_emlrt_marshallIn      0000000180017f80 f   c4_hexacopter.obj
 0001:00017010       c4_i_emlrt_marshallIn      0000000180018010 f   c4_hexacopter.obj
 0001:00017080       c4_j_emlrt_marshallIn      0000000180018080 f   c4_hexacopter.obj
 0001:00017170       c4_l_emlrt_marshallIn      0000000180018170 f   c4_hexacopter.obj
 0001:000171d0       c4_m_emlrt_marshallIn      00000001800181d0 f   c4_hexacopter.obj
 0001:000172d0       mdlProcessParameters_c4_hexacopter 00000001800182d0 f   c4_hexacopter.obj
 0001:000173b0       initialize_params_c4_hexacopter 00000001800183b0 f   c4_hexacopter.obj
 0001:000173c0       mdlSetWorkWidths_c4_hexacopter 00000001800183c0 f   c4_hexacopter.obj
 0001:000178f0       sf_get_instance_specialization 00000001800188f0 f   c4_hexacopter.obj
 0001:00017900       mdlStart_c4_hexacopter     0000000180018900 f   c4_hexacopter.obj
 0001:00017b30       init_dsm_address_info      0000000180018b30 f   c4_hexacopter.obj
 0001:00017b40       chart_debug_initialization 0000000180018b40 f   c4_hexacopter.obj
 0001:000188c0       init_script_number_translation 00000001800198c0 f   c4_hexacopter.obj
 0001:000188e0       c4_d_sf_marshallOut        00000001800198e0 f   c4_hexacopter.obj
 0001:00018990       c4_d_sf_marshallIn         0000000180019990 f   c4_hexacopter.obj
 0001:00018a30       c4_e_sf_marshallOut        0000000180019a30 f   c4_hexacopter.obj
 0001:00018bb0       c4_e_sf_marshallIn         0000000180019bb0 f   c4_hexacopter.obj
 0001:00018cb0       sf_opaque_initialize_c4_hexacopter 0000000180019cb0 f   c4_hexacopter.obj
 0001:00018cf0       initialize_c4_hexacopter   0000000180019cf0 f   c4_hexacopter.obj
 0001:00018d60       sf_opaque_enable_c4_hexacopter 0000000180019d60 f   c4_hexacopter.obj
 0001:00018d80       enable_c4_hexacopter       0000000180019d80 f   c4_hexacopter.obj
 0001:00018db0       sf_opaque_disable_c4_hexacopter 0000000180019db0 f   c4_hexacopter.obj
 0001:00018dd0       disable_c4_hexacopter      0000000180019dd0 f   c4_hexacopter.obj
 0001:00018e00       sf_opaque_gateway_c4_hexacopter 0000000180019e00 f   c4_hexacopter.obj
 0001:00018e20       sf_gateway_c4_hexacopter   0000000180019e20 f   c4_hexacopter.obj
 0001:00019170       c4_chartstep_c4_hexacopter 000000018001a170 f   c4_hexacopter.obj
 0001:0001a980       c4_sf_marshallOut          000000018001b980 f   c4_hexacopter.obj
 0001:0001aaa0       c4_sf_marshallIn           000000018001baa0 f   c4_hexacopter.obj
 0001:0001ab40       c4_b_sf_marshallOut        000000018001bb40 f   c4_hexacopter.obj
 0001:0001ac60       c4_b_sf_marshallIn         000000018001bc60 f   c4_hexacopter.obj
 0001:0001ad00       c4_c_sf_marshallOut        000000018001bd00 f   c4_hexacopter.obj
 0001:0001ae20       c4_c_sf_marshallIn         000000018001be20 f   c4_hexacopter.obj
 0001:0001aec0       c4_atan2                   000000018001bec0 f   c4_hexacopter.obj
 0001:0001af10       c4_eml_error               000000018001bf10 f   c4_hexacopter.obj
 0001:0001b110       sf_opaque_get_sim_state_c4_hexacopter 000000018001c110 f   c4_hexacopter.obj
 0001:0001b130       sf_opaque_set_sim_state_c4_hexacopter 000000018001c130 f   c4_hexacopter.obj
 0001:0001b160       sf_opaque_terminate_c4_hexacopter 000000018001c160 f   c4_hexacopter.obj
 0001:0001b200       finalize_c4_hexacopter     000000018001c200 f   c4_hexacopter.obj
 0001:0001b210       sf_opaque_init_subchart_simstructs 000000018001c210 f   c4_hexacopter.obj
 0001:0001b230       initSimStructsc4_hexacopter 000000018001c230 f   c4_hexacopter.obj
 0001:0001b240       mdlRTW_c4_hexacopter       000000018001c240 f   c4_hexacopter.obj
 0001:0001b2f0       c5_info_helper             000000018001c2f0 f   c5_hexacopter.obj
 0001:00020100       c5_emlrt_marshallOut       0000000180021100 f   c5_hexacopter.obj
 0001:00020190       c5_b_emlrt_marshallOut     0000000180021190 f   c5_hexacopter.obj
 0001:00020aa0       get_sim_state_c5_hexacopter 0000000180021aa0 f   c5_hexacopter.obj
 0001:00020dd0       sf_get_sim_state_info_c5_hexacopter 0000000180021dd0 f   c5_hexacopter.obj
 0001:00020fa0       set_sim_state_c5_hexacopter 0000000180021fa0 f   c5_hexacopter.obj
 0001:00021110       c5_update_debugger_state_c5_hexacopter 0000000180022110 f   c5_hexacopter.obj
 0001:00021120       c5_emlrt_marshallIn        0000000180022120 f   c5_hexacopter.obj
 0001:00021190       c5_b_emlrt_marshallIn      0000000180022190 f   c5_hexacopter.obj
 0001:00021220       c5_d_emlrt_marshallIn      0000000180022220 f   c5_hexacopter.obj
 0001:00021280       c5_e_emlrt_marshallIn      0000000180022280 f   c5_hexacopter.obj
 0001:00021380       mdlProcessParameters_c5_hexacopter 0000000180022380 f   c5_hexacopter.obj
 0001:00021460       initialize_params_c5_hexacopter 0000000180022460 f   c5_hexacopter.obj
 0001:00021470       mdlSetWorkWidths_c5_hexacopter 0000000180022470 f   c5_hexacopter.obj
 0001:00021940       sf_get_instance_specialization 0000000180022940 f   c5_hexacopter.obj
 0001:00021950       mdlStart_c5_hexacopter     0000000180022950 f   c5_hexacopter.obj
 0001:00021b80       init_dsm_address_info      0000000180022b80 f   c5_hexacopter.obj
 0001:00021b90       chart_debug_initialization 0000000180022b90 f   c5_hexacopter.obj
 0001:000225b0       init_script_number_translation 00000001800235b0 f   c5_hexacopter.obj
 0001:000225d0       c5_sf_marshallOut          00000001800235d0 f   c5_hexacopter.obj
 0001:00022680       c5_sf_marshallIn           0000000180023680 f   c5_hexacopter.obj
 0001:00022720       c5_b_sf_marshallOut        0000000180023720 f   c5_hexacopter.obj
 0001:00022870       sf_opaque_initialize_c5_hexacopter 0000000180023870 f   c5_hexacopter.obj
 0001:000228b0       initialize_c5_hexacopter   00000001800238b0 f   c5_hexacopter.obj
 0001:00022900       sf_opaque_enable_c5_hexacopter 0000000180023900 f   c5_hexacopter.obj
 0001:00022920       enable_c5_hexacopter       0000000180023920 f   c5_hexacopter.obj
 0001:00022950       sf_opaque_disable_c5_hexacopter 0000000180023950 f   c5_hexacopter.obj
 0001:00022970       disable_c5_hexacopter      0000000180023970 f   c5_hexacopter.obj
 0001:000229a0       sf_opaque_gateway_c5_hexacopter 00000001800239a0 f   c5_hexacopter.obj
 0001:000229c0       sf_gateway_c5_hexacopter   00000001800239c0 f   c5_hexacopter.obj
 0001:00022cb0       c5_chartstep_c5_hexacopter 0000000180023cb0 f   c5_hexacopter.obj
 0001:00023820       c5_eml_scalar_eg           0000000180024820 f   c5_hexacopter.obj
 0001:00023830       c5_eml_error               0000000180024830 f   c5_hexacopter.obj
 0001:00023a40       sf_opaque_get_sim_state_c5_hexacopter 0000000180024a40 f   c5_hexacopter.obj
 0001:00023a60       sf_opaque_set_sim_state_c5_hexacopter 0000000180024a60 f   c5_hexacopter.obj
 0001:00023a90       sf_opaque_terminate_c5_hexacopter 0000000180024a90 f   c5_hexacopter.obj
 0001:00023b30       finalize_c5_hexacopter     0000000180024b30 f   c5_hexacopter.obj
 0001:00023b40       sf_opaque_init_subchart_simstructs 0000000180024b40 f   c5_hexacopter.obj
 0001:00023b60       initSimStructsc5_hexacopter 0000000180024b60 f   c5_hexacopter.obj
 0001:00023b70       mdlRTW_c5_hexacopter       0000000180024b70 f   c5_hexacopter.obj
 0001:00023c20       c6_info_helper             0000000180024c20 f   c6_hexacopter.obj
 0001:000240b0       c6_emlrt_marshallOut       00000001800250b0 f   c6_hexacopter.obj
 0001:00024140       c6_b_emlrt_marshallOut     0000000180025140 f   c6_hexacopter.obj
 0001:00024ce0       get_sim_state_c6_hexacopter 0000000180025ce0 f   c6_hexacopter.obj
 0001:00025800       sf_get_sim_state_info_c6_hexacopter 0000000180026800 f   c6_hexacopter.obj
 0001:000259d0       set_sim_state_c6_hexacopter 00000001800269d0 f   c6_hexacopter.obj
 0001:00025f60       c6_update_debugger_state_c6_hexacopter 0000000180026f60 f   c6_hexacopter.obj
 0001:00025f70       c6_emlrt_marshallIn        0000000180026f70 f   c6_hexacopter.obj
 0001:00025fe0       c6_b_emlrt_marshallIn      0000000180026fe0 f   c6_hexacopter.obj
 0001:00026120       c6_c_emlrt_marshallIn      0000000180027120 f   c6_hexacopter.obj
 0001:00026190       c6_d_emlrt_marshallIn      0000000180027190 f   c6_hexacopter.obj
 0001:000262c0       c6_e_emlrt_marshallIn      00000001800272c0 f   c6_hexacopter.obj
 0001:00026330       c6_f_emlrt_marshallIn      0000000180027330 f   c6_hexacopter.obj
 0001:00026460       c6_g_emlrt_marshallIn      0000000180027460 f   c6_hexacopter.obj
 0001:000264d0       c6_h_emlrt_marshallIn      00000001800274d0 f   c6_hexacopter.obj
 0001:00026610       c6_i_emlrt_marshallIn      0000000180027610 f   c6_hexacopter.obj
 0001:00026680       c6_j_emlrt_marshallIn      0000000180027680 f   c6_hexacopter.obj
 0001:00026740       c6_k_emlrt_marshallIn      0000000180027740 f   c6_hexacopter.obj
 0001:000267b0       c6_l_emlrt_marshallIn      00000001800277b0 f   c6_hexacopter.obj
 0001:000268a0       c6_m_emlrt_marshallIn      00000001800278a0 f   c6_hexacopter.obj
 0001:00026910       c6_n_emlrt_marshallIn      0000000180027910 f   c6_hexacopter.obj
 0001:00026a10       c6_s_emlrt_marshallIn      0000000180027a10 f   c6_hexacopter.obj
 0001:00026a70       c6_t_emlrt_marshallIn      0000000180027a70 f   c6_hexacopter.obj
 0001:00026b70       mdlProcessParameters_c6_hexacopter 0000000180027b70 f   c6_hexacopter.obj
 0001:00026c50       initialize_params_c6_hexacopter 0000000180027c50 f   c6_hexacopter.obj
 0001:00026c60       mdlSetWorkWidths_c6_hexacopter 0000000180027c60 f   c6_hexacopter.obj
 0001:00027160       sf_get_instance_specialization 0000000180028160 f   c6_hexacopter.obj
 0001:00027170       mdlStart_c6_hexacopter     0000000180028170 f   c6_hexacopter.obj
 0001:000273a0       init_dsm_address_info      00000001800283a0 f   c6_hexacopter.obj
 0001:000273b0       chart_debug_initialization 00000001800283b0 f   c6_hexacopter.obj
 0001:00028360       init_script_number_translation 0000000180029360 f   c6_hexacopter.obj
 0001:00028380       c6_f_sf_marshallOut        0000000180029380 f   c6_hexacopter.obj
 0001:000284e0       c6_f_sf_marshallIn         00000001800294e0 f   c6_hexacopter.obj
 0001:000285e0       c6_g_sf_marshallOut        00000001800295e0 f   c6_hexacopter.obj
 0001:00028740       c6_g_sf_marshallIn         0000000180029740 f   c6_hexacopter.obj
 0001:00028840       sf_opaque_initialize_c6_hexacopter 0000000180029840 f   c6_hexacopter.obj
 0001:00028880       initialize_c6_hexacopter   0000000180029880 f   c6_hexacopter.obj
 0001:00028900       sf_opaque_enable_c6_hexacopter 0000000180029900 f   c6_hexacopter.obj
 0001:00028920       enable_c6_hexacopter       0000000180029920 f   c6_hexacopter.obj
 0001:00028950       sf_opaque_disable_c6_hexacopter 0000000180029950 f   c6_hexacopter.obj
 0001:00028970       disable_c6_hexacopter      0000000180029970 f   c6_hexacopter.obj
 0001:000289a0       sf_opaque_gateway_c6_hexacopter 00000001800299a0 f   c6_hexacopter.obj
 0001:000289c0       sf_gateway_c6_hexacopter   00000001800299c0 f   c6_hexacopter.obj
 0001:0002b650       c6_sf_marshallOut          000000018002c650 f   c6_hexacopter.obj
 0001:0002b830       c6_sf_marshallIn           000000018002c830 f   c6_hexacopter.obj
 0001:0002b930       c6_b_sf_marshallOut        000000018002c930 f   c6_hexacopter.obj
 0001:0002bb10       c6_b_sf_marshallIn         000000018002cb10 f   c6_hexacopter.obj
 0001:0002bc10       c6_c_sf_marshallOut        000000018002cc10 f   c6_hexacopter.obj
 0001:0002beb0       c6_c_sf_marshallIn         000000018002ceb0 f   c6_hexacopter.obj
 0001:0002c000       c6_d_sf_marshallOut        000000018002d000 f   c6_hexacopter.obj
 0001:0002c290       c6_d_sf_marshallIn         000000018002d290 f   c6_hexacopter.obj
 0001:0002c3f0       c6_e_sf_marshallOut        000000018002d3f0 f   c6_hexacopter.obj
 0001:0002c510       c6_e_sf_marshallIn         000000018002d510 f   c6_hexacopter.obj
 0001:0002c5b0       c6_h_sf_marshallOut        000000018002d5b0 f   c6_hexacopter.obj
 0001:0002c660       c6_h_sf_marshallIn         000000018002d660 f   c6_hexacopter.obj
 0001:0002c700       c6_o_emlrt_marshallIn      000000018002d700 f   c6_hexacopter.obj
 0001:0002c790       c6_i_sf_marshallOut        000000018002d790 f   c6_hexacopter.obj
 0001:0002c830       c6_j_sf_marshallOut        000000018002d830 f   c6_hexacopter.obj
 0001:0002c990       c6_i_sf_marshallIn         000000018002d990 f   c6_hexacopter.obj
 0001:0002caa0       c6_p_emlrt_marshallIn      000000018002daa0 f   c6_hexacopter.obj
 0001:0002cb10       c6_q_emlrt_marshallIn      000000018002db10 f   c6_hexacopter.obj
 0001:0002cc00       sf_opaque_get_sim_state_c6_hexacopter 000000018002dc00 f   c6_hexacopter.obj
 0001:0002cc20       sf_opaque_set_sim_state_c6_hexacopter 000000018002dc20 f   c6_hexacopter.obj
 0001:0002cc50       sf_opaque_terminate_c6_hexacopter 000000018002dc50 f   c6_hexacopter.obj
 0001:0002ccf0       finalize_c6_hexacopter     000000018002dcf0 f   c6_hexacopter.obj
 0001:0002cd00       sf_opaque_init_subchart_simstructs 000000018002dd00 f   c6_hexacopter.obj
 0001:0002cd20       initSimStructsc6_hexacopter 000000018002dd20 f   c6_hexacopter.obj
 0001:0002cd30       mdlRTW_c6_hexacopter       000000018002dd30 f   c6_hexacopter.obj
 0001:0002cde0       c7_info_helper             000000018002dde0 f   c7_hexacopter.obj
 0001:00034590       c7_emlrt_marshallOut       0000000180035590 f   c7_hexacopter.obj
 0001:00034620       c7_b_emlrt_marshallOut     0000000180035620 f   c7_hexacopter.obj
 0001:00034f30       get_sim_state_c7_hexacopter 0000000180035f30 f   c7_hexacopter.obj
 0001:000355f0       sf_get_sim_state_info_c7_hexacopter 00000001800365f0 f   c7_hexacopter.obj
 0001:000357c0       set_sim_state_c7_hexacopter 00000001800367c0 f   c7_hexacopter.obj
 0001:00035b40       c7_update_debugger_state_c7_hexacopter 0000000180036b40 f   c7_hexacopter.obj
 0001:00035b50       c7_emlrt_marshallIn        0000000180036b50 f   c7_hexacopter.obj
 0001:00035bc0       c7_b_emlrt_marshallIn      0000000180036bc0 f   c7_hexacopter.obj
 0001:00035d00       c7_c_emlrt_marshallIn      0000000180036d00 f   c7_hexacopter.obj
 0001:00035d70       c7_d_emlrt_marshallIn      0000000180036d70 f   c7_hexacopter.obj
 0001:00035e90       c7_e_emlrt_marshallIn      0000000180036e90 f   c7_hexacopter.obj
 0001:00035f00       c7_f_emlrt_marshallIn      0000000180036f00 f   c7_hexacopter.obj
 0001:00036030       c7_g_emlrt_marshallIn      0000000180037030 f   c7_hexacopter.obj
 0001:000360a0       c7_h_emlrt_marshallIn      00000001800370a0 f   c7_hexacopter.obj
 0001:000361a0       c7_i_emlrt_marshallIn      00000001800371a0 f   c7_hexacopter.obj
 0001:00036210       c7_j_emlrt_marshallIn      0000000180037210 f   c7_hexacopter.obj
 0001:00036300       c7_n_emlrt_marshallIn      0000000180037300 f   c7_hexacopter.obj
 0001:00036360       c7_o_emlrt_marshallIn      0000000180037360 f   c7_hexacopter.obj
 0001:00036460       mdlProcessParameters_c7_hexacopter 0000000180037460 f   c7_hexacopter.obj
 0001:00036540       initialize_params_c7_hexacopter 0000000180037540 f   c7_hexacopter.obj
 0001:00036550       mdlSetWorkWidths_c7_hexacopter 0000000180037550 f   c7_hexacopter.obj
 0001:00036a50       sf_get_instance_specialization 0000000180037a50 f   c7_hexacopter.obj
 0001:00036a60       mdlStart_c7_hexacopter     0000000180037a60 f   c7_hexacopter.obj
 0001:00036c90       init_dsm_address_info      0000000180037c90 f   c7_hexacopter.obj
 0001:00036ca0       chart_debug_initialization 0000000180037ca0 f   c7_hexacopter.obj
 0001:000378f0       init_script_number_translation 00000001800388f0 f   c7_hexacopter.obj
 0001:00037910       c7_d_sf_marshallOut        0000000180038910 f   c7_hexacopter.obj
 0001:00037b60       c7_d_sf_marshallIn         0000000180038b60 f   c7_hexacopter.obj
 0001:00037cf0       c7_e_sf_marshallOut        0000000180038cf0 f   c7_hexacopter.obj
 0001:00037e40       c7_e_sf_marshallIn         0000000180038e40 f   c7_hexacopter.obj
 0001:00037f40       c7_f_sf_marshallOut        0000000180038f40 f   c7_hexacopter.obj
 0001:00037ff0       c7_g_sf_marshallOut        0000000180038ff0 f   c7_hexacopter.obj
 0001:00038160       sf_opaque_initialize_c7_hexacopter 0000000180039160 f   c7_hexacopter.obj
 0001:000381a0       initialize_c7_hexacopter   00000001800391a0 f   c7_hexacopter.obj
 0001:00038210       sf_opaque_enable_c7_hexacopter 0000000180039210 f   c7_hexacopter.obj
 0001:00038230       enable_c7_hexacopter       0000000180039230 f   c7_hexacopter.obj
 0001:00038260       sf_opaque_disable_c7_hexacopter 0000000180039260 f   c7_hexacopter.obj
 0001:00038280       disable_c7_hexacopter      0000000180039280 f   c7_hexacopter.obj
 0001:000382b0       sf_opaque_gateway_c7_hexacopter 00000001800392b0 f   c7_hexacopter.obj
 0001:000382d0       sf_gateway_c7_hexacopter   00000001800392d0 f   c7_hexacopter.obj
 0001:00038630       c7_chartstep_c7_hexacopter 0000000180039630 f   c7_hexacopter.obj
 0001:0003a5d0       c7_sf_marshallOut          000000018003b5d0 f   c7_hexacopter.obj
 0001:0003a880       c7_sf_marshallIn           000000018003b880 f   c7_hexacopter.obj
 0001:0003aa10       c7_b_sf_marshallOut        000000018003ba10 f   c7_hexacopter.obj
 0001:0003abe0       c7_b_sf_marshallIn         000000018003bbe0 f   c7_hexacopter.obj
 0001:0003ace0       c7_c_sf_marshallOut        000000018003bce0 f   c7_hexacopter.obj
 0001:0003af80       c7_c_sf_marshallIn         000000018003bf80 f   c7_hexacopter.obj
 0001:0003b110       c7_h_sf_marshallOut        000000018003c110 f   c7_hexacopter.obj
 0001:0003b1c0       c7_f_sf_marshallIn         000000018003c1c0 f   c7_hexacopter.obj
 0001:0003b260       c7_k_emlrt_marshallIn      000000018003c260 f   c7_hexacopter.obj
 0001:0003b2f0       c7_i_sf_marshallOut        000000018003c2f0 f   c7_hexacopter.obj
 0001:0003b540       c7_g_sf_marshallIn         000000018003c540 f   c7_hexacopter.obj
 0001:0003b6d0       c7_l_emlrt_marshallIn      000000018003c6d0 f   c7_hexacopter.obj
 0001:0003b7d0       c7_scalarEg                000000018003c7d0 f   c7_hexacopter.obj
 0001:0003b7e0       c7_eml_xdotu               000000018003c7e0 f   c7_hexacopter.obj
 0001:0003b9f0       sf_opaque_get_sim_state_c7_hexacopter 000000018003c9f0 f   c7_hexacopter.obj
 0001:0003ba10       sf_opaque_set_sim_state_c7_hexacopter 000000018003ca10 f   c7_hexacopter.obj
 0001:0003ba40       sf_opaque_terminate_c7_hexacopter 000000018003ca40 f   c7_hexacopter.obj
 0001:0003bae0       finalize_c7_hexacopter     000000018003cae0 f   c7_hexacopter.obj
 0001:0003baf0       sf_opaque_init_subchart_simstructs 000000018003caf0 f   c7_hexacopter.obj
 0001:0003bb10       initSimStructsc7_hexacopter 000000018003cb10 f   c7_hexacopter.obj
 0001:0003bb20       mdlRTW_c7_hexacopter       000000018003cb20 f   c7_hexacopter.obj
 0001:0003c5b0       get_sim_state_c8_hexacopter 000000018003d5b0 f   c8_hexacopter.obj
 0001:0003c7d0       sf_get_sim_state_info_c8_hexacopter 000000018003d7d0 f   c8_hexacopter.obj
 0001:0003c9a0       set_sim_state_c8_hexacopter 000000018003d9a0 f   c8_hexacopter.obj
 0001:0003cae0       c8_update_debugger_state_c8_hexacopter 000000018003dae0 f   c8_hexacopter.obj
 0001:0003caf0       c8_b_emlrt_marshallIn      000000018003daf0 f   c8_hexacopter.obj
 0001:0003cb60       c8_c_emlrt_marshallIn      000000018003db60 f   c8_hexacopter.obj
 0001:0003cc60       c8_e_emlrt_marshallIn      000000018003dc60 f   c8_hexacopter.obj
 0001:0003ccc0       c8_f_emlrt_marshallIn      000000018003dcc0 f   c8_hexacopter.obj
 0001:0003cdc0       mdlProcessParameters_c8_hexacopter 000000018003ddc0 f   c8_hexacopter.obj
 0001:0003cea0       initialize_params_c8_hexacopter 000000018003dea0 f   c8_hexacopter.obj
 0001:0003ceb0       mdlSetWorkWidths_c8_hexacopter 000000018003deb0 f   c8_hexacopter.obj
 0001:0003d410       sf_get_instance_specialization 000000018003e410 f   c8_hexacopter.obj
 0001:0003d420       mdlStart_c8_hexacopter     000000018003e420 f   c8_hexacopter.obj
 0001:0003d650       init_dsm_address_info      000000018003e650 f   c8_hexacopter.obj
 0001:0003d660       chart_debug_initialization 000000018003e660 f   c8_hexacopter.obj
 0001:0003e220       init_script_number_translation 000000018003f220 f   c8_hexacopter.obj
 0001:0003e240       c8_sf_marshallOut          000000018003f240 f   c8_hexacopter.obj
 0001:0003e3c0       c8_sf_marshallIn           000000018003f3c0 f   c8_hexacopter.obj
 0001:0003e4d0       c8_b_sf_marshallOut        000000018003f4d0 f   c8_hexacopter.obj
 0001:0003e650       c8_c_sf_marshallOut        000000018003f650 f   c8_hexacopter.obj
 0001:0003e8a0       c8_d_sf_marshallOut        000000018003f8a0 f   c8_hexacopter.obj
 0001:0003eb00       sf_opaque_initialize_c8_hexacopter 000000018003fb00 f   c8_hexacopter.obj
 0001:0003eb40       initialize_c8_hexacopter   000000018003fb40 f   c8_hexacopter.obj
 0001:0003eb90       sf_opaque_enable_c8_hexacopter 000000018003fb90 f   c8_hexacopter.obj
 0001:0003ebb0       enable_c8_hexacopter       000000018003fbb0 f   c8_hexacopter.obj
 0001:0003ebe0       sf_opaque_disable_c8_hexacopter 000000018003fbe0 f   c8_hexacopter.obj
 0001:0003ec00       disable_c8_hexacopter      000000018003fc00 f   c8_hexacopter.obj
 0001:0003ec30       sf_opaque_gateway_c8_hexacopter 000000018003fc30 f   c8_hexacopter.obj
 0001:0003ec50       sf_gateway_c8_hexacopter   000000018003fc50 f   c8_hexacopter.obj
 0001:0003fcc0       c8_e_sf_marshallOut        0000000180040cc0 f   c8_hexacopter.obj
 0001:0003fd70       c8_b_sf_marshallIn         0000000180040d70 f   c8_hexacopter.obj
 0001:0003fe10       c8_emlrt_marshallIn        0000000180040e10 f   c8_hexacopter.obj
 0001:0003fea0       sf_opaque_get_sim_state_c8_hexacopter 0000000180040ea0 f   c8_hexacopter.obj
 0001:0003fec0       sf_opaque_set_sim_state_c8_hexacopter 0000000180040ec0 f   c8_hexacopter.obj
 0001:0003fef0       sf_opaque_terminate_c8_hexacopter 0000000180040ef0 f   c8_hexacopter.obj
 0001:0003ff90       finalize_c8_hexacopter     0000000180040f90 f   c8_hexacopter.obj
 0001:0003ffa0       sf_opaque_init_subchart_simstructs 0000000180040fa0 f   c8_hexacopter.obj
 0001:0003ffc0       initSimStructsc8_hexacopter 0000000180040fc0 f   c8_hexacopter.obj
 0001:0003ffd0       mdlRTW_c8_hexacopter       0000000180040fd0 f   c8_hexacopter.obj
 0001:00040080       c9_info_helper             0000000180041080 f   c9_hexacopter.obj
 0001:00043af0       c9_emlrt_marshallOut       0000000180044af0 f   c9_hexacopter.obj
 0001:00043b80       c9_b_emlrt_marshallOut     0000000180044b80 f   c9_hexacopter.obj
 0001:00044340       get_sim_state_c9_hexacopter 0000000180045340 f   c9_hexacopter.obj
 0001:00044690       sf_get_sim_state_info_c9_hexacopter 0000000180045690 f   c9_hexacopter.obj
 0001:00044860       set_sim_state_c9_hexacopter 0000000180045860 f   c9_hexacopter.obj
 0001:00044a10       c9_update_debugger_state_c9_hexacopter 0000000180045a10 f   c9_hexacopter.obj
 0001:00044a20       c9_emlrt_marshallIn        0000000180045a20 f   c9_hexacopter.obj
 0001:00044a90       c9_b_emlrt_marshallIn      0000000180045a90 f   c9_hexacopter.obj
 0001:00044bb0       c9_c_emlrt_marshallIn      0000000180045bb0 f   c9_hexacopter.obj
 0001:00044c20       c9_d_emlrt_marshallIn      0000000180045c20 f   c9_hexacopter.obj
 0001:00044d10       c9_g_emlrt_marshallIn      0000000180045d10 f   c9_hexacopter.obj
 0001:00044d70       c9_h_emlrt_marshallIn      0000000180045d70 f   c9_hexacopter.obj
 0001:00044e70       mdlProcessParameters_c9_hexacopter 0000000180045e70 f   c9_hexacopter.obj
 0001:00044f50       initialize_params_c9_hexacopter 0000000180045f50 f   c9_hexacopter.obj
 0001:00044f60       mdlSetWorkWidths_c9_hexacopter 0000000180045f60 f   c9_hexacopter.obj
 0001:00045460       sf_get_instance_specialization 0000000180046460 f   c9_hexacopter.obj
 0001:00045470       mdlStart_c9_hexacopter     0000000180046470 f   c9_hexacopter.obj
 0001:000456a0       init_dsm_address_info      00000001800466a0 f   c9_hexacopter.obj
 0001:000456b0       chart_debug_initialization 00000001800466b0 f   c9_hexacopter.obj
 0001:00046060       init_script_number_translation 0000000180047060 f   c9_hexacopter.obj
 0001:00046080       c9_b_sf_marshallOut        0000000180047080 f   c9_hexacopter.obj
 0001:000461e0       c9_b_sf_marshallIn         00000001800471e0 f   c9_hexacopter.obj
 0001:000462e0       c9_c_sf_marshallOut        00000001800472e0 f   c9_hexacopter.obj
 0001:00046530       c9_d_sf_marshallOut        0000000180047530 f   c9_hexacopter.obj
 0001:000466c0       sf_opaque_initialize_c9_hexacopter 00000001800476c0 f   c9_hexacopter.obj
 0001:00046700       initialize_c9_hexacopter   0000000180047700 f   c9_hexacopter.obj
 0001:00046750       sf_opaque_enable_c9_hexacopter 0000000180047750 f   c9_hexacopter.obj
 0001:00046770       enable_c9_hexacopter       0000000180047770 f   c9_hexacopter.obj
 0001:000467a0       sf_opaque_disable_c9_hexacopter 00000001800477a0 f   c9_hexacopter.obj
 0001:000467c0       disable_c9_hexacopter      00000001800477c0 f   c9_hexacopter.obj
 0001:000467f0       sf_opaque_gateway_c9_hexacopter 00000001800477f0 f   c9_hexacopter.obj
 0001:00046810       sf_gateway_c9_hexacopter   0000000180047810 f   c9_hexacopter.obj
 0001:00047c10       c9_sf_marshallOut          0000000180048c10 f   c9_hexacopter.obj
 0001:00047de0       c9_sf_marshallIn           0000000180048de0 f   c9_hexacopter.obj
 0001:00047ee0       c9_e_sf_marshallOut        0000000180048ee0 f   c9_hexacopter.obj
 0001:00047f90       c9_c_sf_marshallIn         0000000180048f90 f   c9_hexacopter.obj
 0001:00048030       c9_e_emlrt_marshallIn      0000000180049030 f   c9_hexacopter.obj
 0001:000480c0       c9_eml_scalar_eg           00000001800490c0 f   c9_hexacopter.obj
 0001:000480d0       c9_b_eml_xgemm             00000001800490d0 f   c9_hexacopter.obj
 0001:000481b0       sf_opaque_get_sim_state_c9_hexacopter 00000001800491b0 f   c9_hexacopter.obj
 0001:000481d0       sf_opaque_set_sim_state_c9_hexacopter 00000001800491d0 f   c9_hexacopter.obj
 0001:00048200       sf_opaque_terminate_c9_hexacopter 0000000180049200 f   c9_hexacopter.obj
 0001:000482a0       finalize_c9_hexacopter     00000001800492a0 f   c9_hexacopter.obj
 0001:000482b0       sf_opaque_init_subchart_simstructs 00000001800492b0 f   c9_hexacopter.obj
 0001:000482d0       initSimStructsc9_hexacopter 00000001800492d0 f   c9_hexacopter.obj
 0001:000482e0       mdlRTW_c9_hexacopter       00000001800492e0 f   c9_hexacopter.obj
 0001:00048c50       getChartInfoFromSimStruct  0000000180049c50 f   hexacopter_sfun_registry.obj
 0001:0004a2f0       _ssFatalError              000000018004b2f0 f   hexacopter_sfun_registry.obj
 0001:0004d3a0       ProcessMexSfunctionCmdLineCall 000000018004e3a0 f   hexacopter_sfun_registry.obj
 0001:0004d4d0       sf_debug_api_wrapper       000000018004e4d0 f   hexacopter_sfun_registry.obj
 0001:0004d520       mdlStart                   000000018004e520 f   hexacopter_sfun_registry.obj
 0001:0004d550       mdl_start_processing       000000018004e550 f   hexacopter_sfun_registry.obj
 0001:0004d5e0       mdlTerminate               000000018004e5e0 f   hexacopter_sfun_registry.obj
 0001:0004d610       mdl_terminate_processing   000000018004e610 f   hexacopter_sfun_registry.obj
 0001:0004d690       mdlInitializeSampleTimes   000000018004e690 f   hexacopter_sfun_registry.obj
 0001:0004d6c0       mdlZeroCrossings           000000018004e6c0 f   hexacopter_sfun_registry.obj
 0001:0004d6f0       mdl_zeroCrossings_processing 000000018004e6f0 f   hexacopter_sfun_registry.obj
 0001:0004d730       mdlDerivatives             000000018004e730 f   hexacopter_sfun_registry.obj
 0001:0004d760       mdl_derivatives_processing 000000018004e760 f   hexacopter_sfun_registry.obj
 0001:0004d7b0       mdlInitializeConditions    000000018004e7b0 f   hexacopter_sfun_registry.obj
 0001:0004d7e0       mdl_initialize_conditions_processing 000000018004e7e0 f   hexacopter_sfun_registry.obj
 0001:0004d830       mdlEnable                  000000018004e830 f   hexacopter_sfun_registry.obj
 0001:0004d860       mdl_enable_processing      000000018004e860 f   hexacopter_sfun_registry.obj
 0001:0004d8a0       mdlDisable                 000000018004e8a0 f   hexacopter_sfun_registry.obj
 0001:0004d8d0       mdl_disable_processing     000000018004e8d0 f   hexacopter_sfun_registry.obj
 0001:0004d910       mdlOutputs                 000000018004e910 f   hexacopter_sfun_registry.obj
 0001:0004d940       mdl_outputs_processing     000000018004e940 f   hexacopter_sfun_registry.obj
 0001:0004da20       mdl_outputs_continuous_legacy 000000018004ea20 f   hexacopter_sfun_registry.obj
 0001:0004db10       mdlGetTimeOfNextVarHit     000000018004eb10 f   hexacopter_sfun_registry.obj
 0001:0004db60       _ProcessMexSfunctionCmdLineCall 000000018004eb60 f   hexacopter_sfun_registry.obj
 0001:0004e2b0       mdlSetWorkWidths           000000018004f2b0 f   hexacopter_sfun_registry.obj
 0001:0004e2e0       mdlProcessParameters       000000018004f2e0 f   hexacopter_sfun_registry.obj
 0001:0004e310       mdlInitializeSizes         000000018004f310 f   hexacopter_sfun_registry.obj
 0001:0004e340       mdlExtModeExec             000000018004f340 f   hexacopter_sfun_registry.obj
 0001:0004e370       mdl_ext_mode_exec_processing 000000018004f370 f   hexacopter_sfun_registry.obj
 0001:0004e3b0       mdlRTW                     000000018004f3b0 f   hexacopter_sfun_registry.obj
 0001:0004e3f0       _CreateSimStruct           000000018004f3f0 f   hexacopter_sfun_registry.obj
 0001:0004e580       _RegNumInputPortsCB        000000018004f580 f   hexacopter_sfun_registry.obj
 0001:0004e600       _RegNumOutputPortsCB       000000018004f600 f   hexacopter_sfun_registry.obj
 0001:0004ebb8       pre_c_init                 000000018004fbb8 f   MSVCRT:crtdll.obj
 0001:0004ee74       __DllMainCRTStartup        000000018004fe74 f   MSVCRT:crtdll.obj
 0001:0004f4e0       __DllMainCRTStartup$filt$0 00000001800504e0 f   MSVCRT:crtdll.obj
 0001:0004f510       __DllMainCRTStartup$fin$1  0000000180050510 f   MSVCRT:crtdll.obj
 0001:0004f52a       _onexit$fin$0              000000018005052a f   MSVCRT:atonexit.obj
 0001:0004f550       _IsNonwritableInCurrentImage$filt$0 0000000180050550 f   MSVCRT:pesect.obj
