 hexacopter_sfun

 Timestamp is 5401a113 (Sat Aug 30 12:01:55 2014)

 Preferred load address is 0000000180000000

 Start         Length     Name                   Class
 0001:00000000 00054404H .text                   CODE
 0001:00054410 00000092H .text$x                 CODE
 0002:00000000 00000498H .idata$5                DATA
 0002:00000498 00000008H .CRT$XCA                DATA
 0002:000004a0 00000008H .CRT$XCZ                DATA
 0002:000004a8 00000008H .CRT$XIA                DATA
 0002:000004b0 00000008H .CRT$XIAA               DATA
 0002:000004b8 00000008H .CRT$XIZ                DATA
 0002:000004c0 000007e4H .rdata                  DATA
 0002:00000ca8 00000008H .rtc$IAA                DATA
 0002:00000cb0 00000008H .rtc$IZZ                DATA
 0002:00000cb8 00000008H .rtc$TAA                DATA
 0002:00000cc0 00000008H .rtc$TZZ                DATA
 0002:00000cc8 0000132cH .xdata                  DATA
 0002:00001ff4 0000008cH .idata$2                DATA
 0002:00002080 00000014H .idata$3                DATA
 0002:00002098 00000498H .idata$4                DATA
 0002:00002530 00000c9aH .idata$6                DATA
 0002:000031d0 00000055H .edata                  DATA
 0003:00000000 00019e48H .data                   DATA
 0003:00019e50 00000748H .bss                    DATA
 0004:00000000 0000171cH .pdata                  DATA

  Address         Publics by Value              Rva+Base               Lib:Object

 0000:00000000       ___safe_se_handler_count   0000000000000000     <absolute>
 0000:00000000       ___safe_se_handler_table   0000000000000000     <absolute>
 0000:00000000       __ImageBase                0000000180000000     <linker-defined>
 0001:00000000       hexacopter_initializer     0000000180001000 f   hexacopter_sfun.obj
 0001:00000010       hexacopter_terminator      0000000180001010 f   hexacopter_sfun.obj
 0001:00000020       sf_hexacopter_method_dispatcher 0000000180001020 f   hexacopter_sfun.obj
 0001:00000140       sf_hexacopter_process_check_sum_call 0000000180001140 f   hexacopter_sfun.obj
 0001:000005e0       sf_hexacopter_autoinheritance_info 00000001800015e0 f   hexacopter_sfun.obj
 0001:00000940       sf_hexacopter_get_eml_resolved_functions_info 0000000180001940 f   hexacopter_sfun.obj
 0001:00000c00       sf_hexacopter_third_party_uses_info 0000000180001c00 f   hexacopter_sfun.obj
 0001:00000ea0       sf_hexacopter_updateBuildInfo_args_info 0000000180001ea0 f   hexacopter_sfun.obj
 0001:00001140       hexacopter_debug_initialize 0000000180002140 f   hexacopter_sfun.obj
 0001:000011c0       hexacopter_register_exported_symbols 00000001800021c0 f   hexacopter_sfun.obj
 0001:000011d0       load_hexacopter_optimization_info 00000001800021d0 f   hexacopter_sfun.obj
 0001:00001220       unload_hexacopter_optimization_info 0000000180002220 f   hexacopter_sfun.obj
 0001:00001250       sf_c2_hexacopter_get_eml_resolved_functions_info 0000000180002250 f   c2_hexacopter.obj
 0001:000061d0       sf_c2_hexacopter_get_check_sum 00000001800071d0 f   c2_hexacopter.obj
 0001:00006250       sf_c2_hexacopter_get_autoinheritance_info 0000000180007250 f   c2_hexacopter.obj
 0001:00006910       sf_c2_hexacopter_third_party_uses_info 0000000180007910 f   c2_hexacopter.obj
 0001:00006940       sf_c2_hexacopter_updateBuildInfo_args_info 0000000180007940 f   c2_hexacopter.obj
 0001:00006970       sf_internal_get_sim_state_c2_hexacopter 0000000180007970 f   c2_hexacopter.obj
 0001:00006f80       sf_internal_set_sim_state_c2_hexacopter 0000000180007f80 f   c2_hexacopter.obj
 0001:00007570       c2_hexacopter_method_dispatcher 0000000180008570 f   c2_hexacopter.obj
 0001:0000a280       sf_c4_hexacopter_get_eml_resolved_functions_info 000000018000b280 f   c4_hexacopter.obj
 0001:0000de60       sf_c4_hexacopter_get_check_sum 000000018000ee60 f   c4_hexacopter.obj
 0001:0000dee0       sf_c4_hexacopter_get_autoinheritance_info 000000018000eee0 f   c4_hexacopter.obj
 0001:0000e6e0       sf_c4_hexacopter_third_party_uses_info 000000018000f6e0 f   c4_hexacopter.obj
 0001:0000e710       sf_c4_hexacopter_updateBuildInfo_args_info 000000018000f710 f   c4_hexacopter.obj
 0001:0000e740       sf_internal_get_sim_state_c4_hexacopter 000000018000f740 f   c4_hexacopter.obj
 0001:0000ef10       sf_internal_set_sim_state_c4_hexacopter 000000018000ff10 f   c4_hexacopter.obj
 0001:0000f960       c4_hexacopter_method_dispatcher 0000000180010960 f   c4_hexacopter.obj
 0001:00013980       sf_c5_hexacopter_get_eml_resolved_functions_info 0000000180014980 f   c5_hexacopter.obj
 0001:00018900       sf_c5_hexacopter_get_check_sum 0000000180019900 f   c5_hexacopter.obj
 0001:00018980       sf_c5_hexacopter_get_autoinheritance_info 0000000180019980 f   c5_hexacopter.obj
 0001:00019040       sf_c5_hexacopter_third_party_uses_info 000000018001a040 f   c5_hexacopter.obj
 0001:00019070       sf_c5_hexacopter_updateBuildInfo_args_info 000000018001a070 f   c5_hexacopter.obj
 0001:000190a0       sf_internal_get_sim_state_c5_hexacopter 000000018001a0a0 f   c5_hexacopter.obj
 0001:00019590       sf_internal_set_sim_state_c5_hexacopter 000000018001a590 f   c5_hexacopter.obj
 0001:00019a10       c5_hexacopter_method_dispatcher 000000018001aa10 f   c5_hexacopter.obj
 0001:0001c2b0       sf_c6_hexacopter_get_eml_resolved_functions_info 000000018001d2b0 f   c6_hexacopter.obj
 0001:0001c8b0       sf_c6_hexacopter_get_check_sum 000000018001d8b0 f   c6_hexacopter.obj
 0001:0001c930       sf_c6_hexacopter_get_autoinheritance_info 000000018001d930 f   c6_hexacopter.obj
 0001:0001d280       sf_c6_hexacopter_third_party_uses_info 000000018001e280 f   c6_hexacopter.obj
 0001:0001d2b0       sf_c6_hexacopter_updateBuildInfo_args_info 000000018001e2b0 f   c6_hexacopter.obj
 0001:0001d2e0       sf_internal_get_sim_state_c6_hexacopter 000000018001e2e0 f   c6_hexacopter.obj
 0001:0001dfc0       sf_internal_set_sim_state_c6_hexacopter 000000018001efc0 f   c6_hexacopter.obj
 0001:0001f200       c6_hexacopter_method_dispatcher 0000000180020200 f   c6_hexacopter.obj
 0001:00025470       sf_c7_hexacopter_get_eml_resolved_functions_info 0000000180026470 f   c7_hexacopter.obj
 0001:0002cd90       sf_c7_hexacopter_get_check_sum 000000018002dd90 f   c7_hexacopter.obj
 0001:0002ce10       sf_c7_hexacopter_get_autoinheritance_info 000000018002de10 f   c7_hexacopter.obj
 0001:0002d4d0       sf_c7_hexacopter_third_party_uses_info 000000018002e4d0 f   c7_hexacopter.obj
 0001:0002d500       sf_c7_hexacopter_updateBuildInfo_args_info 000000018002e500 f   c7_hexacopter.obj
 0001:0002d530       sf_internal_get_sim_state_c7_hexacopter 000000018002e530 f   c7_hexacopter.obj
 0001:0002ddb0       sf_internal_set_sim_state_c7_hexacopter 000000018002edb0 f   c7_hexacopter.obj
 0001:0002eaf0       c7_hexacopter_method_dispatcher 000000018002faf0 f   c7_hexacopter.obj
 0001:00034260       sf_c8_hexacopter_get_eml_resolved_functions_info 0000000180035260 f   c8_hexacopter.obj
 0001:0003e2b0       sf_c8_hexacopter_get_check_sum 000000018003f2b0 f   c8_hexacopter.obj
 0001:0003e330       sf_c8_hexacopter_get_autoinheritance_info 000000018003f330 f   c8_hexacopter.obj
 0001:0003eb20       sf_c8_hexacopter_third_party_uses_info 000000018003fb20 f   c8_hexacopter.obj
 0001:0003eb50       sf_c8_hexacopter_updateBuildInfo_args_info 000000018003fb50 f   c8_hexacopter.obj
 0001:0003eb80       sf_internal_get_sim_state_c8_hexacopter 000000018003fb80 f   c8_hexacopter.obj
 0001:0003ef60       sf_internal_set_sim_state_c8_hexacopter 000000018003ff60 f   c8_hexacopter.obj
 0001:0003f410       c8_hexacopter_method_dispatcher 0000000180040410 f   c8_hexacopter.obj
 0001:00045a80       sf_c9_hexacopter_get_eml_resolved_functions_info 0000000180046a80 f   c9_hexacopter.obj
 0001:00049660       sf_c9_hexacopter_get_check_sum 000000018004a660 f   c9_hexacopter.obj
 0001:000496e0       sf_c9_hexacopter_get_autoinheritance_info 000000018004a6e0 f   c9_hexacopter.obj
 0001:00049c50       sf_c9_hexacopter_third_party_uses_info 000000018004ac50 f   c9_hexacopter.obj
 0001:00049c80       sf_c9_hexacopter_updateBuildInfo_args_info 000000018004ac80 f   c9_hexacopter.obj
 0001:00049cb0       sf_internal_get_sim_state_c9_hexacopter 000000018004acb0 f   c9_hexacopter.obj
 0001:0004a070       sf_internal_set_sim_state_c9_hexacopter 000000018004b070 f   c9_hexacopter.obj
 0001:0004a500       c9_hexacopter_method_dispatcher 000000018004b500 f   c9_hexacopter.obj
 0001:0004d250       sf_process_check_sum_call  000000018004e250 f   hexacopter_sfun_registry.obj
 0001:0004d2a0       sf_process_autoinheritance_call 000000018004e2a0 f   hexacopter_sfun_registry.obj
 0001:0004d440       sf_process_get_third_party_uses_info_call 000000018004e440 f   hexacopter_sfun_registry.obj
 0001:0004d5e0       sf_process_get_updateBuildInfo_args_info_call 000000018004e5e0 f   hexacopter_sfun_registry.obj
 0001:0004d780       sf_process_get_eml_resolved_functions_info_call 000000018004e780 f   hexacopter_sfun_registry.obj
 0001:0004d900       sf_mex_unlock_call         000000018004e900 f   hexacopter_sfun_registry.obj
 0001:0004d9b0       sf_machine_global_initializer_called 000000018004e9b0 f   hexacopter_sfun_registry.obj
 0001:0004d9e0       sf_machine_global_method_dispatcher 000000018004e9e0 f   hexacopter_sfun_registry.obj
 0001:0004da40       sf_machine_global_terminator 000000018004ea40 f   hexacopter_sfun_registry.obj
 0001:0004da90       sf_register_machine_exported_symbols 000000018004ea90 f   hexacopter_sfun_registry.obj
 0001:0004dab0       callCustomFcn              000000018004eab0 f   hexacopter_sfun_registry.obj
 0001:0004dac0       sf_machine_global_initializer 000000018004eac0 f   hexacopter_sfun_registry.obj
 0001:0004db40       mdlGetSimState             000000018004eb40 f   hexacopter_sfun_registry.obj
 0001:0004dbc0       mdlSetSimState             000000018004ebc0 f   hexacopter_sfun_registry.obj
 0001:0004dc00       _ssSetStateAbsTol          000000018004ec00 f   hexacopter_sfun_registry.obj
 0001:0004dce0       _ssGetAbsTol               000000018004ece0 f   hexacopter_sfun_registry.obj
 0001:0004dd50       _ssSetInputPortMatrixDimensions 000000018004ed50 f   hexacopter_sfun_registry.obj
 0001:0004de60       _ssSetOutputPortMatrixDimensions 000000018004ee60 f   hexacopter_sfun_registry.obj
 0001:0004df70       _ssSetInputPortVectorDimension 000000018004ef70 f   hexacopter_sfun_registry.obj
 0001:0004e040       _ssSetOutputPortVectorDimension 000000018004f040 f   hexacopter_sfun_registry.obj
 0001:0004e110       ssIsRunTimeParamTunable    000000018004f110 f   hexacopter_sfun_registry.obj
 0001:0004e180       ssGetSFuncBlockHandle      000000018004f180 f   hexacopter_sfun_registry.obj
 0001:0004e1f0       _ssGetCurrentInputPortWidth 000000018004f1f0 f   hexacopter_sfun_registry.obj
 0001:0004e310       _ssGetCurrentOutputPortWidth 000000018004f310 f   hexacopter_sfun_registry.obj
 0001:0004e430       _ssGetCallSystemNumFcnCallDestinations 000000018004f430 f   hexacopter_sfun_registry.obj
 0001:0004e4a0       ssWarning                  000000018004f4a0 f   hexacopter_sfun_registry.obj
 0001:0004e5b0       ssGetIsZeroCrossControlDisabled 000000018004f5b0 f   hexacopter_sfun_registry.obj
 0001:0004e620       ssSetIsInputPortUsedForContZcSignal 000000018004f620 f   hexacopter_sfun_registry.obj
 0001:0004e690       ssSetZcSignalIsZcElementDisc 000000018004f690 f   hexacopter_sfun_registry.obj
 0001:0004e740       ssSetZcSignalName          000000018004f740 f   hexacopter_sfun_registry.obj
 0001:0004e7b0       ssSetZcSignalWidth         000000018004f7b0 f   hexacopter_sfun_registry.obj
 0001:0004e820       ssSetZcSignalZcEventType   000000018004f820 f   hexacopter_sfun_registry.obj
 0001:0004e890       ssSetZcSignalType          000000018004f890 f   hexacopter_sfun_registry.obj
 0001:0004e900       ssSetZcSignalZcTol         000000018004f900 f   hexacopter_sfun_registry.obj
 0001:0004e970       ssSetZcSignalNeedsEventNotification 000000018004f970 f   hexacopter_sfun_registry.obj
 0001:0004e9e0       ssCreateAndAddZcSignalInfo 000000018004f9e0 f   hexacopter_sfun_registry.obj
 0001:0004ea50       ssCloneAndAddZcSignalInfo  000000018004fa50 f   hexacopter_sfun_registry.obj
 0001:0004eac0       ssGetNumZcSignals          000000018004fac0 f   hexacopter_sfun_registry.obj
 0001:0004eb30       ssGetZcSignalVector        000000018004fb30 f   hexacopter_sfun_registry.obj
 0001:0004eba0       ssGetZcSignalZcEvents      000000018004fba0 f   hexacopter_sfun_registry.obj
 0001:0004ec10       ssGetZcSignalName          000000018004fc10 f   hexacopter_sfun_registry.obj
 0001:0004ec80       ssGetZcSignalWidth         000000018004fc80 f   hexacopter_sfun_registry.obj
 0001:0004ecf0       ssGetZcSignalZcEventType   000000018004fcf0 f   hexacopter_sfun_registry.obj
 0001:0004ed60       ssGetZcSignalType          000000018004fd60 f   hexacopter_sfun_registry.obj
 0001:0004edd0       ssGetZcSignalZcTol         000000018004fdd0 f   hexacopter_sfun_registry.obj
 0001:0004ee50       ssGetZcSignalNeedsEventNotification 000000018004fe50 f   hexacopter_sfun_registry.obj
 0001:0004eec0       ssGetZcSignalIsZcElementDisc 000000018004fec0 f   hexacopter_sfun_registry.obj
 0001:0004ef60       ssGetIsInputPortElementContinuous 000000018004ff60 f   hexacopter_sfun_registry.obj
 0001:0004f000       _ssGetInputPortSignalPtrsFcn 0000000180050000 f   hexacopter_sfun_registry.obj
 0001:0004f2c0       _ssGetInputPortSignalFcn   00000001800502c0 f   hexacopter_sfun_registry.obj
 0001:0004f4e0       _ssSetInputPortDirectFeedThroughFcn 00000001800504e0 f   hexacopter_sfun_registry.obj
 0001:0004f640       _ssSetInputPortReusableFcn 0000000180050640 f   hexacopter_sfun_registry.obj
 0001:0004f730       _ssSetOutputPortReusableFcn 0000000180050730 f   hexacopter_sfun_registry.obj
 0001:0004f810       ssGetDTypeIdFromMxArray    0000000180050810 f   hexacopter_sfun_registry.obj
 0001:0004f930       ssWriteRTWStr              0000000180050930 f   hexacopter_sfun_registry.obj
 0001:0004f990       ssWriteRTWMxVectParam      0000000180050990 f   hexacopter_sfun_registry.obj
 0001:0004f9f0       ssWriteRTWMx2dMatParam     00000001800509f0 f   hexacopter_sfun_registry.obj
 0001:0004fa70       ssWriteRTWNameValuePair    0000000180050a70 f   hexacopter_sfun_registry.obj
 0001:0004ff60       ssWriteRTWParameters       0000000180050f60 f   hexacopter_sfun_registry.obj
 0001:00050560       ssWriteRTWParamSettings    0000000180051560 f   hexacopter_sfun_registry.obj
 0001:00050c30       ssWriteRTWWorkVect         0000000180051c30 f   hexacopter_sfun_registry.obj
 0001:00051130       mexFunction                0000000180052130 f   hexacopter_sfun_registry.obj
 0001:000535b0       ProcessMexSfunctionEveryCall 00000001800545b0 f   hexacopter_sfun_registry.obj
 0001:00053732       sf_debug_set_machine_data_thresholds 0000000180054732 f   sf_runtime:sf_runtime.dll
 0001:00053738       sf_debug_set_machine_event_thresholds 0000000180054738 f   sf_runtime:sf_runtime.dll
 0001:0005373e       sf_debug_initialize_machine 000000018005473e f   sf_runtime:sf_runtime.dll
 0001:00053744       sf_load_rtw_optimization_info 0000000180054744 f   sf_runtime:sf_runtime.dll
 0001:0005374a       sf_mex_emlrtNameCapturePostProcessR2012a 000000018005474a f   sf_runtime:sf_runtime.dll
 0001:00053750       sf_mex_assign              0000000180054750 f   sf_runtime:sf_runtime.dll
 0001:00053756       sf_mex_createstruct        0000000180054756 f   sf_runtime:sf_runtime.dll
 0001:0005375c       sf_mex_destroy             000000018005475c f   sf_runtime:sf_runtime.dll
 0001:00053762       sf_mex_duplicatearraysafe  0000000180054762 f   sf_runtime:sf_runtime.dll
 0001:00053768       sf_mex_createcellmatrix    0000000180054768 f   sf_runtime:sf_runtime.dll
 0001:0005376e       sf_mex_addfield            000000018005476e f   sf_runtime:sf_runtime.dll
 0001:00053774       sf_mex_create              0000000180054774 f   sf_runtime:sf_runtime.dll
 0001:0005377a       sf_mex_error_message       000000018005477a f   sf_runtime:sf_runtime.dll
 0001:00053780       sf_mex_call_matlab         0000000180054780 f   sf_runtime:sf_runtime.dll
 0001:00053786       sf_mex_setcell             0000000180054786 f   sf_runtime:sf_runtime.dll
 0001:0005378c       sf_mex_decode_encoded_mx_struct_array 000000018005478c f   sf_runtime:sf_runtime.dll
 0001:00053792       sf_mex_getcell             0000000180054792 f   sf_runtime:sf_runtime.dll
 0001:00053798       sf_mex_dup                 0000000180054798 f   sf_runtime:sf_runtime.dll
 0001:0005379e       sf_mex_import              000000018005479e f   sf_runtime:sf_runtime.dll
 0001:000537a4       sf_set_rtw_dwork_info      00000001800547a4 f   sf_runtime:sf_runtime.dll
 0001:000537aa       sf_mark_chart_reusable_outputs 00000001800547aa f   sf_runtime:sf_runtime.dll
 0001:000537b0       sf_mark_chart_expressionable_inputs 00000001800547b0 f   sf_runtime:sf_runtime.dll
 0001:000537b6       sf_update_buildInfo        00000001800547b6 f   sf_runtime:sf_runtime.dll
 0001:000537bc       sf_rtw_info_uint_prop      00000001800547bc f   sf_runtime:sf_runtime.dll
 0001:000537c2       sf_is_chart_inlinable      00000001800547c2 f   sf_runtime:sf_runtime.dll
 0001:000537c8       sim_mode_is_external       00000001800547c8 f   sf_runtime:sf_runtime.dll
 0001:000537ce       sim_mode_is_rtw_gen        00000001800547ce f   sf_runtime:sf_runtime.dll
 0001:000537d4       sf_debug_reset_current_state_configuration 00000001800547d4 f   sf_runtime:sf_runtime.dll
 0001:000537da       sf_debug_set_instance_data_value_ptr 00000001800547da f   sf_runtime:sf_runtime.dll
 0001:000537e0       sf_debug_set_chart_data_compiled_props 00000001800547e0 f   sf_runtime:sf_runtime.dll
 0001:000537e6       cv_eml_init_if             00000001800547e6 f   sf_runtime:sf_runtime.dll
 0001:000537ec       cv_eml_init_fcn            00000001800547ec f   sf_runtime:sf_runtime.dll
 0001:000537f2       cv_eml_init_script         00000001800547f2 f   sf_runtime:sf_runtime.dll
 0001:000537f8       sf_debug_cv_init_trans     00000001800547f8 f   sf_runtime:sf_runtime.dll
 0001:000537fe       sf_debug_cv_init_state     00000001800547fe f   sf_runtime:sf_runtime.dll
 0001:00053804       sf_debug_cv_init_chart     0000000180054804 f   sf_runtime:sf_runtime.dll
 0001:0005380a       sf_debug_set_chart_decomposition 000000018005480a f   sf_runtime:sf_runtime.dll
 0001:00053810       sf_debug_set_chart_substate_count 0000000180054810 f   sf_runtime:sf_runtime.dll
 0001:00053816       sf_debug_set_chart_state_info 0000000180054816 f   sf_runtime:sf_runtime.dll
 0001:0005381c       sf_debug_set_chart_data_props 000000018005481c f   sf_runtime:sf_runtime.dll
 0001:00053822       sf_debug_set_chart_event_thresholds 0000000180054822 f   sf_runtime:sf_runtime.dll
 0001:00053828       sf_debug_set_chart_disable_implicit_casting 0000000180054828 f   sf_runtime:sf_runtime.dll
 0001:0005382e       sf_debug_initialize_chart  000000018005482e f   sf_runtime:sf_runtime.dll
 0001:00053834       sf_get_time                0000000180054834 f   sf_runtime:sf_runtime.dll
 0001:0005383a       sf_debug_check_for_state_inconsistency 000000018005483a f   sf_runtime:sf_runtime.dll
 0001:00053840       sf_debug_symbol_scope_pop  0000000180054840 f   sf_runtime:sf_runtime.dll
 0001:00053846       sf_debug_data_range_wrapper 0000000180054846 f   sf_runtime:sf_runtime.dll
 0001:0005384c       sf_debug_call              000000018005484c f   sf_runtime:sf_runtime.dll
 0001:00053852       sf_debug_symbol_scope_push 0000000180054852 f   sf_runtime:sf_runtime.dll
 0001:00053858       sf_debug_eml_data_array_bounds_error_check 0000000180054858 f   sf_runtime:sf_runtime.dll
 0001:0005385e       sf_debug_integer_check     000000018005485e f   sf_runtime:sf_runtime.dll
 0001:00053864       eml_debug_line_call        0000000180054864 f   sf_runtime:sf_runtime.dll
 0001:0005386a       cv_eml_eval                000000018005486a f   sf_runtime:sf_runtime.dll
 0001:00053870       sf_debug_symbol_scope_add_eml 0000000180054870 f   sf_runtime:sf_runtime.dll
 0001:00053876       sf_debug_symbol_scope_add_eml_importable 0000000180054876 f   sf_runtime:sf_runtime.dll
 0001:0005387c       sf_debug_symbol_scope_push_eml 000000018005487c f   sf_runtime:sf_runtime.dll
 0001:00053882       sf_mex_call_debug          0000000180054882 f   sf_runtime:sf_runtime.dll
 0001:00053888       sf_clear_rtw_identifier    0000000180054888 f   sf_runtime:sf_runtime.dll
 0001:0005388e       cv_eml_init_for            000000018005488e f   sf_runtime:sf_runtime.dll
 0001:00053894       sf_mex_listen_for_ctrl_c   0000000180054894 f   sf_runtime:sf_runtime.dll
 0001:0005389a       sf_debug_terminate         000000018005489a f   sf_runtime:sf_runtime.dll
 0001:000538a0       sf_debug_create_debug_instance_struct 00000001800548a0 f   sf_runtime:sf_runtime.dll
 0001:000538a6       sf_debug_api               00000001800548a6 f   sf_runtime:sf_runtime.dll
 0001:000538ac       callMdlMethodAndReportError 00000001800548ac f   sf_runtime:sf_runtime.dll
 0001:000538b2       call_sf_machine_global_method_dispatcher 00000001800548b2 f   sf_runtime:sf_runtime.dll
 0001:000538b8       sf_clear_error_manager_info 00000001800548b8 f   sf_runtime:sf_runtime.dll
 0001:000538be       sf_mex_error_direct_call   00000001800548be f   sf_runtime:sf_runtime.dll
 0001:000538c4       mxGetScalar                00000001800548c4 f   libmx:libmx.dll
 0001:000538ca       mxGetPr                    00000001800548ca f   libmx:libmx.dll
 0001:000538d0       mxCreateDoubleMatrix_730   00000001800548d0 f   libmx:libmx.dll
 0001:000538d6       mxGetString_730            00000001800548d6 f   libmx:libmx.dll
 0001:000538dc       mxIsChar                   00000001800548dc f   libmx:libmx.dll
 0001:000538e2       mxDestroyArray             00000001800548e2 f   libmx:libmx.dll
 0001:000538e8       mxDuplicateArray           00000001800548e8 f   libmx:libmx.dll
 0001:000538ee       mxCreateDoubleScalar       00000001800548ee f   libmx:libmx.dll
 0001:000538f4       mxSetField_730             00000001800548f4 f   libmx:libmx.dll
 0001:000538fa       mxCreateString             00000001800548fa f   libmx:libmx.dll
 0001:00053900       mxCreateStructMatrix_730   0000000180054900 f   libmx:libmx.dll
 0001:00053906       mxCreateCellMatrix_730     0000000180054906 f   libmx:libmx.dll
 0001:0005390c       mxIsEmpty                  000000018005490c f   libmx:libmx.dll
 0001:00053912       mxGetInf                   0000000180054912 f   libmx:libmx.dll
 0001:00053918       mxGetClassID               0000000180054918 f   libmx:libmx.dll
 0001:0005391e       mxIsNumeric                000000018005491e f   libmx:libmx.dll
 0001:00053924       mxIsComplex                0000000180054924 f   libmx:libmx.dll
 0001:0005392a       mxGetN                     000000018005492a f   libmx:libmx.dll
 0001:00053930       mxGetM                     0000000180054930 f   libmx:libmx.dll
 0001:00053936       mxCalloc                   0000000180054936 f   libmx:libmx.dll
 0001:0005393c       mexMakeArrayPersistent     000000018005493c f   libmex:libmex.dll
 0001:00053942       mexUnlock                  0000000180054942 f   libmex:libmex.dll
 0001:00053948       mexIsLocked                0000000180054948 f   libmex:libmex.dll
 0001:0005394e       mexWarnMsgTxt              000000018005494e f   libmex:libmex.dll
 0001:00053954       mexCallMATLAB              0000000180054954 f   libmex:libmex.dll
 0001:0005395a       mexErrMsgTxt               000000018005495a f   libmex:libmex.dll
 0001:00053960       mexLock                    0000000180054960 f   libmex:libmex.dll
 0001:00053966       utMalloc                   0000000180054966 f   libut:libut.dll
 0001:0005396c       utFree                     000000018005496c f   libut:libut.dll
 0001:00053972       muDoubleScalarSqrt         0000000180054972 f   libmwmathutil:libmwmathutil.dll
 0001:00053978       muDoubleScalarSin          0000000180054978 f   libmwmathutil:libmwmathutil.dll
 0001:0005397e       muDoubleScalarCos          000000018005497e f   libmwmathutil:libmwmathutil.dll
 0001:00053984       muDoubleScalarAtan2        0000000180054984 f   libmwmathutil:libmwmathutil.dll
 0001:0005398a       muDoubleScalarLog          000000018005498a f   libmwmathutil:libmwmathutil.dll
 0001:00053990       muDoubleScalarIsNaN        0000000180054990 f   libmwmathutil:libmwmathutil.dll
 0001:00053998       __GSHandlerCheckCommon     0000000180054998 f   MSVCRT:gshandler.obj
 0001:000539fc       __GSHandlerCheck           00000001800549fc f   MSVCRT:gshandler.obj
 0001:00053a1a       strcmp                     0000000180054a1a f   MSVCRT:MSVCR100.dll
 0001:00053a30       __security_check_cookie    0000000180054a30 f   MSVCRT:amdsecgs.obj
 0001:00053a50       strlen                     0000000180054a50 f   MSVCRT:MSVCR100.dll
 0001:00053a56       memset                     0000000180054a56 f   MSVCRT:MSVCR100.dll
 0001:00053a70       _alloca_probe              0000000180054a70     MSVCRT:chkstk.obj
 0001:00053a70       __chkstk                   0000000180054a70 f   MSVCRT:chkstk.obj
 0001:00053abe       free                       0000000180054abe f   MSVCRT:MSVCR100.dll
 0001:00053ac4       sprintf                    0000000180054ac4 f   MSVCRT:MSVCR100.dll
 0001:00053aca       malloc                     0000000180054aca f   MSVCRT:MSVCR100.dll
 0001:00053ad0       strcat                     0000000180054ad0 f   MSVCRT:MSVCR100.dll
 0001:00053ad6       memcpy                     0000000180054ad6 f   MSVCRT:MSVCR100.dll
 0001:00053adc       NtCurrentTeb               0000000180054adc f i MSVCRT:crtdll.obj
 0001:00053b48       _CRT_INIT                  0000000180054b48 f   MSVCRT:crtdll.obj
 0001:00053ee0       _DllMainCRTStartup         0000000180054ee0 f   MSVCRT:crtdll.obj
 0001:00053f20       __report_gsfailure         0000000180054f20 f   MSVCRT:gs_report.obj
 0001:0005406c       __clean_type_info_names    000000018005506c f   MSVCRT:tncleanup.obj
 0001:00054078       _onexit                    0000000180055078 f   MSVCRT:atonexit.obj
 0001:00054128       atexit                     0000000180055128 f   MSVCRT:atonexit.obj
 0001:00054140       _RTC_Initialize            0000000180055140 f   MSVCRT:_initsect_.obj
 0001:00054178       _RTC_Terminate             0000000180055178 f   MSVCRT:_initsect_.obj
 0001:000541b0       _malloc_crt                00000001800551b0 f   MSVCRT:MSVCR100.dll
 0001:000541c0       _ValidateImageBase         00000001800551c0 f   MSVCRT:pesect.obj
 0001:000541f0       _FindPESection             00000001800551f0 f   MSVCRT:pesect.obj
 0001:00054240       _IsNonwritableInCurrentImage 0000000180055240 f   MSVCRT:pesect.obj
 0001:00054282       _initterm                  0000000180055282 f   MSVCRT:MSVCR100.dll
 0001:00054288       _initterm_e                0000000180055288 f   MSVCRT:MSVCR100.dll
 0001:0005428e       _encoded_null              000000018005528e f   MSVCRT:MSVCR100.dll
 0001:00054294       _amsg_exit                 0000000180055294 f   MSVCRT:MSVCR100.dll
 0001:0005429a       __C_specific_handler       000000018005529a f   MSVCRT:MSVCR100.dll
 0001:000542a0       __CppXcptFilter            00000001800552a0 f   MSVCRT:MSVCR100.dll
 0001:000542a8       DllMain                    00000001800552a8 f   MSVCRT:dllmain.obj
 0001:000542cc       __security_init_cookie     00000001800552cc f   MSVCRT:gs_support.obj
 0001:00054380       __crt_debugger_hook        0000000180055380 f   MSVCRT:MSVCR100.dll
 0001:00054386       __clean_type_info_names_internal 0000000180055386 f   MSVCRT:MSVCR100.dll
 0001:0005438c       _unlock                    000000018005538c f   MSVCRT:MSVCR100.dll
 0001:00054392       __dllonexit                0000000180055392 f   MSVCRT:MSVCR100.dll
 0001:00054398       _lock                      0000000180055398 f   MSVCRT:MSVCR100.dll
 0001:0005439e       EncodePointer              000000018005539e f   kernel32:KERNEL32.dll
 0001:000543a4       DecodePointer              00000001800553a4 f   kernel32:KERNEL32.dll
 0001:000543aa       Sleep                      00000001800553aa f   kernel32:KERNEL32.dll
 0001:000543b0       TerminateProcess           00000001800553b0 f   kernel32:KERNEL32.dll
 0001:000543b6       GetCurrentProcess          00000001800553b6 f   kernel32:KERNEL32.dll
 0001:000543bc       UnhandledExceptionFilter   00000001800553bc f   kernel32:KERNEL32.dll
 0001:000543c2       SetUnhandledExceptionFilter 00000001800553c2 f   kernel32:KERNEL32.dll
 0001:000543c8       IsDebuggerPresent          00000001800553c8 f   kernel32:KERNEL32.dll
 0001:000543ce       RtlVirtualUnwind           00000001800553ce f   kernel32:KERNEL32.dll
 0001:000543d4       RtlLookupFunctionEntry     00000001800553d4 f   kernel32:KERNEL32.dll
 0001:000543da       RtlCaptureContext          00000001800553da f   kernel32:KERNEL32.dll
 0001:000543e0       DisableThreadLibraryCalls  00000001800553e0 f   kernel32:KERNEL32.dll
 0001:000543e6       QueryPerformanceCounter    00000001800553e6 f   kernel32:KERNEL32.dll
 0001:000543ec       GetTickCount               00000001800553ec f   kernel32:KERNEL32.dll
 0001:000543f2       GetCurrentThreadId         00000001800553f2 f   kernel32:KERNEL32.dll
 0001:000543f8       GetCurrentProcessId        00000001800553f8 f   kernel32:KERNEL32.dll
 0001:000543fe       GetSystemTimeAsFileTime    00000001800553fe f   kernel32:KERNEL32.dll
 0002:00000000       __imp_GetSystemTimeAsFileTime 0000000180056000     kernel32:KERNEL32.dll
 0002:00000008       __imp_GetCurrentProcessId  0000000180056008     kernel32:KERNEL32.dll
 0002:00000010       __imp_GetCurrentThreadId   0000000180056010     kernel32:KERNEL32.dll
 0002:00000018       __imp_GetTickCount         0000000180056018     kernel32:KERNEL32.dll
 0002:00000020       __imp_QueryPerformanceCounter 0000000180056020     kernel32:KERNEL32.dll
 0002:00000028       __imp_DisableThreadLibraryCalls 0000000180056028     kernel32:KERNEL32.dll
 0002:00000030       __imp_RtlCaptureContext    0000000180056030     kernel32:KERNEL32.dll
 0002:00000038       __imp_RtlLookupFunctionEntry 0000000180056038     kernel32:KERNEL32.dll
 0002:00000040       __imp_RtlVirtualUnwind     0000000180056040     kernel32:KERNEL32.dll
 0002:00000048       __imp_IsDebuggerPresent    0000000180056048     kernel32:KERNEL32.dll
 0002:00000050       __imp_SetUnhandledExceptionFilter 0000000180056050     kernel32:KERNEL32.dll
 0002:00000058       __imp_UnhandledExceptionFilter 0000000180056058     kernel32:KERNEL32.dll
 0002:00000060       __imp_GetCurrentProcess    0000000180056060     kernel32:KERNEL32.dll
 0002:00000068       __imp_TerminateProcess     0000000180056068     kernel32:KERNEL32.dll
 0002:00000070       __imp_Sleep                0000000180056070     kernel32:KERNEL32.dll
 0002:00000078       __imp_DecodePointer        0000000180056078     kernel32:KERNEL32.dll
 0002:00000080       __imp_EncodePointer        0000000180056080     kernel32:KERNEL32.dll
 0002:00000088       \177KERNEL32_NULL_THUNK_DATA 0000000180056088     kernel32:KERNEL32.dll
 0002:00000090       __imp__onexit              0000000180056090     MSVCRT:MSVCR100.dll
 0002:00000098       __imp__lock                0000000180056098     MSVCRT:MSVCR100.dll
 0002:000000a0       __imp___dllonexit          00000001800560a0     MSVCRT:MSVCR100.dll
 0002:000000a8       __imp__unlock              00000001800560a8     MSVCRT:MSVCR100.dll
 0002:000000b0       __imp___clean_type_info_names_internal 00000001800560b0     MSVCRT:MSVCR100.dll
 0002:000000b8       __imp___crt_debugger_hook  00000001800560b8     MSVCRT:MSVCR100.dll
 0002:000000c0       __imp___CppXcptFilter      00000001800560c0     MSVCRT:MSVCR100.dll
 0002:000000c8       __imp___C_specific_handler 00000001800560c8     MSVCRT:MSVCR100.dll
 0002:000000d0       __imp__amsg_exit           00000001800560d0     MSVCRT:MSVCR100.dll
 0002:000000d8       __imp__encoded_null        00000001800560d8     MSVCRT:MSVCR100.dll
 0002:000000e0       __imp__initterm_e          00000001800560e0     MSVCRT:MSVCR100.dll
 0002:000000e8       __imp__initterm            00000001800560e8     MSVCRT:MSVCR100.dll
 0002:000000f0       __imp__malloc_crt          00000001800560f0     MSVCRT:MSVCR100.dll
 0002:000000f8       __imp_memcpy               00000001800560f8     MSVCRT:MSVCR100.dll
 0002:00000100       __imp_strcat               0000000180056100     MSVCRT:MSVCR100.dll
 0002:00000108       __imp_malloc               0000000180056108     MSVCRT:MSVCR100.dll
 0002:00000110       __imp_sprintf              0000000180056110     MSVCRT:MSVCR100.dll
 0002:00000118       __imp_free                 0000000180056118     MSVCRT:MSVCR100.dll
 0002:00000120       __imp_memset               0000000180056120     MSVCRT:MSVCR100.dll
 0002:00000128       __imp_strlen               0000000180056128     MSVCRT:MSVCR100.dll
 0002:00000130       __imp_strcmp               0000000180056130     MSVCRT:MSVCR100.dll
 0002:00000138       \177MSVCR100_NULL_THUNK_DATA 0000000180056138     MSVCRT:MSVCR100.dll
 0002:00000140       __imp_mexUnlock            0000000180056140     libmex:libmex.dll
 0002:00000148       __imp_mexIsLocked          0000000180056148     libmex:libmex.dll
 0002:00000150       __imp_mexWarnMsgTxt        0000000180056150     libmex:libmex.dll
 0002:00000158       __imp_mexCallMATLAB        0000000180056158     libmex:libmex.dll
 0002:00000160       __imp_mexErrMsgTxt         0000000180056160     libmex:libmex.dll
 0002:00000168       __imp_mexLock              0000000180056168     libmex:libmex.dll
 0002:00000170       __imp_mexMakeArrayPersistent 0000000180056170     libmex:libmex.dll
 0002:00000178       \177libmex_NULL_THUNK_DATA 0000000180056178     libmex:libmex.dll
 0002:00000180       __imp_muDoubleScalarSin    0000000180056180     libmwmathutil:libmwmathutil.dll
 0002:00000188       __imp_muDoubleScalarCos    0000000180056188     libmwmathutil:libmwmathutil.dll
 0002:00000190       __imp_muDoubleScalarAtan2  0000000180056190     libmwmathutil:libmwmathutil.dll
 0002:00000198       __imp_muDoubleScalarLog    0000000180056198     libmwmathutil:libmwmathutil.dll
 0002:000001a0       __imp_muDoubleScalarIsNaN  00000001800561a0     libmwmathutil:libmwmathutil.dll
 0002:000001a8       __imp_muDoubleScalarSqrt   00000001800561a8     libmwmathutil:libmwmathutil.dll
 0002:000001b0       \177libmwmathutil_NULL_THUNK_DATA 00000001800561b0     libmwmathutil:libmwmathutil.dll
 0002:000001b8       __imp_mxCalloc             00000001800561b8     libmx:libmx.dll
 0002:000001c0       __imp_mxGetM               00000001800561c0     libmx:libmx.dll
 0002:000001c8       __imp_mxGetN               00000001800561c8     libmx:libmx.dll
 0002:000001d0       __imp_mxIsComplex          00000001800561d0     libmx:libmx.dll
 0002:000001d8       __imp_mxIsNumeric          00000001800561d8     libmx:libmx.dll
 0002:000001e0       __imp_mxGetClassID         00000001800561e0     libmx:libmx.dll
 0002:000001e8       __imp_mxGetInf             00000001800561e8     libmx:libmx.dll
 0002:000001f0       __imp_mxIsEmpty            00000001800561f0     libmx:libmx.dll
 0002:000001f8       __imp_mxCreateCellMatrix_730 00000001800561f8     libmx:libmx.dll
 0002:00000200       __imp_mxCreateStructMatrix_730 0000000180056200     libmx:libmx.dll
 0002:00000208       __imp_mxCreateString       0000000180056208     libmx:libmx.dll
 0002:00000210       __imp_mxSetField_730       0000000180056210     libmx:libmx.dll
 0002:00000218       __imp_mxGetScalar          0000000180056218     libmx:libmx.dll
 0002:00000220       __imp_mxGetPr              0000000180056220     libmx:libmx.dll
 0002:00000228       __imp_mxCreateDoubleMatrix_730 0000000180056228     libmx:libmx.dll
 0002:00000230       __imp_mxGetString_730      0000000180056230     libmx:libmx.dll
 0002:00000238       __imp_mxIsChar             0000000180056238     libmx:libmx.dll
 0002:00000240       __imp_mxDestroyArray       0000000180056240     libmx:libmx.dll
 0002:00000248       __imp_mxDuplicateArray     0000000180056248     libmx:libmx.dll
 0002:00000250       __imp_mxCreateDoubleScalar 0000000180056250     libmx:libmx.dll
 0002:00000258       \177libmx_NULL_THUNK_DATA  0000000180056258     libmx:libmx.dll
 0002:00000260       __imp_utMalloc             0000000180056260     libut:libut.dll
 0002:00000268       __imp_utFree               0000000180056268     libut:libut.dll
 0002:00000270       \177libut_NULL_THUNK_DATA  0000000180056270     libut:libut.dll
 0002:00000278       __imp_call_sf_machine_global_method_dispatcher 0000000180056278     sf_runtime:sf_runtime.dll
 0002:00000280       __imp_callMdlMethodAndReportError 0000000180056280     sf_runtime:sf_runtime.dll
 0002:00000288       __imp_sf_debug_api         0000000180056288     sf_runtime:sf_runtime.dll
 0002:00000290       __imp_sf_debug_create_debug_instance_struct 0000000180056290     sf_runtime:sf_runtime.dll
 0002:00000298       __imp_sf_debug_terminate   0000000180056298     sf_runtime:sf_runtime.dll
 0002:000002a0       __imp_sf_mex_listen_for_ctrl_c 00000001800562a0     sf_runtime:sf_runtime.dll
 0002:000002a8       __imp_cv_eml_init_for      00000001800562a8     sf_runtime:sf_runtime.dll
 0002:000002b0       __imp_sf_clear_rtw_identifier 00000001800562b0     sf_runtime:sf_runtime.dll
 0002:000002b8       __imp_sf_clear_error_manager_info 00000001800562b8     sf_runtime:sf_runtime.dll
 0002:000002c0       __imp_sf_debug_symbol_scope_push_eml 00000001800562c0     sf_runtime:sf_runtime.dll
 0002:000002c8       __imp_sf_debug_symbol_scope_add_eml_importable 00000001800562c8     sf_runtime:sf_runtime.dll
 0002:000002d0       __imp_sf_debug_symbol_scope_add_eml 00000001800562d0     sf_runtime:sf_runtime.dll
 0002:000002d8       __imp_cv_eml_eval          00000001800562d8     sf_runtime:sf_runtime.dll
 0002:000002e0       __imp_eml_debug_line_call  00000001800562e0     sf_runtime:sf_runtime.dll
 0002:000002e8       __imp_sf_debug_integer_check 00000001800562e8     sf_runtime:sf_runtime.dll
 0002:000002f0       __imp_sf_debug_eml_data_array_bounds_error_check 00000001800562f0     sf_runtime:sf_runtime.dll
 0002:000002f8       __imp_sf_debug_symbol_scope_push 00000001800562f8     sf_runtime:sf_runtime.dll
 0002:00000300       __imp_sf_debug_call        0000000180056300     sf_runtime:sf_runtime.dll
 0002:00000308       __imp_sf_mex_error_direct_call 0000000180056308     sf_runtime:sf_runtime.dll
 0002:00000310       __imp_sf_mex_call_debug    0000000180056310     sf_runtime:sf_runtime.dll
 0002:00000318       __imp_sf_debug_data_range_wrapper 0000000180056318     sf_runtime:sf_runtime.dll
 0002:00000320       __imp_sf_debug_symbol_scope_pop 0000000180056320     sf_runtime:sf_runtime.dll
 0002:00000328       __imp_sf_debug_check_for_state_inconsistency 0000000180056328     sf_runtime:sf_runtime.dll
 0002:00000330       __imp_sf_get_time          0000000180056330     sf_runtime:sf_runtime.dll
 0002:00000338       __imp_sf_debug_initialize_chart 0000000180056338     sf_runtime:sf_runtime.dll
 0002:00000340       __imp_sf_debug_set_chart_disable_implicit_casting 0000000180056340     sf_runtime:sf_runtime.dll
 0002:00000348       __imp_sf_debug_set_chart_event_thresholds 0000000180056348     sf_runtime:sf_runtime.dll
 0002:00000350       __imp_sf_debug_set_chart_data_props 0000000180056350     sf_runtime:sf_runtime.dll
 0002:00000358       __imp_sf_debug_set_chart_state_info 0000000180056358     sf_runtime:sf_runtime.dll
 0002:00000360       __imp_sf_debug_set_chart_substate_count 0000000180056360     sf_runtime:sf_runtime.dll
 0002:00000368       __imp_sf_debug_set_chart_decomposition 0000000180056368     sf_runtime:sf_runtime.dll
 0002:00000370       __imp_sf_debug_cv_init_chart 0000000180056370     sf_runtime:sf_runtime.dll
 0002:00000378       __imp_sf_debug_cv_init_state 0000000180056378     sf_runtime:sf_runtime.dll
 0002:00000380       __imp_sf_debug_cv_init_trans 0000000180056380     sf_runtime:sf_runtime.dll
 0002:00000388       __imp_cv_eml_init_script   0000000180056388     sf_runtime:sf_runtime.dll
 0002:00000390       __imp_cv_eml_init_fcn      0000000180056390     sf_runtime:sf_runtime.dll
 0002:00000398       __imp_cv_eml_init_if       0000000180056398     sf_runtime:sf_runtime.dll
 0002:000003a0       __imp_sf_debug_set_chart_data_compiled_props 00000001800563a0     sf_runtime:sf_runtime.dll
 0002:000003a8       __imp_sf_debug_set_instance_data_value_ptr 00000001800563a8     sf_runtime:sf_runtime.dll
 0002:000003b0       __imp_sf_debug_reset_current_state_configuration 00000001800563b0     sf_runtime:sf_runtime.dll
 0002:000003b8       __imp_sim_mode_is_rtw_gen  00000001800563b8     sf_runtime:sf_runtime.dll
 0002:000003c0       __imp_sim_mode_is_external 00000001800563c0     sf_runtime:sf_runtime.dll
 0002:000003c8       __imp_sf_is_chart_inlinable 00000001800563c8     sf_runtime:sf_runtime.dll
 0002:000003d0       __imp_sf_rtw_info_uint_prop 00000001800563d0     sf_runtime:sf_runtime.dll
 0002:000003d8       __imp_sf_update_buildInfo  00000001800563d8     sf_runtime:sf_runtime.dll
 0002:000003e0       __imp_sf_mark_chart_expressionable_inputs 00000001800563e0     sf_runtime:sf_runtime.dll
 0002:000003e8       __imp_sf_mark_chart_reusable_outputs 00000001800563e8     sf_runtime:sf_runtime.dll
 0002:000003f0       __imp_sf_set_rtw_dwork_info 00000001800563f0     sf_runtime:sf_runtime.dll
 0002:000003f8       __imp_sf_mex_import        00000001800563f8     sf_runtime:sf_runtime.dll
 0002:00000400       __imp_sf_mex_dup           0000000180056400     sf_runtime:sf_runtime.dll
 0002:00000408       __imp_sf_mex_getcell       0000000180056408     sf_runtime:sf_runtime.dll
 0002:00000410       __imp_sf_mex_decode_encoded_mx_struct_array 0000000180056410     sf_runtime:sf_runtime.dll
 0002:00000418       __imp_sf_mex_setcell       0000000180056418     sf_runtime:sf_runtime.dll
 0002:00000420       __imp_sf_mex_call_matlab   0000000180056420     sf_runtime:sf_runtime.dll
 0002:00000428       __imp_sf_mex_error_message 0000000180056428     sf_runtime:sf_runtime.dll
 0002:00000430       __imp_sf_mex_create        0000000180056430     sf_runtime:sf_runtime.dll
 0002:00000438       __imp_sf_mex_addfield      0000000180056438     sf_runtime:sf_runtime.dll
 0002:00000440       __imp_sf_mex_createcellmatrix 0000000180056440     sf_runtime:sf_runtime.dll
 0002:00000448       __imp_sf_mex_duplicatearraysafe 0000000180056448     sf_runtime:sf_runtime.dll
 0002:00000450       __imp_sf_mex_destroy       0000000180056450     sf_runtime:sf_runtime.dll
 0002:00000458       __imp_sf_mex_createstruct  0000000180056458     sf_runtime:sf_runtime.dll
 0002:00000460       __imp_sf_mex_assign        0000000180056460     sf_runtime:sf_runtime.dll
 0002:00000468       __imp_sf_mex_emlrtNameCapturePostProcessR2012a 0000000180056468     sf_runtime:sf_runtime.dll
 0002:00000470       __imp_sf_load_rtw_optimization_info 0000000180056470     sf_runtime:sf_runtime.dll
 0002:00000478       __imp_sf_debug_initialize_machine 0000000180056478     sf_runtime:sf_runtime.dll
 0002:00000480       __imp_sf_debug_set_machine_event_thresholds 0000000180056480     sf_runtime:sf_runtime.dll
 0002:00000488       __imp_sf_debug_set_machine_data_thresholds 0000000180056488     sf_runtime:sf_runtime.dll
 0002:00000490       \177sf_runtime_NULL_THUNK_DATA 0000000180056490     sf_runtime:sf_runtime.dll
 0002:00000498       __xc_a                     0000000180056498     MSVCRT:cinitexe.obj
 0002:000004a0       __xc_z                     00000001800564a0     MSVCRT:cinitexe.obj
 0002:000004a8       __xi_a                     00000001800564a8     MSVCRT:cinitexe.obj
 0002:000004b8       __xi_z                     00000001800564b8     MSVCRT:cinitexe.obj
 0002:000004c0       __real@41ee8cf2d9200000    00000001800564c0     hexacopter_sfun.obj
 0002:000004c8       __real@41ddb1b019000000    00000001800564c8     hexacopter_sfun.obj
 0002:000004d0       __real@41ede06d09a00000    00000001800564d0     hexacopter_sfun.obj
 0002:000004d8       __real@41c52f0dad800000    00000001800564d8     hexacopter_sfun.obj
 0002:000004e0       __real@41c900e78a000000    00000001800564e0     hexacopter_sfun.obj
 0002:000004e8       __real@41eda5398c800000    00000001800564e8     hexacopter_sfun.obj
 0002:000004f0       __real@41edcf5b43c00000    00000001800564f0     hexacopter_sfun.obj
 0002:000004f8       __real@41e695dff8600000    00000001800564f8     hexacopter_sfun.obj
 0002:00000500       __real@41d11beaf7400000    0000000180056500     hexacopter_sfun.obj
 0002:00000508       __real@41e52c0bbbe00000    0000000180056508     hexacopter_sfun.obj
 0002:00000510       __real@41eed555f1a00000    0000000180056510     hexacopter_sfun.obj
 0002:00000518       __real@41bb561764000000    0000000180056518     hexacopter_sfun.obj
 0002:00000520       __real@41ef0fbdafc00000    0000000180056520     hexacopter_sfun.obj
 0002:00000528       __real@41e00fb681e00000    0000000180056528     hexacopter_sfun.obj
 0002:00000530       __real@41ef848c15600000    0000000180056530     hexacopter_sfun.obj
 0002:00000538       __real@41cd048651800000    0000000180056538     hexacopter_sfun.obj
 0002:00000540       __real@41cd10581c000000    0000000180056540     c2_hexacopter.obj
 0002:00000548       __real@41e2217a2c600000    0000000180056548     c2_hexacopter.obj
 0002:00000550       __real@41db2f3e9fc00000    0000000180056550     c2_hexacopter.obj
 0002:00000558       __real@41d63b9d19000000    0000000180056558     c2_hexacopter.obj
 0002:00000560       __real@4024000000000000    0000000180056560     c2_hexacopter.obj
 0002:00000568       __real@3ff0000000000000    0000000180056568     c2_hexacopter.obj
 0002:00000570       __real@4008000000000000    0000000180056570     c2_hexacopter.obj
 0002:00000578       __real@41ac123cae000000    0000000180056578     c4_hexacopter.obj
 0002:00000580       __real@4124149800000000    0000000180056580     c4_hexacopter.obj
 0002:00000588       __real@41c7fb5c16000000    0000000180056588     c4_hexacopter.obj
 0002:00000590       __real@41c28a1b0e800000    0000000180056590     c4_hexacopter.obj
 0002:00000598       __real@3f91eb851eb851eb    0000000180056598     c4_hexacopter.obj
 0002:000005a0       __real@3fe4cccccccccccd    00000001800565a0     c4_hexacopter.obj
 0002:000005a8       __real@3cd203af9ee75616    00000001800565a8     c4_hexacopter.obj
 0002:000005b0       __mask@@NegDouble@         00000001800565b0     c4_hexacopter.obj
 0002:000005c0       __real@3faeb851eb851eb8    00000001800565c0     c4_hexacopter.obj
 0002:000005c8       __real@3fe999999999999a    00000001800565c8     c4_hexacopter.obj
 0002:000005d0       __real@3fd6666666666666    00000001800565d0     c4_hexacopter.obj
 0002:000005d8       __real@3fc999999999999a    00000001800565d8     c4_hexacopter.obj
 0002:000005e0       __real@3fa999999999999a    00000001800565e0     c4_hexacopter.obj
 0002:000005e8       __real@3fd3333333333333    00000001800565e8     c4_hexacopter.obj
 0002:000005f0       __real@4000000000000000    00000001800565f0     c4_hexacopter.obj
 0002:000005f8       __real@41e2eee6e9400000    00000001800565f8     c5_hexacopter.obj
 0002:00000600       __real@41dcce0261000000    0000000180056600     c5_hexacopter.obj
 0002:00000608       __real@41e2637e99000000    0000000180056608     c5_hexacopter.obj
 0002:00000610       __real@41e72e4479400000    0000000180056610     c5_hexacopter.obj
 0002:00000618       __real@41efabba84200000    0000000180056618     c6_hexacopter.obj
 0002:00000620       __real@41eeb33dbd200000    0000000180056620     c6_hexacopter.obj
 0002:00000628       __real@41e44a2127400000    0000000180056628     c6_hexacopter.obj
 0002:00000630       __real@41e293a536c00000    0000000180056630     c6_hexacopter.obj
 0002:00000638       __real@3fe6666666666666    0000000180056638     c6_hexacopter.obj
 0002:00000640       __real@4010000000000000    0000000180056640     c6_hexacopter.obj
 0002:00000648       __real@41cf23eccc800000    0000000180056648     c7_hexacopter.obj
 0002:00000650       __real@41e8cf2ba0000000    0000000180056650     c7_hexacopter.obj
 0002:00000658       __real@41c8bb714d000000    0000000180056658     c7_hexacopter.obj
 0002:00000660       __real@41d92b4eedc00000    0000000180056660     c7_hexacopter.obj
 0002:00000668       __real@4020000000000000    0000000180056668     c7_hexacopter.obj
 0002:00000670       __real@3f947ae147ae147b    0000000180056670     c7_hexacopter.obj
 0002:00000678       __real@4049000000000000    0000000180056678     c7_hexacopter.obj
 0002:00000680       __real@41edbca867600000    0000000180056680     c8_hexacopter.obj
 0002:00000688       __real@41b0570159000000    0000000180056688     c8_hexacopter.obj
 0002:00000690       __real@41e2a36a90400000    0000000180056690     c8_hexacopter.obj
 0002:00000698       __real@41e5d684c9600000    0000000180056698     c8_hexacopter.obj
 0002:000006a0       __real@4018000000000000    00000001800566a0     c8_hexacopter.obj
 0002:000006a8       __real@4094cc0000000000    00000001800566a8     c8_hexacopter.obj
 0002:000006b0       __real@0000000000000000    00000001800566b0     c8_hexacopter.obj
 0002:000006b8       __real@400921fb54442d18    00000001800566b8     c8_hexacopter.obj
 0002:000006c0       __real@41ec0fb472200000    00000001800566c0     c9_hexacopter.obj
 0002:000006c8       __real@41de892b25400000    00000001800566c8     c9_hexacopter.obj
 0002:000006d0       __real@41e065ab30c00000    00000001800566d0     c9_hexacopter.obj
 0002:000006d8       __real@41ec1dc96c400000    00000001800566d8     c9_hexacopter.obj
 0002:000006e0       DYNAMIC_DIMENSION_DEF      00000001800566e0     hexacopter_sfun_registry.obj
 0002:00000700       _ssBadLevel2InputAccessMsg 0000000180056700     hexacopter_sfun_registry.obj
 0002:00000890       _ssBadLevel2DirectFeedMsg  0000000180056890     hexacopter_sfun_registry.obj
 0002:000009d0       _ssBadLevel2DirectFeedSolutionMsg 00000001800569d0     hexacopter_sfun_registry.obj
 0002:00000a40       _ssBadLevel2ZeroDirectFeedMsg 0000000180056a40     hexacopter_sfun_registry.obj
 0002:00000b80       _ssBadLevel2ZeroDirectFeedMsg2 0000000180056b80     hexacopter_sfun_registry.obj
 0002:00000c68       __real@bff0000000000000    0000000180056c68     hexacopter_sfun_registry.obj
 0002:00000c70       __real@41602cbca0000000    0000000180056c70     hexacopter_sfun_registry.obj
 0002:00000c78       _pRawDllMain               0000000180056c78     MSVCRT:crtdll.obj
 0002:00000c78       _pDefaultRawDllMain        0000000180056c78     MSVCRT:crtdll.obj
 0002:00000c90       ?ProcessDetach@NativeDll@<CrtImplementationDetails>@@0IB 0000000180056c90     MSVCRT:tncleanup.obj
 0002:00000c94       ?ProcessAttach@NativeDll@<CrtImplementationDetails>@@0IB 0000000180056c94     MSVCRT:tncleanup.obj
 0002:00000c98       ?ThreadAttach@NativeDll@<CrtImplementationDetails>@@0IB 0000000180056c98     MSVCRT:tncleanup.obj
 0002:00000c9c       ?ThreadDetach@NativeDll@<CrtImplementationDetails>@@0IB 0000000180056c9c     MSVCRT:tncleanup.obj
 0002:00000ca0       ?ProcessVerifier@NativeDll@<CrtImplementationDetails>@@0IB 0000000180056ca0     MSVCRT:tncleanup.obj
 0002:00000ca8       __rtc_iaa                  0000000180056ca8     MSVCRT:_initsect_.obj
 0002:00000cb0       __rtc_izz                  0000000180056cb0     MSVCRT:_initsect_.obj
 0002:00000cb8       __rtc_taa                  0000000180056cb8     MSVCRT:_initsect_.obj
 0002:00000cc0       __rtc_tzz                  0000000180056cc0     MSVCRT:_initsect_.obj
 0002:00001ff4       __IMPORT_DESCRIPTOR_sf_runtime 0000000180057ff4     sf_runtime:sf_runtime.dll
 0002:00002008       __IMPORT_DESCRIPTOR_libmx  0000000180058008     libmx:libmx.dll
 0002:0000201c       __IMPORT_DESCRIPTOR_libmex 000000018005801c     libmex:libmex.dll
 0002:00002030       __IMPORT_DESCRIPTOR_libut  0000000180058030     libut:libut.dll
 0002:00002044       __IMPORT_DESCRIPTOR_libmwmathutil 0000000180058044     libmwmathutil:libmwmathutil.dll
 0002:00002058       __IMPORT_DESCRIPTOR_MSVCR100 0000000180058058     MSVCRT:MSVCR100.dll
 0002:0000206c       __IMPORT_DESCRIPTOR_KERNEL32 000000018005806c     kernel32:KERNEL32.dll
 0002:00002080       __NULL_IMPORT_DESCRIPTOR   0000000180058080     sf_runtime:sf_runtime.dll
 0003:00019218       DYNAMIC_DIMENSION          0000000180073218     hexacopter_sfun_registry.obj
 0003:00019e28       __security_cookie          0000000180073e28     MSVCRT:gs_cookie.obj
 0003:00019e30       __security_cookie_complement 0000000180073e30     MSVCRT:gs_cookie.obj
 0003:00019e38       _fltused                   0000000180073e38     MSVCRT:dllsupp.obj
 0003:00019e40       __native_dllmain_reason    0000000180073e40     MSVCRT:natstart.obj
 0003:00019e44       __native_vcclrit_reason    0000000180073e44     MSVCRT:natstart.obj
 0003:00019fd8       sfGlobalDebugInstanceStruct 0000000180073fd8     hexacopter_sfun_registry.obj
 0003:0001a560       ?__type_info_root_node@@3U__type_info_node@@A 0000000180074560     MSVCRT:tncleanup.obj
 0003:0001a570       _hexacopterMachineNumber_  0000000180074570     <common>
 0003:0001a574       __native_startup_state     0000000180074574     <common>
 0003:0001a578       __native_startup_lock      0000000180074578     <common>
 0003:0001a580       __onexitend                0000000180074580     <common>
 0003:0001a588       __onexitbegin              0000000180074588     <common>
 0003:0001a590       __dyn_tls_init_callback    0000000180074590     <common>

 entry point at        0001:00053ee0

 Static symbols

 0001:000012c0       c2_info_helper             00000001800022c0 f   c2_hexacopter.obj
 0001:000060d0       c2_emlrt_marshallOut       00000001800070d0 f   c2_hexacopter.obj
 0001:00006160       c2_b_emlrt_marshallOut     0000000180007160 f   c2_hexacopter.obj
 0001:00006a70       get_sim_state_c2_hexacopter 0000000180007a70 f   c2_hexacopter.obj
 0001:00006ec0       sf_get_sim_state_info_c2_hexacopter 0000000180007ec0 f   c2_hexacopter.obj
 0001:00007090       set_sim_state_c2_hexacopter 0000000180008090 f   c2_hexacopter.obj
 0001:00007240       c2_update_debugger_state_c2_hexacopter 0000000180008240 f   c2_hexacopter.obj
 0001:00007250       c2_emlrt_marshallIn        0000000180008250 f   c2_hexacopter.obj
 0001:000072c0       c2_b_emlrt_marshallIn      00000001800082c0 f   c2_hexacopter.obj
 0001:00007380       c2_c_emlrt_marshallIn      0000000180008380 f   c2_hexacopter.obj
 0001:000073f0       c2_d_emlrt_marshallIn      00000001800083f0 f   c2_hexacopter.obj
 0001:00007480       c2_f_emlrt_marshallIn      0000000180008480 f   c2_hexacopter.obj
 0001:000074e0       c2_g_emlrt_marshallIn      00000001800084e0 f   c2_hexacopter.obj
 0001:000075e0       mdlProcessParameters_c2_hexacopter 00000001800085e0 f   c2_hexacopter.obj
 0001:000076c0       initialize_params_c2_hexacopter 00000001800086c0 f   c2_hexacopter.obj
 0001:000076d0       mdlSetWorkWidths_c2_hexacopter 00000001800086d0 f   c2_hexacopter.obj
 0001:00007ba0       sf_get_instance_specialization 0000000180008ba0 f   c2_hexacopter.obj
 0001:00007bb0       mdlStart_c2_hexacopter     0000000180008bb0 f   c2_hexacopter.obj
 0001:00007de0       init_dsm_address_info      0000000180008de0 f   c2_hexacopter.obj
 0001:00007df0       chart_debug_initialization 0000000180008df0 f   c2_hexacopter.obj
 0001:00008870       init_script_number_translation 0000000180009870 f   c2_hexacopter.obj
 0001:00008890       c2_b_sf_marshallOut        0000000180009890 f   c2_hexacopter.obj
 0001:00008940       c2_b_sf_marshallIn         0000000180009940 f   c2_hexacopter.obj
 0001:000089e0       c2_c_sf_marshallOut        00000001800099e0 f   c2_hexacopter.obj
 0001:00008b30       sf_opaque_initialize_c2_hexacopter 0000000180009b30 f   c2_hexacopter.obj
 0001:00008b70       initialize_c2_hexacopter   0000000180009b70 f   c2_hexacopter.obj
 0001:00008bc0       sf_opaque_enable_c2_hexacopter 0000000180009bc0 f   c2_hexacopter.obj
 0001:00008be0       enable_c2_hexacopter       0000000180009be0 f   c2_hexacopter.obj
 0001:00008c10       sf_opaque_disable_c2_hexacopter 0000000180009c10 f   c2_hexacopter.obj
 0001:00008c30       disable_c2_hexacopter      0000000180009c30 f   c2_hexacopter.obj
 0001:00008c60       sf_opaque_gateway_c2_hexacopter 0000000180009c60 f   c2_hexacopter.obj
 0001:00008c80       sf_gateway_c2_hexacopter   0000000180009c80 f   c2_hexacopter.obj
 0001:00008f70       c2_chartstep_c2_hexacopter 0000000180009f70 f   c2_hexacopter.obj
 0001:00009cf0       c2_sf_marshallOut          000000018000acf0 f   c2_hexacopter.obj
 0001:00009e10       c2_sf_marshallIn           000000018000ae10 f   c2_hexacopter.obj
 0001:00009eb0       c2_atan2                   000000018000aeb0 f   c2_hexacopter.obj
 0001:00009f10       c2_eml_scalar_eg           000000018000af10 f   c2_hexacopter.obj
 0001:00009f20       c2_eml_error               000000018000af20 f   c2_hexacopter.obj
 0001:0000a110       sf_opaque_get_sim_state_c2_hexacopter 000000018000b110 f   c2_hexacopter.obj
 0001:0000a130       sf_opaque_set_sim_state_c2_hexacopter 000000018000b130 f   c2_hexacopter.obj
 0001:0000a160       sf_opaque_terminate_c2_hexacopter 000000018000b160 f   c2_hexacopter.obj
 0001:0000a200       finalize_c2_hexacopter     000000018000b200 f   c2_hexacopter.obj
 0001:0000a210       sf_opaque_init_subchart_simstructs 000000018000b210 f   c2_hexacopter.obj
 0001:0000a230       initSimStructsc2_hexacopter 000000018000b230 f   c2_hexacopter.obj
 0001:0000a240       mdlRTW_c2_hexacopter       000000018000b240 f   c2_hexacopter.obj
 0001:0000a2f0       c4_info_helper             000000018000b2f0 f   c4_hexacopter.obj
 0001:0000dd60       c4_emlrt_marshallOut       000000018000ed60 f   c4_hexacopter.obj
 0001:0000ddf0       c4_b_emlrt_marshallOut     000000018000edf0 f   c4_hexacopter.obj
 0001:0000e840       get_sim_state_c4_hexacopter 000000018000f840 f   c4_hexacopter.obj
 0001:0000ee50       sf_get_sim_state_info_c4_hexacopter 000000018000fe50 f   c4_hexacopter.obj
 0001:0000f020       set_sim_state_c4_hexacopter 0000000180010020 f   c4_hexacopter.obj
 0001:0000f270       c4_update_debugger_state_c4_hexacopter 0000000180010270 f   c4_hexacopter.obj
 0001:0000f280       c4_emlrt_marshallIn        0000000180010280 f   c4_hexacopter.obj
 0001:0000f2f0       c4_b_emlrt_marshallIn      00000001800102f0 f   c4_hexacopter.obj
 0001:0000f3b0       c4_c_emlrt_marshallIn      00000001800103b0 f   c4_hexacopter.obj
 0001:0000f420       c4_d_emlrt_marshallIn      0000000180010420 f   c4_hexacopter.obj
 0001:0000f4e0       c4_e_emlrt_marshallIn      00000001800104e0 f   c4_hexacopter.obj
 0001:0000f550       c4_f_emlrt_marshallIn      0000000180010550 f   c4_hexacopter.obj
 0001:0000f610       c4_g_emlrt_marshallIn      0000000180010610 f   c4_hexacopter.obj
 0001:0000f680       c4_h_emlrt_marshallIn      0000000180010680 f   c4_hexacopter.obj
 0001:0000f710       c4_i_emlrt_marshallIn      0000000180010710 f   c4_hexacopter.obj
 0001:0000f780       c4_j_emlrt_marshallIn      0000000180010780 f   c4_hexacopter.obj
 0001:0000f870       c4_l_emlrt_marshallIn      0000000180010870 f   c4_hexacopter.obj
 0001:0000f8d0       c4_m_emlrt_marshallIn      00000001800108d0 f   c4_hexacopter.obj
 0001:0000f9d0       mdlProcessParameters_c4_hexacopter 00000001800109d0 f   c4_hexacopter.obj
 0001:0000fab0       initialize_params_c4_hexacopter 0000000180010ab0 f   c4_hexacopter.obj
 0001:0000fac0       mdlSetWorkWidths_c4_hexacopter 0000000180010ac0 f   c4_hexacopter.obj
 0001:0000fff0       sf_get_instance_specialization 0000000180010ff0 f   c4_hexacopter.obj
 0001:00010000       mdlStart_c4_hexacopter     0000000180011000 f   c4_hexacopter.obj
 0001:00010230       init_dsm_address_info      0000000180011230 f   c4_hexacopter.obj
 0001:00010240       chart_debug_initialization 0000000180011240 f   c4_hexacopter.obj
 0001:00010fc0       init_script_number_translation 0000000180011fc0 f   c4_hexacopter.obj
 0001:00010fe0       c4_d_sf_marshallOut        0000000180011fe0 f   c4_hexacopter.obj
 0001:00011090       c4_d_sf_marshallIn         0000000180012090 f   c4_hexacopter.obj
 0001:00011130       c4_e_sf_marshallOut        0000000180012130 f   c4_hexacopter.obj
 0001:000112b0       c4_e_sf_marshallIn         00000001800122b0 f   c4_hexacopter.obj
 0001:000113b0       sf_opaque_initialize_c4_hexacopter 00000001800123b0 f   c4_hexacopter.obj
 0001:000113f0       initialize_c4_hexacopter   00000001800123f0 f   c4_hexacopter.obj
 0001:00011460       sf_opaque_enable_c4_hexacopter 0000000180012460 f   c4_hexacopter.obj
 0001:00011480       enable_c4_hexacopter       0000000180012480 f   c4_hexacopter.obj
 0001:000114b0       sf_opaque_disable_c4_hexacopter 00000001800124b0 f   c4_hexacopter.obj
 0001:000114d0       disable_c4_hexacopter      00000001800124d0 f   c4_hexacopter.obj
 0001:00011500       sf_opaque_gateway_c4_hexacopter 0000000180012500 f   c4_hexacopter.obj
 0001:00011520       sf_gateway_c4_hexacopter   0000000180012520 f   c4_hexacopter.obj
 0001:00011870       c4_chartstep_c4_hexacopter 0000000180012870 f   c4_hexacopter.obj
 0001:00013080       c4_sf_marshallOut          0000000180014080 f   c4_hexacopter.obj
 0001:000131a0       c4_sf_marshallIn           00000001800141a0 f   c4_hexacopter.obj
 0001:00013240       c4_b_sf_marshallOut        0000000180014240 f   c4_hexacopter.obj
 0001:00013360       c4_b_sf_marshallIn         0000000180014360 f   c4_hexacopter.obj
 0001:00013400       c4_c_sf_marshallOut        0000000180014400 f   c4_hexacopter.obj
 0001:00013520       c4_c_sf_marshallIn         0000000180014520 f   c4_hexacopter.obj
 0001:000135c0       c4_atan2                   00000001800145c0 f   c4_hexacopter.obj
 0001:00013610       c4_eml_error               0000000180014610 f   c4_hexacopter.obj
 0001:00013810       sf_opaque_get_sim_state_c4_hexacopter 0000000180014810 f   c4_hexacopter.obj
 0001:00013830       sf_opaque_set_sim_state_c4_hexacopter 0000000180014830 f   c4_hexacopter.obj
 0001:00013860       sf_opaque_terminate_c4_hexacopter 0000000180014860 f   c4_hexacopter.obj
 0001:00013900       finalize_c4_hexacopter     0000000180014900 f   c4_hexacopter.obj
 0001:00013910       sf_opaque_init_subchart_simstructs 0000000180014910 f   c4_hexacopter.obj
 0001:00013930       initSimStructsc4_hexacopter 0000000180014930 f   c4_hexacopter.obj
 0001:00013940       mdlRTW_c4_hexacopter       0000000180014940 f   c4_hexacopter.obj
 0001:000139f0       c5_info_helper             00000001800149f0 f   c5_hexacopter.obj
 0001:00018800       c5_emlrt_marshallOut       0000000180019800 f   c5_hexacopter.obj
 0001:00018890       c5_b_emlrt_marshallOut     0000000180019890 f   c5_hexacopter.obj
 0001:000191a0       get_sim_state_c5_hexacopter 000000018001a1a0 f   c5_hexacopter.obj
 0001:000194d0       sf_get_sim_state_info_c5_hexacopter 000000018001a4d0 f   c5_hexacopter.obj
 0001:000196a0       set_sim_state_c5_hexacopter 000000018001a6a0 f   c5_hexacopter.obj
 0001:00019810       c5_update_debugger_state_c5_hexacopter 000000018001a810 f   c5_hexacopter.obj
 0001:00019820       c5_emlrt_marshallIn        000000018001a820 f   c5_hexacopter.obj
 0001:00019890       c5_b_emlrt_marshallIn      000000018001a890 f   c5_hexacopter.obj
 0001:00019920       c5_d_emlrt_marshallIn      000000018001a920 f   c5_hexacopter.obj
 0001:00019980       c5_e_emlrt_marshallIn      000000018001a980 f   c5_hexacopter.obj
 0001:00019a80       mdlProcessParameters_c5_hexacopter 000000018001aa80 f   c5_hexacopter.obj
 0001:00019b60       initialize_params_c5_hexacopter 000000018001ab60 f   c5_hexacopter.obj
 0001:00019b70       mdlSetWorkWidths_c5_hexacopter 000000018001ab70 f   c5_hexacopter.obj
 0001:0001a040       sf_get_instance_specialization 000000018001b040 f   c5_hexacopter.obj
 0001:0001a050       mdlStart_c5_hexacopter     000000018001b050 f   c5_hexacopter.obj
 0001:0001a280       init_dsm_address_info      000000018001b280 f   c5_hexacopter.obj
 0001:0001a290       chart_debug_initialization 000000018001b290 f   c5_hexacopter.obj
 0001:0001acb0       init_script_number_translation 000000018001bcb0 f   c5_hexacopter.obj
 0001:0001acd0       c5_sf_marshallOut          000000018001bcd0 f   c5_hexacopter.obj
 0001:0001ad80       c5_sf_marshallIn           000000018001bd80 f   c5_hexacopter.obj
 0001:0001ae20       c5_b_sf_marshallOut        000000018001be20 f   c5_hexacopter.obj
 0001:0001af70       sf_opaque_initialize_c5_hexacopter 000000018001bf70 f   c5_hexacopter.obj
 0001:0001afb0       initialize_c5_hexacopter   000000018001bfb0 f   c5_hexacopter.obj
 0001:0001b000       sf_opaque_enable_c5_hexacopter 000000018001c000 f   c5_hexacopter.obj
 0001:0001b020       enable_c5_hexacopter       000000018001c020 f   c5_hexacopter.obj
 0001:0001b050       sf_opaque_disable_c5_hexacopter 000000018001c050 f   c5_hexacopter.obj
 0001:0001b070       disable_c5_hexacopter      000000018001c070 f   c5_hexacopter.obj
 0001:0001b0a0       sf_opaque_gateway_c5_hexacopter 000000018001c0a0 f   c5_hexacopter.obj
 0001:0001b0c0       sf_gateway_c5_hexacopter   000000018001c0c0 f   c5_hexacopter.obj
 0001:0001b3b0       c5_chartstep_c5_hexacopter 000000018001c3b0 f   c5_hexacopter.obj
 0001:0001bf20       c5_eml_scalar_eg           000000018001cf20 f   c5_hexacopter.obj
 0001:0001bf30       c5_eml_error               000000018001cf30 f   c5_hexacopter.obj
 0001:0001c140       sf_opaque_get_sim_state_c5_hexacopter 000000018001d140 f   c5_hexacopter.obj
 0001:0001c160       sf_opaque_set_sim_state_c5_hexacopter 000000018001d160 f   c5_hexacopter.obj
 0001:0001c190       sf_opaque_terminate_c5_hexacopter 000000018001d190 f   c5_hexacopter.obj
 0001:0001c230       finalize_c5_hexacopter     000000018001d230 f   c5_hexacopter.obj
 0001:0001c240       sf_opaque_init_subchart_simstructs 000000018001d240 f   c5_hexacopter.obj
 0001:0001c260       initSimStructsc5_hexacopter 000000018001d260 f   c5_hexacopter.obj
 0001:0001c270       mdlRTW_c5_hexacopter       000000018001d270 f   c5_hexacopter.obj
 0001:0001c320       c6_info_helper             000000018001d320 f   c6_hexacopter.obj
 0001:0001c7b0       c6_emlrt_marshallOut       000000018001d7b0 f   c6_hexacopter.obj
 0001:0001c840       c6_b_emlrt_marshallOut     000000018001d840 f   c6_hexacopter.obj
 0001:0001d3e0       get_sim_state_c6_hexacopter 000000018001e3e0 f   c6_hexacopter.obj
 0001:0001df00       sf_get_sim_state_info_c6_hexacopter 000000018001ef00 f   c6_hexacopter.obj
 0001:0001e0d0       set_sim_state_c6_hexacopter 000000018001f0d0 f   c6_hexacopter.obj
 0001:0001e660       c6_update_debugger_state_c6_hexacopter 000000018001f660 f   c6_hexacopter.obj
 0001:0001e670       c6_emlrt_marshallIn        000000018001f670 f   c6_hexacopter.obj
 0001:0001e6e0       c6_b_emlrt_marshallIn      000000018001f6e0 f   c6_hexacopter.obj
 0001:0001e820       c6_c_emlrt_marshallIn      000000018001f820 f   c6_hexacopter.obj
 0001:0001e890       c6_d_emlrt_marshallIn      000000018001f890 f   c6_hexacopter.obj
 0001:0001e9c0       c6_e_emlrt_marshallIn      000000018001f9c0 f   c6_hexacopter.obj
 0001:0001ea30       c6_f_emlrt_marshallIn      000000018001fa30 f   c6_hexacopter.obj
 0001:0001eb60       c6_g_emlrt_marshallIn      000000018001fb60 f   c6_hexacopter.obj
 0001:0001ebd0       c6_h_emlrt_marshallIn      000000018001fbd0 f   c6_hexacopter.obj
 0001:0001ed10       c6_i_emlrt_marshallIn      000000018001fd10 f   c6_hexacopter.obj
 0001:0001ed80       c6_j_emlrt_marshallIn      000000018001fd80 f   c6_hexacopter.obj
 0001:0001ee40       c6_k_emlrt_marshallIn      000000018001fe40 f   c6_hexacopter.obj
 0001:0001eeb0       c6_l_emlrt_marshallIn      000000018001feb0 f   c6_hexacopter.obj
 0001:0001efa0       c6_m_emlrt_marshallIn      000000018001ffa0 f   c6_hexacopter.obj
 0001:0001f010       c6_n_emlrt_marshallIn      0000000180020010 f   c6_hexacopter.obj
 0001:0001f110       c6_s_emlrt_marshallIn      0000000180020110 f   c6_hexacopter.obj
 0001:0001f170       c6_t_emlrt_marshallIn      0000000180020170 f   c6_hexacopter.obj
 0001:0001f270       mdlProcessParameters_c6_hexacopter 0000000180020270 f   c6_hexacopter.obj
 0001:0001f350       initialize_params_c6_hexacopter 0000000180020350 f   c6_hexacopter.obj
 0001:0001f360       mdlSetWorkWidths_c6_hexacopter 0000000180020360 f   c6_hexacopter.obj
 0001:0001f860       sf_get_instance_specialization 0000000180020860 f   c6_hexacopter.obj
 0001:0001f870       mdlStart_c6_hexacopter     0000000180020870 f   c6_hexacopter.obj
 0001:0001faa0       init_dsm_address_info      0000000180020aa0 f   c6_hexacopter.obj
 0001:0001fab0       chart_debug_initialization 0000000180020ab0 f   c6_hexacopter.obj
 0001:00020a60       init_script_number_translation 0000000180021a60 f   c6_hexacopter.obj
 0001:00020a80       c6_f_sf_marshallOut        0000000180021a80 f   c6_hexacopter.obj
 0001:00020be0       c6_f_sf_marshallIn         0000000180021be0 f   c6_hexacopter.obj
 0001:00020ce0       c6_g_sf_marshallOut        0000000180021ce0 f   c6_hexacopter.obj
 0001:00020e40       c6_g_sf_marshallIn         0000000180021e40 f   c6_hexacopter.obj
 0001:00020f40       sf_opaque_initialize_c6_hexacopter 0000000180021f40 f   c6_hexacopter.obj
 0001:00020f80       initialize_c6_hexacopter   0000000180021f80 f   c6_hexacopter.obj
 0001:00021000       sf_opaque_enable_c6_hexacopter 0000000180022000 f   c6_hexacopter.obj
 0001:00021020       enable_c6_hexacopter       0000000180022020 f   c6_hexacopter.obj
 0001:00021050       sf_opaque_disable_c6_hexacopter 0000000180022050 f   c6_hexacopter.obj
 0001:00021070       disable_c6_hexacopter      0000000180022070 f   c6_hexacopter.obj
 0001:000210a0       sf_opaque_gateway_c6_hexacopter 00000001800220a0 f   c6_hexacopter.obj
 0001:000210c0       sf_gateway_c6_hexacopter   00000001800220c0 f   c6_hexacopter.obj
 0001:00023d50       c6_sf_marshallOut          0000000180024d50 f   c6_hexacopter.obj
 0001:00023f30       c6_sf_marshallIn           0000000180024f30 f   c6_hexacopter.obj
 0001:00024030       c6_b_sf_marshallOut        0000000180025030 f   c6_hexacopter.obj
 0001:00024210       c6_b_sf_marshallIn         0000000180025210 f   c6_hexacopter.obj
 0001:00024310       c6_c_sf_marshallOut        0000000180025310 f   c6_hexacopter.obj
 0001:000245b0       c6_c_sf_marshallIn         00000001800255b0 f   c6_hexacopter.obj
 0001:00024700       c6_d_sf_marshallOut        0000000180025700 f   c6_hexacopter.obj
 0001:00024990       c6_d_sf_marshallIn         0000000180025990 f   c6_hexacopter.obj
 0001:00024af0       c6_e_sf_marshallOut        0000000180025af0 f   c6_hexacopter.obj
 0001:00024c10       c6_e_sf_marshallIn         0000000180025c10 f   c6_hexacopter.obj
 0001:00024cb0       c6_h_sf_marshallOut        0000000180025cb0 f   c6_hexacopter.obj
 0001:00024d60       c6_h_sf_marshallIn         0000000180025d60 f   c6_hexacopter.obj
 0001:00024e00       c6_o_emlrt_marshallIn      0000000180025e00 f   c6_hexacopter.obj
 0001:00024e90       c6_i_sf_marshallOut        0000000180025e90 f   c6_hexacopter.obj
 0001:00024f30       c6_j_sf_marshallOut        0000000180025f30 f   c6_hexacopter.obj
 0001:00025090       c6_i_sf_marshallIn         0000000180026090 f   c6_hexacopter.obj
 0001:000251a0       c6_p_emlrt_marshallIn      00000001800261a0 f   c6_hexacopter.obj
 0001:00025210       c6_q_emlrt_marshallIn      0000000180026210 f   c6_hexacopter.obj
 0001:00025300       sf_opaque_get_sim_state_c6_hexacopter 0000000180026300 f   c6_hexacopter.obj
 0001:00025320       sf_opaque_set_sim_state_c6_hexacopter 0000000180026320 f   c6_hexacopter.obj
 0001:00025350       sf_opaque_terminate_c6_hexacopter 0000000180026350 f   c6_hexacopter.obj
 0001:000253f0       finalize_c6_hexacopter     00000001800263f0 f   c6_hexacopter.obj
 0001:00025400       sf_opaque_init_subchart_simstructs 0000000180026400 f   c6_hexacopter.obj
 0001:00025420       initSimStructsc6_hexacopter 0000000180026420 f   c6_hexacopter.obj
 0001:00025430       mdlRTW_c6_hexacopter       0000000180026430 f   c6_hexacopter.obj
 0001:000254e0       c7_info_helper             00000001800264e0 f   c7_hexacopter.obj
 0001:0002cc90       c7_emlrt_marshallOut       000000018002dc90 f   c7_hexacopter.obj
 0001:0002cd20       c7_b_emlrt_marshallOut     000000018002dd20 f   c7_hexacopter.obj
 0001:0002d630       get_sim_state_c7_hexacopter 000000018002e630 f   c7_hexacopter.obj
 0001:0002dcf0       sf_get_sim_state_info_c7_hexacopter 000000018002ecf0 f   c7_hexacopter.obj
 0001:0002dec0       set_sim_state_c7_hexacopter 000000018002eec0 f   c7_hexacopter.obj
 0001:0002e240       c7_update_debugger_state_c7_hexacopter 000000018002f240 f   c7_hexacopter.obj
 0001:0002e250       c7_emlrt_marshallIn        000000018002f250 f   c7_hexacopter.obj
 0001:0002e2c0       c7_b_emlrt_marshallIn      000000018002f2c0 f   c7_hexacopter.obj
 0001:0002e400       c7_c_emlrt_marshallIn      000000018002f400 f   c7_hexacopter.obj
 0001:0002e470       c7_d_emlrt_marshallIn      000000018002f470 f   c7_hexacopter.obj
 0001:0002e590       c7_e_emlrt_marshallIn      000000018002f590 f   c7_hexacopter.obj
 0001:0002e600       c7_f_emlrt_marshallIn      000000018002f600 f   c7_hexacopter.obj
 0001:0002e730       c7_g_emlrt_marshallIn      000000018002f730 f   c7_hexacopter.obj
 0001:0002e7a0       c7_h_emlrt_marshallIn      000000018002f7a0 f   c7_hexacopter.obj
 0001:0002e8a0       c7_i_emlrt_marshallIn      000000018002f8a0 f   c7_hexacopter.obj
 0001:0002e910       c7_j_emlrt_marshallIn      000000018002f910 f   c7_hexacopter.obj
 0001:0002ea00       c7_n_emlrt_marshallIn      000000018002fa00 f   c7_hexacopter.obj
 0001:0002ea60       c7_o_emlrt_marshallIn      000000018002fa60 f   c7_hexacopter.obj
 0001:0002eb60       mdlProcessParameters_c7_hexacopter 000000018002fb60 f   c7_hexacopter.obj
 0001:0002ec40       initialize_params_c7_hexacopter 000000018002fc40 f   c7_hexacopter.obj
 0001:0002ec50       mdlSetWorkWidths_c7_hexacopter 000000018002fc50 f   c7_hexacopter.obj
 0001:0002f150       sf_get_instance_specialization 0000000180030150 f   c7_hexacopter.obj
 0001:0002f160       mdlStart_c7_hexacopter     0000000180030160 f   c7_hexacopter.obj
 0001:0002f390       init_dsm_address_info      0000000180030390 f   c7_hexacopter.obj
 0001:0002f3a0       chart_debug_initialization 00000001800303a0 f   c7_hexacopter.obj
 0001:0002fff0       init_script_number_translation 0000000180030ff0 f   c7_hexacopter.obj
 0001:00030010       c7_d_sf_marshallOut        0000000180031010 f   c7_hexacopter.obj
 0001:00030260       c7_d_sf_marshallIn         0000000180031260 f   c7_hexacopter.obj
 0001:000303f0       c7_e_sf_marshallOut        00000001800313f0 f   c7_hexacopter.obj
 0001:00030540       c7_e_sf_marshallIn         0000000180031540 f   c7_hexacopter.obj
 0001:00030640       c7_f_sf_marshallOut        0000000180031640 f   c7_hexacopter.obj
 0001:000306f0       c7_g_sf_marshallOut        00000001800316f0 f   c7_hexacopter.obj
 0001:00030860       sf_opaque_initialize_c7_hexacopter 0000000180031860 f   c7_hexacopter.obj
 0001:000308a0       initialize_c7_hexacopter   00000001800318a0 f   c7_hexacopter.obj
 0001:00030910       sf_opaque_enable_c7_hexacopter 0000000180031910 f   c7_hexacopter.obj
 0001:00030930       enable_c7_hexacopter       0000000180031930 f   c7_hexacopter.obj
 0001:00030960       sf_opaque_disable_c7_hexacopter 0000000180031960 f   c7_hexacopter.obj
 0001:00030980       disable_c7_hexacopter      0000000180031980 f   c7_hexacopter.obj
 0001:000309b0       sf_opaque_gateway_c7_hexacopter 00000001800319b0 f   c7_hexacopter.obj
 0001:000309d0       sf_gateway_c7_hexacopter   00000001800319d0 f   c7_hexacopter.obj
 0001:00030d30       c7_chartstep_c7_hexacopter 0000000180031d30 f   c7_hexacopter.obj
 0001:00032cd0       c7_sf_marshallOut          0000000180033cd0 f   c7_hexacopter.obj
 0001:00032f80       c7_sf_marshallIn           0000000180033f80 f   c7_hexacopter.obj
 0001:00033110       c7_b_sf_marshallOut        0000000180034110 f   c7_hexacopter.obj
 0001:000332e0       c7_b_sf_marshallIn         00000001800342e0 f   c7_hexacopter.obj
 0001:000333e0       c7_c_sf_marshallOut        00000001800343e0 f   c7_hexacopter.obj
 0001:00033680       c7_c_sf_marshallIn         0000000180034680 f   c7_hexacopter.obj
 0001:00033810       c7_h_sf_marshallOut        0000000180034810 f   c7_hexacopter.obj
 0001:000338c0       c7_f_sf_marshallIn         00000001800348c0 f   c7_hexacopter.obj
 0001:00033960       c7_k_emlrt_marshallIn      0000000180034960 f   c7_hexacopter.obj
 0001:000339f0       c7_i_sf_marshallOut        00000001800349f0 f   c7_hexacopter.obj
 0001:00033c40       c7_g_sf_marshallIn         0000000180034c40 f   c7_hexacopter.obj
 0001:00033dd0       c7_l_emlrt_marshallIn      0000000180034dd0 f   c7_hexacopter.obj
 0001:00033ed0       c7_scalarEg                0000000180034ed0 f   c7_hexacopter.obj
 0001:00033ee0       c7_eml_xdotu               0000000180034ee0 f   c7_hexacopter.obj
 0001:000340f0       sf_opaque_get_sim_state_c7_hexacopter 00000001800350f0 f   c7_hexacopter.obj
 0001:00034110       sf_opaque_set_sim_state_c7_hexacopter 0000000180035110 f   c7_hexacopter.obj
 0001:00034140       sf_opaque_terminate_c7_hexacopter 0000000180035140 f   c7_hexacopter.obj
 0001:000341e0       finalize_c7_hexacopter     00000001800351e0 f   c7_hexacopter.obj
 0001:000341f0       sf_opaque_init_subchart_simstructs 00000001800351f0 f   c7_hexacopter.obj
 0001:00034210       initSimStructsc7_hexacopter 0000000180035210 f   c7_hexacopter.obj
 0001:00034220       mdlRTW_c7_hexacopter       0000000180035220 f   c7_hexacopter.obj
 0001:000342e0       c8_info_helper             00000001800352e0 f   c8_hexacopter.obj
 0001:0003df50       c8_emlrt_marshallOut       000000018003ef50 f   c8_hexacopter.obj
 0001:0003dfe0       c8_b_emlrt_marshallOut     000000018003efe0 f   c8_hexacopter.obj
 0001:0003e050       c8_b_info_helper           000000018003f050 f   c8_hexacopter.obj
 0001:0003ec80       get_sim_state_c8_hexacopter 000000018003fc80 f   c8_hexacopter.obj
 0001:0003eea0       sf_get_sim_state_info_c8_hexacopter 000000018003fea0 f   c8_hexacopter.obj
 0001:0003f070       set_sim_state_c8_hexacopter 0000000180040070 f   c8_hexacopter.obj
 0001:0003f1b0       c8_update_debugger_state_c8_hexacopter 00000001800401b0 f   c8_hexacopter.obj
 0001:0003f1c0       c8_emlrt_marshallIn        00000001800401c0 f   c8_hexacopter.obj
 0001:0003f230       c8_b_emlrt_marshallIn      0000000180040230 f   c8_hexacopter.obj
 0001:0003f320       c8_g_emlrt_marshallIn      0000000180040320 f   c8_hexacopter.obj
 0001:0003f380       c8_h_emlrt_marshallIn      0000000180040380 f   c8_hexacopter.obj
 0001:0003f480       mdlProcessParameters_c8_hexacopter 0000000180040480 f   c8_hexacopter.obj
 0001:0003f560       initialize_params_c8_hexacopter 0000000180040560 f   c8_hexacopter.obj
 0001:0003f570       mdlSetWorkWidths_c8_hexacopter 0000000180040570 f   c8_hexacopter.obj
 0001:0003fad0       sf_get_instance_specialization 0000000180040ad0 f   c8_hexacopter.obj
 0001:0003fae0       mdlStart_c8_hexacopter     0000000180040ae0 f   c8_hexacopter.obj
 0001:0003fd10       init_dsm_address_info      0000000180040d10 f   c8_hexacopter.obj
 0001:0003fd20       chart_debug_initialization 0000000180040d20 f   c8_hexacopter.obj
 0001:00040ad0       init_script_number_translation 0000000180041ad0 f   c8_hexacopter.obj
 0001:00040af0       c8_sf_marshallOut          0000000180041af0 f   c8_hexacopter.obj
 0001:00040c70       c8_sf_marshallIn           0000000180041c70 f   c8_hexacopter.obj
 0001:00040d80       c8_b_sf_marshallOut        0000000180041d80 f   c8_hexacopter.obj
 0001:00040ea0       c8_c_sf_marshallOut        0000000180041ea0 f   c8_hexacopter.obj
 0001:000410f0       c8_d_sf_marshallOut        00000001800420f0 f   c8_hexacopter.obj
 0001:00041250       c8_e_sf_marshallOut        0000000180042250 f   c8_hexacopter.obj
 0001:000414b0       sf_opaque_initialize_c8_hexacopter 00000001800424b0 f   c8_hexacopter.obj
 0001:000414f0       initialize_c8_hexacopter   00000001800424f0 f   c8_hexacopter.obj
 0001:00041540       sf_opaque_enable_c8_hexacopter 0000000180042540 f   c8_hexacopter.obj
 0001:00041560       enable_c8_hexacopter       0000000180042560 f   c8_hexacopter.obj
 0001:00041590       sf_opaque_disable_c8_hexacopter 0000000180042590 f   c8_hexacopter.obj
 0001:000415b0       disable_c8_hexacopter      00000001800425b0 f   c8_hexacopter.obj
 0001:000415e0       sf_opaque_gateway_c8_hexacopter 00000001800425e0 f   c8_hexacopter.obj
 0001:00041600       sf_gateway_c8_hexacopter   0000000180042600 f   c8_hexacopter.obj
 0001:00041a10       c8_chartstep_c8_hexacopter 0000000180042a10 f   c8_hexacopter.obj
 0001:000449f0       c8_f_sf_marshallOut        00000001800459f0 f   c8_hexacopter.obj
 0001:00044aa0       c8_b_sf_marshallIn         0000000180045aa0 f   c8_hexacopter.obj
 0001:00044b40       c8_c_emlrt_marshallIn      0000000180045b40 f   c8_hexacopter.obj
 0001:00044bd0       c8_g_sf_marshallOut        0000000180045bd0 f   c8_hexacopter.obj
 0001:00044e30       c8_c_sf_marshallIn         0000000180045e30 f   c8_hexacopter.obj
 0001:00044fc0       c8_d_emlrt_marshallIn      0000000180045fc0 f   c8_hexacopter.obj
 0001:000450d0       c8_d_sf_marshallIn         00000001800460d0 f   c8_hexacopter.obj
 0001:00045250       c8_e_emlrt_marshallIn      0000000180046250 f   c8_hexacopter.obj
 0001:00045350       c8_eml_scalar_eg           0000000180046350 f   c8_hexacopter.obj
 0001:00045360       c8_scalarEg                0000000180046360 f   c8_hexacopter.obj
 0001:00045370       c8_eml_xdotu               0000000180046370 f   c8_hexacopter.obj
 0001:00045580       c8_mpower                  0000000180046580 f   c8_hexacopter.obj
 0001:000455f0       c8_b_eml_scalar_eg         00000001800465f0 f   c8_hexacopter.obj
 0001:00045600       c8_check_forloop_overflow_error 0000000180046600 f   c8_hexacopter.obj
 0001:00045830       c8_b_eml_xgemm             0000000180046830 f   c8_hexacopter.obj
 0001:00045910       sf_opaque_get_sim_state_c8_hexacopter 0000000180046910 f   c8_hexacopter.obj
 0001:00045930       sf_opaque_set_sim_state_c8_hexacopter 0000000180046930 f   c8_hexacopter.obj
 0001:00045960       sf_opaque_terminate_c8_hexacopter 0000000180046960 f   c8_hexacopter.obj
 0001:00045a00       finalize_c8_hexacopter     0000000180046a00 f   c8_hexacopter.obj
 0001:00045a10       sf_opaque_init_subchart_simstructs 0000000180046a10 f   c8_hexacopter.obj
 0001:00045a30       initSimStructsc8_hexacopter 0000000180046a30 f   c8_hexacopter.obj
 0001:00045a40       mdlRTW_c8_hexacopter       0000000180046a40 f   c8_hexacopter.obj
 0001:00045af0       c9_info_helper             0000000180046af0 f   c9_hexacopter.obj
 0001:00049560       c9_emlrt_marshallOut       000000018004a560 f   c9_hexacopter.obj
 0001:000495f0       c9_b_emlrt_marshallOut     000000018004a5f0 f   c9_hexacopter.obj
 0001:00049db0       get_sim_state_c9_hexacopter 000000018004adb0 f   c9_hexacopter.obj
 0001:00049fb0       sf_get_sim_state_info_c9_hexacopter 000000018004afb0 f   c9_hexacopter.obj
 0001:0004a180       set_sim_state_c9_hexacopter 000000018004b180 f   c9_hexacopter.obj
 0001:0004a2a0       c9_update_debugger_state_c9_hexacopter 000000018004b2a0 f   c9_hexacopter.obj
 0001:0004a2b0       c9_emlrt_marshallIn        000000018004b2b0 f   c9_hexacopter.obj
 0001:0004a320       c9_b_emlrt_marshallIn      000000018004b320 f   c9_hexacopter.obj
 0001:0004a410       c9_e_emlrt_marshallIn      000000018004b410 f   c9_hexacopter.obj
 0001:0004a470       c9_f_emlrt_marshallIn      000000018004b470 f   c9_hexacopter.obj
 0001:0004a570       mdlProcessParameters_c9_hexacopter 000000018004b570 f   c9_hexacopter.obj
 0001:0004a650       initialize_params_c9_hexacopter 000000018004b650 f   c9_hexacopter.obj
 0001:0004a660       mdlSetWorkWidths_c9_hexacopter 000000018004b660 f   c9_hexacopter.obj
 0001:0004ab60       sf_get_instance_specialization 000000018004bb60 f   c9_hexacopter.obj
 0001:0004ab70       mdlStart_c9_hexacopter     000000018004bb70 f   c9_hexacopter.obj
 0001:0004ada0       init_dsm_address_info      000000018004bda0 f   c9_hexacopter.obj
 0001:0004adb0       chart_debug_initialization 000000018004bdb0 f   c9_hexacopter.obj
 0001:0004b6f0       init_script_number_translation 000000018004c6f0 f   c9_hexacopter.obj
 0001:0004b710       c9_sf_marshallOut          000000018004c710 f   c9_hexacopter.obj
 0001:0004b860       c9_sf_marshallIn           000000018004c860 f   c9_hexacopter.obj
 0001:0004b960       c9_b_sf_marshallOut        000000018004c960 f   c9_hexacopter.obj
 0001:0004bb90       c9_c_sf_marshallOut        000000018004cb90 f   c9_hexacopter.obj
 0001:0004bd10       sf_opaque_initialize_c9_hexacopter 000000018004cd10 f   c9_hexacopter.obj
 0001:0004bd50       initialize_c9_hexacopter   000000018004cd50 f   c9_hexacopter.obj
 0001:0004bda0       sf_opaque_enable_c9_hexacopter 000000018004cda0 f   c9_hexacopter.obj
 0001:0004bdc0       enable_c9_hexacopter       000000018004cdc0 f   c9_hexacopter.obj
 0001:0004bdf0       sf_opaque_disable_c9_hexacopter 000000018004cdf0 f   c9_hexacopter.obj
 0001:0004be10       disable_c9_hexacopter      000000018004ce10 f   c9_hexacopter.obj
 0001:0004be40       sf_opaque_gateway_c9_hexacopter 000000018004ce40 f   c9_hexacopter.obj
 0001:0004be60       sf_gateway_c9_hexacopter   000000018004ce60 f   c9_hexacopter.obj
 0001:0004ce10       c9_d_sf_marshallOut        000000018004de10 f   c9_hexacopter.obj
 0001:0004cec0       c9_b_sf_marshallIn         000000018004dec0 f   c9_hexacopter.obj
 0001:0004cf60       c9_c_emlrt_marshallIn      000000018004df60 f   c9_hexacopter.obj
 0001:0004cff0       c9_eml_scalar_eg           000000018004dff0 f   c9_hexacopter.obj
 0001:0004d000       c9_b_eml_xgemm             000000018004e000 f   c9_hexacopter.obj
 0001:0004d0e0       sf_opaque_get_sim_state_c9_hexacopter 000000018004e0e0 f   c9_hexacopter.obj
 0001:0004d100       sf_opaque_set_sim_state_c9_hexacopter 000000018004e100 f   c9_hexacopter.obj
 0001:0004d130       sf_opaque_terminate_c9_hexacopter 000000018004e130 f   c9_hexacopter.obj
 0001:0004d1d0       finalize_c9_hexacopter     000000018004e1d0 f   c9_hexacopter.obj
 0001:0004d1e0       sf_opaque_init_subchart_simstructs 000000018004e1e0 f   c9_hexacopter.obj
 0001:0004d200       initSimStructsc9_hexacopter 000000018004e200 f   c9_hexacopter.obj
 0001:0004d210       mdlRTW_c9_hexacopter       000000018004e210 f   c9_hexacopter.obj
 0001:0004db80       getChartInfoFromSimStruct  000000018004eb80 f   hexacopter_sfun_registry.obj
 0001:0004f220       _ssFatalError              0000000180050220 f   hexacopter_sfun_registry.obj
 0001:000522d0       ProcessMexSfunctionCmdLineCall 00000001800532d0 f   hexacopter_sfun_registry.obj
 0001:00052400       sf_debug_api_wrapper       0000000180053400 f   hexacopter_sfun_registry.obj
 0001:00052450       mdlStart                   0000000180053450 f   hexacopter_sfun_registry.obj
 0001:00052480       mdl_start_processing       0000000180053480 f   hexacopter_sfun_registry.obj
 0001:00052510       mdlTerminate               0000000180053510 f   hexacopter_sfun_registry.obj
 0001:00052540       mdl_terminate_processing   0000000180053540 f   hexacopter_sfun_registry.obj
 0001:000525c0       mdlInitializeSampleTimes   00000001800535c0 f   hexacopter_sfun_registry.obj
 0001:000525f0       mdlZeroCrossings           00000001800535f0 f   hexacopter_sfun_registry.obj
 0001:00052620       mdl_zeroCrossings_processing 0000000180053620 f   hexacopter_sfun_registry.obj
 0001:00052660       mdlDerivatives             0000000180053660 f   hexacopter_sfun_registry.obj
 0001:00052690       mdl_derivatives_processing 0000000180053690 f   hexacopter_sfun_registry.obj
 0001:000526e0       mdlInitializeConditions    00000001800536e0 f   hexacopter_sfun_registry.obj
 0001:00052710       mdl_initialize_conditions_processing 0000000180053710 f   hexacopter_sfun_registry.obj
 0001:00052760       mdlEnable                  0000000180053760 f   hexacopter_sfun_registry.obj
 0001:00052790       mdl_enable_processing      0000000180053790 f   hexacopter_sfun_registry.obj
 0001:000527d0       mdlDisable                 00000001800537d0 f   hexacopter_sfun_registry.obj
 0001:00052800       mdl_disable_processing     0000000180053800 f   hexacopter_sfun_registry.obj
 0001:00052840       mdlOutputs                 0000000180053840 f   hexacopter_sfun_registry.obj
 0001:00052870       mdl_outputs_processing     0000000180053870 f   hexacopter_sfun_registry.obj
 0001:00052950       mdl_outputs_continuous_legacy 0000000180053950 f   hexacopter_sfun_registry.obj
 0001:00052a40       mdlGetTimeOfNextVarHit     0000000180053a40 f   hexacopter_sfun_registry.obj
 0001:00052a90       _ProcessMexSfunctionCmdLineCall 0000000180053a90 f   hexacopter_sfun_registry.obj
 0001:000531e0       mdlSetWorkWidths           00000001800541e0 f   hexacopter_sfun_registry.obj
 0001:00053210       mdlProcessParameters       0000000180054210 f   hexacopter_sfun_registry.obj
 0001:00053240       mdlInitializeSizes         0000000180054240 f   hexacopter_sfun_registry.obj
 0001:00053270       mdlExtModeExec             0000000180054270 f   hexacopter_sfun_registry.obj
 0001:000532a0       mdl_ext_mode_exec_processing 00000001800542a0 f   hexacopter_sfun_registry.obj
 0001:000532e0       mdlRTW                     00000001800542e0 f   hexacopter_sfun_registry.obj
 0001:00053320       _CreateSimStruct           0000000180054320 f   hexacopter_sfun_registry.obj
 0001:000534b0       _RegNumInputPortsCB        00000001800544b0 f   hexacopter_sfun_registry.obj
 0001:00053530       _RegNumOutputPortsCB       0000000180054530 f   hexacopter_sfun_registry.obj
 0001:00053ae8       pre_c_init                 0000000180054ae8 f   MSVCRT:crtdll.obj
 0001:00053da4       __DllMainCRTStartup        0000000180054da4 f   MSVCRT:crtdll.obj
 0001:00054410       __DllMainCRTStartup$filt$0 0000000180055410 f   MSVCRT:crtdll.obj
 0001:00054440       __DllMainCRTStartup$fin$1  0000000180055440 f   MSVCRT:crtdll.obj
 0001:0005445a       _onexit$fin$0              000000018005545a f   MSVCRT:atonexit.obj
 0001:00054480       _IsNonwritableInCurrentImage$filt$0 0000000180055480 f   MSVCRT:pesect.obj
